Component: ARM Compiler 5.06 update 6 (build 750) Tool: armlink [4d35ed]

==============================================================================

Section Cross References

    startup_stm32f103xb.o(STACK) refers (Special) to heapauxi.o(.text) for __use_two_region_memory
    startup_stm32f103xb.o(HEAP) refers (Special) to heapauxi.o(.text) for __use_two_region_memory
    startup_stm32f103xb.o(RESET) refers (Special) to heapauxi.o(.text) for __use_two_region_memory
    startup_stm32f103xb.o(RESET) refers to startup_stm32f103xb.o(STACK) for __initial_sp
    startup_stm32f103xb.o(RESET) refers to startup_stm32f103xb.o(.text) for Reset_Handler
    startup_stm32f103xb.o(RESET) refers to stm32f1xx_it.o(i.NMI_Handler) for NMI_Handler
    startup_stm32f103xb.o(RESET) refers to stm32f1xx_it.o(i.HardFault_Handler) for HardFault_Handler
    startup_stm32f103xb.o(RESET) refers to stm32f1xx_it.o(i.MemManage_Handler) for MemManage_Handler
    startup_stm32f103xb.o(RESET) refers to stm32f1xx_it.o(i.BusFault_Handler) for BusFault_Handler
    startup_stm32f103xb.o(RESET) refers to stm32f1xx_it.o(i.UsageFault_Handler) for UsageFault_Handler
    startup_stm32f103xb.o(RESET) refers to port.o(.emb_text) for SVC_Handler
    startup_stm32f103xb.o(RESET) refers to stm32f1xx_it.o(i.DebugMon_Handler) for DebugMon_Handler
    startup_stm32f103xb.o(RESET) refers to stm32f1xx_it.o(i.SysTick_Handler) for SysTick_Handler
    startup_stm32f103xb.o(RESET) refers to stm32f1xx_it.o(i.DMA1_Channel1_IRQHandler) for DMA1_Channel1_IRQHandler
    startup_stm32f103xb.o(.text) refers (Special) to heapauxi.o(.text) for __use_two_region_memory
    startup_stm32f103xb.o(.text) refers to system_stm32f1xx.o(i.SystemInit) for SystemInit
    startup_stm32f103xb.o(.text) refers to __main.o(!!!main) for __main
    startup_stm32f103xb.o(.text) refers to startup_stm32f103xb.o(HEAP) for Heap_Mem
    startup_stm32f103xb.o(.text) refers to startup_stm32f103xb.o(STACK) for Stack_Mem
    main.o(i.SystemClock_Config) refers to rt_memclr_w.o(.text) for __aeabi_memclr4
    main.o(i.SystemClock_Config) refers to stm32f1xx_hal_rcc.o(i.HAL_RCC_OscConfig) for HAL_RCC_OscConfig
    main.o(i.SystemClock_Config) refers to stm32f1xx_hal_rcc.o(i.HAL_RCC_ClockConfig) for HAL_RCC_ClockConfig
    main.o(i.SystemClock_Config) refers to stm32f1xx_hal_rcc_ex.o(i.HAL_RCCEx_PeriphCLKConfig) for HAL_RCCEx_PeriphCLKConfig
    main.o(i.main) refers to stm32f1xx_hal.o(i.HAL_Init) for HAL_Init
    main.o(i.main) refers to main.o(i.SystemClock_Config) for SystemClock_Config
    main.o(i.main) refers to gpio.o(i.MX_GPIO_Init) for MX_GPIO_Init
    main.o(i.main) refers to dma.o(i.MX_DMA_Init) for MX_DMA_Init
    main.o(i.main) refers to adc.o(i.MX_ADC1_Init) for MX_ADC1_Init
    main.o(i.main) refers to usart.o(i.MX_USART1_UART_Init) for MX_USART1_UART_Init
    main.o(i.main) refers to adc.o(i.ADC_Start) for ADC_Start
    main.o(i.main) refers to cmsis_os2.o(i.osKernelInitialize) for osKernelInitialize
    main.o(i.main) refers to freertos.o(i.MX_FREERTOS_Init) for MX_FREERTOS_Init
    main.o(i.main) refers to cmsis_os2.o(i.osKernelStart) for osKernelStart
    gpio.o(i.MX_GPIO_Init) refers to stm32f1xx_hal_gpio.o(i.HAL_GPIO_WritePin) for HAL_GPIO_WritePin
    gpio.o(i.MX_GPIO_Init) refers to stm32f1xx_hal_gpio.o(i.HAL_GPIO_Init) for HAL_GPIO_Init
    freertos.o(i.ESPTask_function) refers to _printf_pad.o(.text) for _printf_pre_padding
    freertos.o(i.ESPTask_function) refers to _printf_percent.o(.ARM.Collect$$_printf_percent$$00000000) for _printf_percent
    freertos.o(i.ESPTask_function) refers to _printf_d.o(.ARM.Collect$$_printf_percent$$00000009) for _printf_d
    freertos.o(i.ESPTask_function) refers to _printf_u.o(.ARM.Collect$$_printf_percent$$0000000A) for _printf_u
    freertos.o(i.ESPTask_function) refers to _printf_dec.o(.text) for _printf_int_dec
    freertos.o(i.ESPTask_function) refers to cmsis_os2.o(i.osDelay) for osDelay
    freertos.o(i.ESPTask_function) refers to usart.o(i.ESP_Init) for ESP_Init
    freertos.o(i.ESPTask_function) refers to stm32f1xx_hal_gpio.o(i.HAL_GPIO_WritePin) for HAL_GPIO_WritePin
    freertos.o(i.ESPTask_function) refers to cmsis_os2.o(i.osMutexAcquire) for osMutexAcquire
    freertos.o(i.ESPTask_function) refers to ffix.o(x$fpl$ffix) for __aeabi_f2iz
    freertos.o(i.ESPTask_function) refers to fflt_clz.o(x$fpl$fflt) for __aeabi_i2f
    freertos.o(i.ESPTask_function) refers to faddsub_clz.o(x$fpl$frsb) for __aeabi_frsub
    freertos.o(i.ESPTask_function) refers to fmul.o(x$fpl$fmul) for __aeabi_fmul
    freertos.o(i.ESPTask_function) refers to cmsis_os2.o(i.osMutexRelease) for osMutexRelease
    freertos.o(i.ESPTask_function) refers to noretval__2snprintf.o(.text) for __2snprintf
    freertos.o(i.ESPTask_function) refers to usart.o(i.ESP_SendData) for ESP_SendData
    freertos.o(i.ESPTask_function) refers to usart.o(i.ESP_SendCommand) for ESP_SendCommand
    freertos.o(i.ESPTask_function) refers to usart.o(.data) for esp_step
[...]
    i.vListInsert                            0x08003590   Section        0  list.o(i.vListInsert)
    i.vListInsertEnd                         0x080035c0   Section        0  list.o(i.vListInsertEnd)
    i.vPortEnterCritical                     0x080035d8   Section        0  port.o(i.vPortEnterCritical)
    i.vPortExitCritical                      0x08003618   Section        0  port.o(i.vPortExitCritical)
    i.vPortFree                              0x08003640   Section        0  heap_4.o(i.vPortFree)
    i.vPortSetupTimerInterrupt               0x080036a4   Section        0  port.o(i.vPortSetupTimerInterrupt)
    i.vPortValidateInterruptPriority         0x080036c8   Section        0  port.o(i.vPortValidateInterruptPriority)
    i.vQueueAddToRegistry                    0x0800371c   Section        0  queue.o(i.vQueueAddToRegistry)
    i.vQueueDelete                           0x08003744   Section        0  queue.o(i.vQueueDelete)
    i.vQueueUnregisterQueue                  0x08003774   Section        0  queue.o(i.vQueueUnregisterQueue)
    i.vQueueWaitForMessageRestricted         0x0800379c   Section        0  queue.o(i.vQueueWaitForMessageRestricted)
    i.vTaskDelay                             0x080037e0   Section        0  tasks.o(i.vTaskDelay)
    i.vTaskInternalSetTimeOutState           0x0800382c   Section        0  tasks.o(i.vTaskInternalSetTimeOutState)
    i.vTaskMissedYield                       0x0800383c   Section        0  tasks.o(i.vTaskMissedYield)
    i.vTaskPlaceOnEventList                  0x08003848   Section        0  tasks.o(i.vTaskPlaceOnEventList)
    i.vTaskPlaceOnEventListRestricted        0x08003878   Section        0  tasks.o(i.vTaskPlaceOnEventListRestricted)
    i.vTaskPriorityDisinheritAfterTimeout    0x080038b0   Section        0  tasks.o(i.vTaskPriorityDisinheritAfterTimeout)
    i.vTaskStartScheduler                    0x08003940   Section        0  tasks.o(i.vTaskStartScheduler)
    i.vTaskSuspendAll                        0x080039c8   Section        0  tasks.o(i.vTaskSuspendAll)
    i.vTaskSwitchContext                     0x080039d8   Section        0  tasks.o(i.vTaskSwitchContext)
    i.xEventGroupCreate                      0x08003a3c   Section        0  event_groups.o(i.xEventGroupCreate)
    i.xEventGroupCreateStatic                0x08003a58   Section        0  event_groups.o(i.xEventGroupCreateStatic)
    i.xPortStartScheduler                    0x08003a84   Section        0  port.o(i.xPortStartScheduler)
    i.xPortSysTickHandler                    0x08003b2c   Section        0  port.o(i.xPortSysTickHandler)
    i.xQueueCreateCountingSemaphore          0x08003b58   Section        0  queue.o(i.xQueueCreateCountingSemaphore)
    i.xQueueCreateCountingSemaphoreStatic    0x08003b92   Section        0  queue.o(i.xQueueCreateCountingSemaphoreStatic)
    i.xQueueCreateMutex                      0x08003bd2   Section        0  queue.o(i.xQueueCreateMutex)
    i.xQueueCreateMutexStatic                0x08003be8   Section        0  queue.o(i.xQueueCreateMutexStatic)
    i.xQueueGenericCreate                    0x08003c02   Section        0  queue.o(i.xQueueGenericCreate)
    i.xQueueGenericCreateStatic              0x08003c44   Section        0  queue.o(i.xQueueGenericCreateStatic)
    i.xQueueGenericReset                     0x08003cac   Section        0  queue.o(i.xQueueGenericReset)
    i.xQueueGenericSend                      0x08003d34   Section        0  queue.o(i.xQueueGenericSend)
    i.xQueueGenericSendFromISR               0x08003e94   Section        0  queue.o(i.xQueueGenericSendFromISR)
    i.xQueueGiveMutexRecursive               0x08003f52   Section        0  queue.o(i.xQueueGiveMutexRecursive)
    i.xQueueReceive                          0x08003f90   Section        0  queue.o(i.xQueueReceive)
    i.xQueueReceiveFromISR                   0x080040c8   Section        0  queue.o(i.xQueueReceiveFromISR)
    i.xQueueSemaphoreTake                    0x08004164   Section        0  queue.o(i.xQueueSemaphoreTake)
    i.xQueueTakeMutexRecursive               0x080042dc   Section        0  queue.o(i.xQueueTakeMutexRecursive)
    i.xTaskCheckForTimeOut                   0x0800431c   Section        0  tasks.o(i.xTaskCheckForTimeOut)
    i.xTaskCreate                            0x08004390   Section        0  tasks.o(i.xTaskCreate)
    i.xTaskCreateStatic                      0x080043ea   Section        0  tasks.o(i.xTaskCreateStatic)
    i.xTaskGetCurrentTaskHandle              0x08004440   Section        0  tasks.o(i.xTaskGetCurrentTaskHandle)
    i.xTaskGetSchedulerState                 0x0800444c   Section        0  tasks.o(i.xTaskGetSchedulerState)
    i.xTaskGetTickCount                      0x08004468   Section        0  tasks.o(i.xTaskGetTickCount)
    i.xTaskIncrementTick                     0x08004474   Section        0  tasks.o(i.xTaskIncrementTick)
    i.xTaskPriorityDisinherit                0x0800453c   Section        0  tasks.o(i.xTaskPriorityDisinherit)
    i.xTaskPriorityInherit                   0x080045bc   Section        0  tasks.o(i.xTaskPriorityInherit)
    i.xTaskRemoveFromEventList               0x08004634   Section        0  tasks.o(i.xTaskRemoveFromEventList)
    i.xTaskResumeAll                         0x080046a4   Section        0  tasks.o(i.xTaskResumeAll)
    i.xTimerCreateTimerTask                  0x08004768   Section        0  timers.o(i.xTimerCreateTimerTask)
    i.xTimerGenericCommand                   0x080047c8   Section        0  timers.o(i.xTimerGenericCommand)
    x$fpl$fadd                               0x08004830   Section      196  faddsub_clz.o(x$fpl$fadd)
    _fadd1                                   0x0800483f   Thumb Code     0  faddsub_clz.o(x$fpl$fadd)
    x$fpl$fdiv                               0x080048f4   Section      388  fdiv.o(x$fpl$fdiv)
    _fdiv1                                   0x080048f5   Thumb Code     0  fdiv.o(x$fpl$fdiv)
    x$fpl$ffix                               0x08004a78   Section       54  ffix.o(x$fpl$ffix)
    x$fpl$fflt                               0x08004ab0   Section       48  fflt_clz.o(x$fpl$fflt)
    x$fpl$ffltu                              0x08004ae0   Section       38  fflt_clz.o(x$fpl$ffltu)
    x$fpl$fmul                               0x08004b08   Section      258  fmul.o(x$fpl$fmul)
    x$fpl$fnaninf                            0x08004c0a   Section      140  fnaninf.o(x$fpl$fnaninf)
    x$fpl$fretinf                            0x08004c96   Section       10  fretinf.o(x$fpl$fretinf)
    x$fpl$frsb                               0x08004ca0   Section       20  faddsub_clz.o(x$fpl$frsb)
    x$fpl$fsub                               0x08004cb4   Section      234  faddsub_clz.o(x$fpl$fsub)
    _fsub1                                   0x08004cc3   Thumb Code     0  faddsub_clz.o(x$fpl$fsub)
    x$fpl$usenofp                            0x08004d9e   Section        0  usenofp.o(x$fpl$usenofp)
    .constdata                               0x08004da0   Section      288  freertos.o(.constdata)
    .constdata                               0x08004ec0   Section       18  stm32f1xx_hal_rcc.o(.constdata)
    aPredivFactorTable                       0x08004ec0   Data           2  stm32f1xx_hal_rcc.o(.constdata)
    aPLLMULFactorTable                       0x08004ec2   Data          16  stm32f1xx_hal_rcc.o(.constdata)
    .constdata                               0x08004ed2   Section       18  stm32f1xx_hal_rcc_ex.o(.constdata)
    aPredivFactorTable                       0x08004ed2   Data           2  stm32f1xx_hal_rcc_ex.o(.constdata)
    aPLLMULFactorTable                       0x08004ed4   Data          16  stm32f1xx_hal_rcc_ex.o(.constdata)
    .constdata                               0x08004ee4   Section       16  system_stm32f1xx.o(.constdata)
    .constdata                               0x08004ef4   Section        8  system_stm32f1xx.o(.constdata)
    .constdata                               0x08004efc   Section       17  __printf_flags_wp.o(.constdata)
    maptable                                 0x08004efc   Data          17  __printf_flags_wp.o(.constdata)
    .conststring                             0x08004f10   Section      129  freertos.o(.conststring)
    .data                                    0x20000000   Section       44  freertos.o(.data)
    .data                                    0x2000002c   Section        4  adc.o(.data)
    .data                                    0x20000030   Section        1  usart.o(.data)
    .data                                    0x20000034   Section       12  stm32f1xx_hal.o(.data)
    .data                                    0x20000040   Section        4  system_stm32f1xx.o(.data)
    .data                                    0x20000044   Section       60  tasks.o(.data)
    uxDeletedTasksWaitingCleanUp             0x20000048   Data           4  tasks.o(.data)
    uxCurrentNumberOfTasks                   0x2000004c   Data           4  tasks.o(.data)
    xTickCount                               0x20000050   Data           4  tasks.o(.data)
    uxTopReadyPriority                       0x20000054   Data           4  tasks.o(.data)
    xSchedulerRunning                        0x20000058   Data           4  tasks.o(.data)
    xPendedTicks                             0x2000005c   Data           4  tasks.o(.data)
    xYieldPending                            0x20000060   Data           4  tasks.o(.data)
    xNumOfOverflows                          0x20000064   Data           4  tasks.o(.data)
    uxTaskNumber                             0x20000068   Data           4  tasks.o(.data)
    xNextTaskUnblockTime                     0x2000006c   Data           4  tasks.o(.data)
    xIdleTaskHandle                          0x20000070   Data           4  tasks.o(.data)
    uxSchedulerSuspended                     0x20000074   Data           4  tasks.o(.data)
    pxDelayedTaskList                        0x20000078   Data           4  tasks.o(.data)
    pxOverflowDelayedTaskList                0x2000007c   Data           4  tasks.o(.data)
    .data                                    0x20000080   Section       20  timers.o(.data)
    xTimerQueue                              0x20000080   Data           4  timers.o(.data)
    xTimerTaskHandle                         0x20000084   Data           4  timers.o(.data)
    xLastTime                                0x20000088   Data           4  timers.o(.data)
    pxCurrentTimerList                       0x2000008c   Data           4  timers.o(.data)
    pxOverflowTimerList                      0x20000090   Data           4  timers.o(.data)
    .data                                    0x20000094   Section        4  cmsis_os2.o(.data)
    KernelState                              0x20000094   Data           4  cmsis_os2.o(.data)
    .data                                    0x20000098   Section       32  heap_4.o(.data)
    pxEnd                                    0x20000098   Data           4  heap_4.o(.data)
    xFreeBytesRemaining                      0x2000009c   Data           4  heap_4.o(.data)
    xMinimumEverFreeBytesRemaining           0x200000a0   Data           4  heap_4.o(.data)
    xNumberOfSuccessfulAllocations           0x200000a4   Data           4  heap_4.o(.data)
    xNumberOfSuccessfulFrees                 0x200000a8   Data           4  heap_4.o(.data)
    xBlockAllocatedBit                       0x200000ac   Data           4  heap_4.o(.data)
    xStart                                   0x200000b0   Data           8  heap_4.o(.data)
    .data                                    0x200000b8   Section       12  port.o(.data)
    ucMaxSysCallPriority                     0x200000b8   Data           1  port.o(.data)
    uxCriticalNesting                        0x200000bc   Data           4  port.o(.data)
    ulMaxPRIGROUPValue                       0x200000c0   Data           4  port.o(.data)
    .bss                                     0x200000c4   Section       20  freertos.o(.bss)
    .bss                                     0x200000d8   Section      116  adc.o(.bss)
    .bss                                     0x2000014c   Section       72  usart.o(.bss)
    .bss                                     0x20000194   Section       64  queue.o(.bss)
    .bss                                     0x200001d4   Section     1220  tasks.o(.bss)
    pxReadyTasksLists                        0x200001d4   Data        1120  tasks.o(.bss)
    xDelayedTaskList1                        0x20000634   Data          20  tasks.o(.bss)
    xDelayedTaskList2                        0x20000648   Data          20  tasks.o(.bss)
    xPendingReadyList                        0x2000065c   Data          20  tasks.o(.bss)
    xTasksWaitingTermination                 0x20000670   Data          20  tasks.o(.bss)
    xSuspendedTaskList                       0x20000684   Data          20  tasks.o(.bss)
    .bss                                     0x20000698   Section      280  timers.o(.bss)
    xStaticTimerQueue                        0x20000698   Data          80  timers.o(.bss)
    ucStaticTimerQueueStorage                0x200006e8   Data         160  timers.o(.bss)
    xActiveTimerList1                        0x20000788   Data          20  timers.o(.bss)
    xActiveTimerList2                        0x2000079c   Data          20  timers.o(.bss)
    .bss                                     0x200007b0   Section     1720  cmsis_os2.o(.bss)
    Idle_TCB                                 0x200007b0   Data          92  cmsis_os2.o(.bss)
    Idle_Stack                               0x2000080c   Data         512  cmsis_os2.o(.bss)
    Timer_TCB                                0x20000a0c   Data          92  cmsis_os2.o(.bss)
    Timer_Stack                              0x20000a68   Data        1024  cmsis_os2.o(.bss)
    .bss                                     0x20000e68   Section     8192  heap_4.o(.bss)
    ucHeap                                   0x20000e68   Data        8192  heap_4.o(.bss)
    .bss                                     0x20002e68   Section       96  libspace.o(.bss)
    HEAP                                     0x20002ec8   Section      512  startup_stm32f103xb.o(HEAP)
    Heap_Mem                                 0x20002ec8   Data         512  startup_stm32f103xb.o(HEAP)
    STACK                                    0x200030c8   Section     1024  startup_stm32f103xb.o(STACK)
    Stack_Mem                                0x200030c8   Data        1024  startup_stm32f103xb.o(STACK)
    __initial_sp                             0x200034c8   Data           0  startup_stm32f103xb.o(STACK)

    Global Symbols

    Symbol Name                              Value     Ov Type        Size  Object(Section)

    BuildAttributes$$THM_ISAv4$P$D$K$B$S$PE$A:L22UL41UL21$X:L11$S22US41US21$IEEE1$IW$USESV6$~STKCKD$USESV7$~SHL$OSPACE$ROPI$EBA8$UX$STANDARDLIB$REQ8$PRES8$EABIv2 0x00000000   Number         0  anon$$obj.o ABSOLUTE
    __ARM_use_no_argv                        0x00000000   Number         0  main.o ABSOLUTE
    _printf_flags                            0x00000000   Number         0  printf_stubs.o ABSOLUTE
    _printf_return_value                     0x00000000   Number         0  printf_stubs.o ABSOLUTE
    _printf_sizespec                         0x00000000   Number         0  printf_stubs.o ABSOLUTE
    _printf_widthprec                        0x00000000   Number         0  printf_stubs.o ABSOLUTE
    __ARM_exceptions_init                     - Undefined Weak Reference
    __alloca_initialize                       - Undefined Weak Reference
    __arm_preinit_                            - Undefined Weak Reference
    __cpp_initialize__aeabi_                  - Undefined Weak Reference
    __cxa_finalize                            - Undefined Weak Reference
    __rt_locale                               - Undefined Weak Reference
    __sigvec_lookup                           - Undefined Weak Reference
    _atexit_init                              - Undefined Weak Reference
    _call_atexit_fns                          - Undefined Weak Reference
    _clock_init                               - Undefined Weak Reference
    _fp_trap_init                             - Undefined Weak Reference
    _fp_trap_shutdown                         - Undefined Weak Reference
    _get_lc_collate                           - Undefined Weak Reference
    _get_lc_ctype                             - Undefined Weak Reference
    _get_lc_monetary                          - Undefined Weak Reference
    _get_lc_numeric                           - Undefined Weak Reference
    _get_lc_time                              - Undefined Weak Reference
    _getenv_init                              - Undefined Weak Reference
    _handle_redirection                       - Undefined Weak Reference
    _init_alloc                               - Undefined Weak Reference
    _init_user_alloc                          - Undefined Weak Reference
    _initio                                   - Undefined Weak Reference
    _printf_mbtowc                            - Undefined Weak Reference
    _printf_truncate_signed                   - Undefined Weak Reference
    _printf_truncate_unsigned                 - Undefined Weak Reference
    _rand_init                                - Undefined Weak Reference
    _signal_finish                            - Undefined Weak Reference
    _signal_init                              - Undefined Weak Reference
    _terminate_alloc                          - Undefined Weak Reference
    _terminate_user_alloc                     - Undefined Weak Reference
    _terminateio                              - Undefined Weak Reference
    __Vectors_Size                           0x000000ec   Number         0  startup_stm32f103xb.o ABSOLUTE
    __Vectors                                0x08000000   Data           4  startup_stm32f103xb.o(RESET)
    __Vectors_End                            0x080000ec   Data           0  startup_stm32f103xb.o(RESET)
    __main                                   0x080000ed   Thumb Code     8  __main.o(!!!main)
    __scatterload                            0x080000f5   Thumb Code     0  __scatter.o(!!!scatter)
    __scatterload_rt2                        0x080000f5   Thumb Code    44  __scatter.o(!!!scatter)
    __scatterload_rt2_thumb_only             0x080000f5   Thumb Code     0  __scatter.o(!!!scatter)
    __scatterload_null                       0x08000103   Thumb Code     0  __scatter.o(!!!scatter)
    __scatterload_copy                       0x08000129   Thumb Code    26  __scatter_copy.o(!!handler_copy)
    __scatterload_zeroinit                   0x08000145   Thumb Code    28  __scatter_zi.o(!!handler_zi)
    _printf_d                                0x08000161   Thumb Code     0  _printf_d.o(.ARM.Collect$$_printf_percent$$00000009)
    _printf_percent                          0x08000161   Thumb Code     0  _printf_percent.o(.ARM.Collect$$_printf_percent$$00000000)
    _printf_u                                0x08000167   Thumb Code     0  _printf_u.o(.ARM.Collect$$_printf_percent$$0000000A)
    _printf_s                                0x0800016d   Thumb Code     0  _printf_s.o(.ARM.Collect$$_printf_percent$$00000014)
    _printf_percent_end                      0x08000173   Thumb Code     0  _printf_percent_end.o(.ARM.Collect$$_printf_percent$$00000017)
    __rt_lib_init                            0x08000177   Thumb Code     0  libinit.o(.ARM.Collect$$libinit$$00000000)
    __rt_lib_init_alloca_1                   0x08000179   Thumb Code     0  libinit2.o(.ARM.Collect$$libinit$$0000002E)
    __rt_lib_init_argv_1                     0x08000179   Thumb Code     0  libinit2.o(.ARM.Collect$$libinit$$0000002C)
    __rt_lib_init_atexit_1                   0x08000179   Thumb Code     0  libinit2.o(.ARM.Collect$$libinit$$0000001B)
    __rt_lib_init_clock_1                    0x08000179   Thumb Code     0  libinit2.o(.ARM.Collect$$libinit$$00000021)
    __rt_lib_init_cpp_1                      0x08000179   Thumb Code     0  libinit2.o(.ARM.Collect$$libinit$$00000032)
    __rt_lib_init_exceptions_1               0x08000179   Thumb Code     0  libinit2.o(.ARM.Collect$$libinit$$00000030)
    __rt_lib_init_fp_1                       0x08000179   Thumb Code     0  libinit2.o(.ARM.Collect$$libinit$$00000002)
    __rt_lib_init_fp_trap_1                  0x08000179   Thumb Code     0  libinit2.o(.ARM.Collect$$libinit$$0000001F)
    __rt_lib_init_getenv_1                   0x08000179   Thumb Code     0  libinit2.o(.ARM.Collect$$libinit$$00000023)
    __rt_lib_init_heap_1                     0x08000179   Thumb Code     0  libinit2.o(.ARM.Collect$$libinit$$0000000A)
    __rt_lib_init_lc_collate_1               0x08000179   Thumb Code     0  libinit2.o(.ARM.Collect$$libinit$$00000011)
    __rt_lib_init_lc_ctype_1                 0x08000179   Thumb Code     0  libinit2.o(.ARM.Collect$$libinit$$00000013)
    __rt_lib_init_lc_monetary_1              0x08000179   Thumb Code     0  libinit2.o(.ARM.Collect$$libinit$$00000015)
    __rt_lib_init_lc_numeric_1               0x08000179   Thumb Code     0  libinit2.o(.ARM.Collect$$libinit$$00000017)
    __rt_lib_init_lc_time_1                  0x08000179   Thumb Code     0  libinit2.o(.ARM.Collect$$libinit$$00000019)
    __rt_lib_init_preinit_1                  0x08000179   Thumb Code     0  libinit2.o(.ARM.Collect$$libinit$$00000004)
    __rt_lib_init_rand_1                     0x08000179   Thumb Code     0  libinit2.o(.ARM.Collect$$libinit$$0000000E)
    __rt_lib_init_return                     0x08000179   Thumb Code     0  libinit2.o(.ARM.Collect$$libinit$$00000033)
    __rt_lib_init_signal_1                   0x08000179   Thumb Code     0  libinit2.o(.ARM.Collect$$libinit$$0000001D)
    __rt_lib_init_stdio_1                    0x08000179   Thumb Code     0  libinit2.o(.ARM.Collect$$libinit$$00000025)
    __rt_lib_init_user_alloc_1               0x08000179   Thumb Code     0  libinit2.o(.ARM.Collect$$libinit$$0000000C)
    __rt_lib_shutdown                        0x0800017b   Thumb Code     0  libshutdown.o(.ARM.Collect$$libshutdown$$00000000)
    __rt_lib_shutdown_cpp_1                  0x0800017d   Thumb Code     0  libshutdown2.o(.ARM.Collect$$libshutdown$$00000002)
    __rt_lib_shutdown_fp_trap_1              0x0800017d   Thumb Code     0  libshutdown2.o(.ARM.Collect$$libshutdown$$00000007)
    __rt_lib_shutdown_heap_1                 0x0800017d   Thumb Code     0  libshutdown2.o(.ARM.Collect$$libshutdown$$0000000F)
    __rt_lib_shutdown_return                 0x0800017d   Thumb Code     0  libshutdown2.o(.ARM.Collect$$libshutdown$$00000010)
    __rt_lib_shutdown_signal_1               0x0800017d   Thumb Code     0  libshutdown2.o(.ARM.Collect$$libshutdown$$0000000A)
    __rt_lib_shutdown_stdio_1                0x0800017d   Thumb Code     0  libshutdown2.o(.ARM.Collect$$libshutdown$$00000004)
    __rt_lib_shutdown_user_alloc_1           0x0800017d   Thumb Code     0  libshutdown2.o(.ARM.Collect$$libshutdown$$0000000C)
    __rt_entry                               0x0800017f   Thumb Code     0  __rtentry.o(.ARM.Collect$$rtentry$$00000000)
    __rt_entry_presh_1                       0x0800017f   Thumb Code     0  __rtentry2.o(.ARM.Collect$$rtentry$$00000002)
    __rt_entry_sh                            0x0800017f   Thumb Code     0  __rtentry4.o(.ARM.Collect$$rtentry$$00000004)
    __rt_entry_li                            0x08000185   Thumb Code     0  __rtentry2.o(.ARM.Collect$$rtentry$$0000000A)
    __rt_entry_postsh_1                      0x08000185   Thumb Code     0  __rtentry2.o(.ARM.Collect$$rtentry$$00000009)
    __rt_entry_main                          0x08000189   Thumb Code     0  __rtentry2.o(.ARM.Collect$$rtentry$$0000000D)
    __rt_entry_postli_1                      0x08000189   Thumb Code     0  __rtentry2.o(.ARM.Collect$$rtentry$$0000000C)
    __rt_exit                                0x08000191   Thumb Code     0  rtexit.o(.ARM.Collect$$rtexit$$00000000)
    __rt_exit_ls                             0x08000193   Thumb Code     0  rtexit2.o(.ARM.Collect$$rtexit$$00000003)
    __rt_exit_prels_1                        0x08000193   Thumb Code     0  rtexit2.o(.ARM.Collect$$rtexit$$00000002)
    __rt_exit_exit                           0x08000197   Thumb Code     0  rtexit2.o(.ARM.Collect$$rtexit$$00000004)
    SVC_Handler                              0x0800019d   Thumb Code    32  port.o(.emb_text)
    __asm___6_port_c_39a90d8d__prvStartFirstTask 0x080001c1   Thumb Code    28  port.o(.emb_text)
    PendSV_Handler                           0x080001e1   Thumb Code    72  port.o(.emb_text)
    vPortGetIPSR                             0x0800022d   Thumb Code     6  port.o(.emb_text)
    Reset_Handler                            0x08000235   Thumb Code     8  startup_stm32f103xb.o(.text)
    ADC1_2_IRQHandler                        0x0800024f   Thumb Code     0  startup_stm32f103xb.o(.text)
    CAN1_RX1_IRQHandler                      0x0800024f   Thumb Code     0  startup_stm32f103xb.o(.text)
    CAN1_SCE_IRQHandler                      0x0800024f   Thumb Code     0  startup_stm32f103xb.o(.text)
    DMA1_Channel2_IRQHandler                 0x0800024f   Thumb Code     0  startup_stm32f103xb.o(.text)
    DMA1_Channel3_IRQHandler                 0x0800024f   Thumb Code     0  startup_stm32f103xb.o(.text)
    DMA1_Channel4_IRQHandler                 0x0800024f   Thumb Code     0  startup_stm32f103xb.o(.text)
    DMA1_Channel5_IRQHandler                 0x0800024f   Thumb Code     0  startup_stm32f103xb.o(.text)
    DMA1_Channel6_IRQHandler                 0x0800024f   Thumb Code     0  startup_stm32f103xb.o(.text)
    DMA1_Channel7_IRQHandler                 0x0800024f   Thumb Code     0  startup_stm32f103xb.o(.text)
    EXTI0_IRQHandler                         0x0800024f   Thumb Code     0  startup_stm32f103xb.o(.text)
    EXTI15_10_IRQHandler                     0x0800024f   Thumb Code     0  startup_stm32f103xb.o(.text)
    EXTI1_IRQHandler                         0x0800024f   Thumb Code     0  startup_stm32f103xb.o(.text)
    EXTI2_IRQHandler                         0x0800024f   Thumb Code     0  startup_stm32f103xb.o(.text)
    EXTI3_IRQHandler                         0x0800024f   Thumb Code     0  startup_stm32f103xb.o(.text)
    EXTI4_IRQHandler                         0x0800024f   Thumb Code     0  startup_stm32f103xb.o(.text)
    EXTI9_5_IRQHandler                       0x0800024f   Thumb Code     0  startup_stm32f103xb.o(.text)
    FLASH_IRQHandler                         0x0800024f   Thumb Code     0  startup_stm32f103xb.o(.text)
    I2C1_ER_IRQHandler                       0x0800024f   Thumb Code     0  startup_stm32f103xb.o(.text)
    I2C1_EV_IRQHandler                       0x0800024f   Thumb Code     0  startup_stm32f103xb.o(.text)
    I2C2_ER_IRQHandler                       0x0800024f   Thumb Code     0  startup_stm32f103xb.o(.text)
    I2C2_EV_IRQHandler                       0x0800024f   Thumb Code     0  startup_stm32f103xb.o(.text)
    PVD_IRQHandler                           0x0800024f   Thumb Code     0  startup_stm32f103xb.o(.text)
    RCC_IRQHandler                           0x0800024f   Thumb Code     0  startup_stm32f103xb.o(.text)
    RTC_Alarm_IRQHandler                     0x0800024f   Thumb Code     0  startup_stm32f103xb.o(.text)
    RTC_IRQHandler                           0x0800024f   Thumb Code     0  startup_stm32f103xb.o(.text)
    SPI1_IRQHandler                          0x0800024f   Thumb Code     0  startup_stm32f103xb.o(.text)
    SPI2_IRQHandler                          0x0800024f   Thumb Code     0  startup_stm32f103xb.o(.text)
    TAMPER_IRQHandler                        0x0800024f   Thumb Code     0  startup_stm32f103xb.o(.text)
    TIM1_BRK_IRQHandler                      0x0800024f   Thumb Code     0  startup_stm32f103xb.o(.text)
    TIM1_CC_IRQHandler                       0x0800024f   Thumb Code     0  startup_stm32f103xb.o(.text)
    TIM1_TRG_COM_IRQHandler                  0x0800024f   Thumb Code     0  startup_stm32f103xb.o(.text)
    TIM1_UP_IRQHandler                       0x0800024f   Thumb Code     0  startup_stm32f103xb.o(.text)
    TIM2_IRQHandler                          0x0800024f   Thumb Code     0  startup_stm32f103xb.o(.text)
    TIM3_IRQHandler                          0x0800024f   Thumb Code     0  startup_stm32f103xb.o(.text)
    TIM4_IRQHandler                          0x0800024f   Thumb Code     0  startup_stm32f103xb.o(.text)
    USART1_IRQHandler                        0x0800024f   Thumb Code     0  startup_stm32f103xb.o(.text)
    USART2_IRQHandler                        0x0800024f   Thumb Code     0  startup_stm32f103xb.o(.text)
    USART3_IRQHandler                        0x0800024f   Thumb Code     0  startup_stm32f103xb.o(.text)
    USBWakeUp_IRQHandler                     0x0800024f   Thumb Code     0  startup_stm32f103xb.o(.text)
    USB_HP_CAN1_TX_IRQHandler                0x0800024f   Thumb Code     0  startup_stm32f103xb.o(.text)
    USB_LP_CAN1_RX0_IRQHandler               0x0800024f   Thumb Code     0  startup_stm32f103xb.o(.text)
    WWDG_IRQHandler                          0x0800024f   Thumb Code     0  startup_stm32f103xb.o(.text)
    __user_initial_stackheap                 0x08000251   Thumb Code     0  startup_stm32f103xb.o(.text)
    __2snprintf                              0x08000275   Thumb Code    48  noretval__2snprintf.o(.text)
    _printf_pre_padding                      0x080002a9   Thumb Code    44  _printf_pad.o(.text)
    _printf_post_padding                     0x080002d5   Thumb Code    34  _printf_pad.o(.text)
    _printf_str                              0x080002f7   Thumb Code    82  _printf_str.o(.text)
    _printf_int_dec                          0x08000349   Thumb Code   104  _printf_dec.o(.text)
    __printf                                 0x080003c1   Thumb Code   308  __printf_flags_wp.o(.text)
    strstr                                   0x080004f9   Thumb Code    36  strstr.o(.text)
    strlen                                   0x0800051d   Thumb Code    62  strlen.o(.text)
    __aeabi_memcpy                           0x0800055b   Thumb Code     0  rt_memcpy_v6.o(.text)
    __rt_memcpy                              0x0800055b   Thumb Code   138  rt_memcpy_v6.o(.text)
    _memcpy_lastbytes                        0x080005c1   Thumb Code     0  rt_memcpy_v6.o(.text)
    __aeabi_memset                           0x080005e5   Thumb Code    16  aeabi_memset.o(.text)
    __aeabi_memclr4                          0x080005f5   Thumb Code     0  rt_memclr_w.o(.text)
    __aeabi_memclr8                          0x080005f5   Thumb Code     0  rt_memclr_w.o(.text)
    __rt_memclr_w                            0x080005f5   Thumb Code    78  rt_memclr_w.o(.text)
    _memset_w                                0x080005f9   Thumb Code     0  rt_memclr_w.o(.text)
    __use_two_region_memory                  0x08000643   Thumb Code     2  heapauxi.o(.text)
    __rt_heap_escrow$2region                 0x08000645   Thumb Code     2  heapauxi.o(.text)
    __rt_heap_expand$2region                 0x08000647   Thumb Code     2  heapauxi.o(.text)
    _printf_int_common                       0x08000649   Thumb Code   178  _printf_intcommon.o(.text)
    _printf_char_common                      0x08000707   Thumb Code    32  _printf_char_common.o(.text)
    _sputc                                   0x0800072d   Thumb Code    10  _sputc.o(.text)
    _snputc                                  0x08000737   Thumb Code    16  _snputc.o(.text)
    _printf_cs_common                        0x08000747   Thumb Code    20  _printf_char.o(.text)
    _printf_char                             0x0800075b   Thumb Code    16  _printf_char.o(.text)
    _printf_string                           0x0800076b   Thumb Code     8  _printf_char.o(.text)
    __aeabi_memcpy4                          0x08000773   Thumb Code     0  rt_memcpy_w.o(.text)
    __aeabi_memcpy8                          0x08000773   Thumb Code     0  rt_memcpy_w.o(.text)
    __rt_memcpy_w                            0x08000773   Thumb Code   100  rt_memcpy_w.o(.text)
    _memcpy_lastbytes_aligned                0x080007bb   Thumb Code     0  rt_memcpy_w.o(.text)
    __aeabi_memclr                           0x080007d7   Thumb Code     0  rt_memclr.o(.text)
    __rt_memclr                              0x080007d7   Thumb Code    68  rt_memclr.o(.text)
    _memset                                  0x080007db   Thumb Code     0  rt_memclr.o(.text)
    __user_setup_stackheap                   0x0800081b   Thumb Code    74  sys_stackheap_outer.o(.text)
    exit                                     0x08000865   Thumb Code    18  exit.o(.text)
    __user_libspace                          0x08000879   Thumb Code     8  libspace.o(.text)
    __user_perproc_libspace                  0x08000879   Thumb Code     0  libspace.o(.text)
    __user_perthread_libspace                0x08000879   Thumb Code     0  libspace.o(.text)
    _sys_exit                                0x08000881   Thumb Code     8  sys_exit.o(.text)
    __I$use$semihosting                      0x0800088d   Thumb Code     0  use_no_semi.o(.text)
    __use_no_semihosting_swi                 0x0800088d   Thumb Code     2  use_no_semi.o(.text)
    __semihosting_library_function           0x0800088f   Thumb Code     0  indicate_semi.o(.text)
    ADC_ConversionStop_Disable               0x08000891   Thumb Code    86  stm32f1xx_hal_adc.o(i.ADC_ConversionStop_Disable)
    ADC_Enable                               0x080008e9   Thumb Code   114  stm32f1xx_hal_adc.o(i.ADC_Enable)
    ADC_Start                                0x08000965   Thumb Code     6  adc.o(i.ADC_Start)
    BusFault_Handler                         0x08000971   Thumb Code     2  stm32f1xx_it.o(i.BusFault_Handler)
    DMA1_Channel1_IRQHandler                 0x08000975   Thumb Code     6  stm32f1xx_it.o(i.DMA1_Channel1_IRQHandler)
    DebugMon_Handler                         0x08000981   Thumb Code     2  stm32f1xx_it.o(i.DebugMon_Handler)
    ESPTask_function                         0x08000985   Thumb Code   372  freertos.o(i.ESPTask_function)
    ESP_FlushUART                            0x08000b65   Thumb Code    30  usart.o(i.ESP_FlushUART)
    ESP_Init                                 0x08000b89   Thumb Code   222  usart.o(i.ESP_Init)
    ESP_SendCommand                          0x08000d05   Thumb Code   132  usart.o(i.ESP_SendCommand)
    ESP_SendData                             0x08000d8d   Thumb Code   288  usart.o(i.ESP_SendData)
    EncoderTask_function                     0x08000edd   Thumb Code     8  freertos.o(i.EncoderTask_function)
    Error_Handler                            0x08000ee5   Thumb Code     4  main.o(i.Error_Handler)
    HAL_ADCEx_Calibration_Start              0x08000ee9   Thumb Code   210  stm32f1xx_hal_adc_ex.o(i.HAL_ADCEx_Calibration_Start)
    HAL_ADC_ConfigChannel                    0x08000fc1   Thumb Code   240  stm32f1xx_hal_adc.o(i.HAL_ADC_ConfigChannel)
    HAL_ADC_GetValue                         0x080010bd   Thumb Code     6  stm32f1xx_hal_adc.o(i.HAL_ADC_GetValue)
    HAL_ADC_Init                             0x080010c5   Thumb Code   272  stm32f1xx_hal_adc.o(i.HAL_ADC_Init)
    HAL_ADC_MspInit                          0x080011e1   Thumb Code   120  adc.o(i.HAL_ADC_MspInit)
    HAL_ADC_PollForConversion                0x0800126d   Thumb Code   304  stm32f1xx_hal_adc.o(i.HAL_ADC_PollForConversion)
    HAL_ADC_Start                            0x080013a9   Thumb Code   184  stm32f1xx_hal_adc.o(i.HAL_ADC_Start)
    HAL_ADC_Stop                             0x08001469   Thumb Code    52  stm32f1xx_hal_adc.o(i.HAL_ADC_Stop)
    HAL_DMA_IRQHandler                       0x0800149d   Thumb Code   316  stm32f1xx_hal_dma.o(i.HAL_DMA_IRQHandler)
    HAL_DMA_Init                             0x080015f1   Thumb Code    84  stm32f1xx_hal_dma.o(i.HAL_DMA_Init)
    HAL_GPIO_Init                            0x0800164d   Thumb Code   446  stm32f1xx_hal_gpio.o(i.HAL_GPIO_Init)
    HAL_GPIO_ReadPin                         0x0800182d   Thumb Code    10  stm32f1xx_hal_gpio.o(i.HAL_GPIO_ReadPin)
    HAL_GPIO_WritePin                        0x08001837   Thumb Code    10  stm32f1xx_hal_gpio.o(i.HAL_GPIO_WritePin)
    HAL_GetTick                              0x08001841   Thumb Code     6  stm32f1xx_hal.o(i.HAL_GetTick)
    HAL_IncTick                              0x0800184d   Thumb Code    12  stm32f1xx_hal.o(i.HAL_IncTick)
    HAL_Init                                 0x0800185d   Thumb Code    32  stm32f1xx_hal.o(i.HAL_Init)
    HAL_InitTick                             0x08001881   Thumb Code    54  stm32f1xx_hal.o(i.HAL_InitTick)
    HAL_MspInit                              0x080018c1   Thumb Code    62  stm32f1xx_hal_msp.o(i.HAL_MspInit)
    HAL_NVIC_EnableIRQ                       0x08001909   Thumb Code    26  stm32f1xx_hal_cortex.o(i.HAL_NVIC_EnableIRQ)
    HAL_NVIC_SetPriority                     0x08001925   Thumb Code    60  stm32f1xx_hal_cortex.o(i.HAL_NVIC_SetPriority)
    HAL_NVIC_SetPriorityGrouping             0x08001965   Thumb Code    26  stm32f1xx_hal_cortex.o(i.HAL_NVIC_SetPriorityGrouping)
    HAL_RCCEx_GetPeriphCLKFreq               0x08001989   Thumb Code   148  stm32f1xx_hal_rcc_ex.o(i.HAL_RCCEx_GetPeriphCLKFreq)
    HAL_RCCEx_PeriphCLKConfig                0x08001a2d   Thumb Code   224  stm32f1xx_hal_rcc_ex.o(i.HAL_RCCEx_PeriphCLKConfig)
    HAL_RCC_ClockConfig                      0x08001b19   Thumb Code   280  stm32f1xx_hal_rcc.o(i.HAL_RCC_ClockConfig)
    HAL_RCC_GetPCLK1Freq                     0x08001c45   Thumb Code    20  stm32f1xx_hal_rcc.o(i.HAL_RCC_GetPCLK1Freq)
    HAL_RCC_GetPCLK2Freq                     0x08001c65   Thumb Code    20  stm32f1xx_hal_rcc.o(i.HAL_RCC_GetPCLK2Freq)
    HAL_RCC_GetSysClockFreq                  0x08001c85   Thumb Code    58  stm32f1xx_hal_rcc.o(i.HAL_RCC_GetSysClockFreq)
    HAL_RCC_OscConfig                        0x08001cd1   Thumb Code   778  stm32f1xx_hal_rcc.o(i.HAL_RCC_OscConfig)
    HAL_SYSTICK_Config                       0x08001ff1   Thumb Code    40  stm32f1xx_hal_cortex.o(i.HAL_SYSTICK_Config)
    HAL_UART_Init                            0x08002019   Thumb Code   100  stm32f1xx_hal_uart.o(i.HAL_UART_Init)
    HAL_UART_MspInit                         0x0800207d   Thumb Code   100  usart.o(i.HAL_UART_MspInit)
    HAL_UART_Receive                         0x080020ed   Thumb Code   176  stm32f1xx_hal_uart.o(i.HAL_UART_Receive)
    HAL_UART_Transmit                        0x0800219d   Thumb Code   160  stm32f1xx_hal_uart.o(i.HAL_UART_Transmit)
    HardFault_Handler                        0x0800223d   Thumb Code     2  stm32f1xx_it.o(i.HardFault_Handler)
    InputTask_function                       0x08002241   Thumb Code   198  freertos.o(i.InputTask_function)
    MX_ADC1_Init                             0x0800231d   Thumb Code    70  adc.o(i.MX_ADC1_Init)
    MX_DMA_Init                              0x0800236d   Thumb Code    40  dma.o(i.MX_DMA_Init)
    MX_FREERTOS_Init                         0x08002399   Thumb Code   136  freertos.o(i.MX_FREERTOS_Init)
    MX_GPIO_Init                             0x08002441   Thumb Code   214  gpio.o(i.MX_GPIO_Init)
    MX_USART1_UART_Init                      0x08002529   Thumb Code    48  usart.o(i.MX_USART1_UART_Init)
    MemManage_Handler                        0x08002561   Thumb Code     2  stm32f1xx_it.o(i.MemManage_Handler)
    MotorTask_function                       0x08002565   Thumb Code   110  freertos.o(i.MotorTask_function)
    NMI_Handler                              0x080025dd   Thumb Code     2  stm32f1xx_it.o(i.NMI_Handler)
    OTATask_function                         0x080025df   Thumb Code     8  freertos.o(i.OTATask_function)
    Read_ADC                                 0x080025e9   Thumb Code    38  adc.o(i.Read_ADC)
    StartDefaultTask                         0x08002619   Thumb Code     8  freertos.o(i.StartDefaultTask)
    SysTick_Handler                          0x08002621   Thumb Code    24  stm32f1xx_it.o(i.SysTick_Handler)
    SystemClock_Config                       0x08002639   Thumb Code   104  main.o(i.SystemClock_Config)
    SystemInit                               0x080026a1   Thumb Code     2  system_stm32f1xx.o(i.SystemInit)
    UsageFault_Handler                       0x0800281b   Thumb Code     2  stm32f1xx_it.o(i.UsageFault_Handler)
    _is_digit                                0x0800283d   Thumb Code    14  __printf_wp.o(i._is_digit)
    main                                     0x0800284b   Thumb Code    42  main.o(i.main)
    osDelay                                  0x08002875   Thumb Code    26  cmsis_os2.o(i.osDelay)
    osEventFlagsNew                          0x0800288f   Thumb Code    44  cmsis_os2.o(i.osEventFlagsNew)
    osKernelInitialize                       0x080028bd   Thumb Code    32  cmsis_os2.o(i.osKernelInitialize)
    osKernelStart                            0x080028e1   Thumb Code    48  cmsis_os2.o(i.osKernelStart)
    osMessageQueueGet                        0x08002919   Thumb Code    96  cmsis_os2.o(i.osMessageQueueGet)
    osMessageQueueNew                        0x0800297d   Thumb Code    88  cmsis_os2.o(i.osMessageQueueNew)
    osMessageQueuePut                        0x080029d5   Thumb Code   100  cmsis_os2.o(i.osMessageQueuePut)
    osMutexAcquire                           0x08002a3d   Thumb Code    82  cmsis_os2.o(i.osMutexAcquire)
    osMutexNew                               0x08002a8f   Thumb Code   104  cmsis_os2.o(i.osMutexNew)
    osMutexRelease                           0x08002af7   Thumb Code    66  cmsis_os2.o(i.osMutexRelease)
    osSemaphoreNew                           0x08002b39   Thumb Code   152  cmsis_os2.o(i.osSemaphoreNew)
    osThreadNew                              0x08002bd1   Thumb Code   138  cmsis_os2.o(i.osThreadNew)
    pvPortMalloc                             0x08003409   Thumb Code   216  heap_4.o(i.pvPortMalloc)
    pvTaskIncrementMutexHeldCount            0x080034e5   Thumb Code    18  tasks.o(i.pvTaskIncrementMutexHeldCount)
    pxPortInitialiseStack                    0x080034fd   Thumb Code    32  port.o(i.pxPortInitialiseStack)
    uxListRemove                             0x08003521   Thumb Code    38  list.o(i.uxListRemove)
    vApplicationGetIdleTaskMemory            0x08003549   Thumb Code    16  cmsis_os2.o(i.vApplicationGetIdleTaskMemory)
    vApplicationGetTimerTaskMemory           0x0800355d   Thumb Code    18  cmsis_os2.o(i.vApplicationGetTimerTaskMemory)
    vListInitialise                          0x08003575   Thumb Code    22  list.o(i.vListInitialise)
    vListInitialiseItem                      0x0800358b   Thumb Code     6  list.o(i.vListInitialiseItem)
    vListInsert                              0x08003591   Thumb Code    48  list.o(i.vListInsert)
    vListInsertEnd                           0x080035c1   Thumb Code    24  list.o(i.vListInsertEnd)
    vPortEnterCritical                       0x080035d9   Thumb Code    54  port.o(i.vPortEnterCritical)
    vPortExitCritical                        0x08003619   Thumb Code    34  port.o(i.vPortExitCritical)
    vPortFree                                0x08003641   Thumb Code    94  heap_4.o(i.vPortFree)
    vPortSetupTimerInterrupt                 0x080036a5   Thumb Code    32  port.o(i.vPortSetupTimerInterrupt)
    vPortValidateInterruptPriority           0x080036c9   Thumb Code    74  port.o(i.vPortValidateInterruptPriority)
    vQueueAddToRegistry                      0x0800371d   Thumb Code    34  queue.o(i.vQueueAddToRegistry)
    vQueueDelete                             0x08003745   Thumb Code    46  queue.o(i.vQueueDelete)
    vQueueUnregisterQueue                    0x08003775   Thumb Code    36  queue.o(i.vQueueUnregisterQueue)
    vQueueWaitForMessageRestricted           0x0800379d   Thumb Code    68  queue.o(i.vQueueWaitForMessageRestricted)
    vTaskDelay                               0x080037e1   Thumb Code    66  tasks.o(i.vTaskDelay)
    vTaskInternalSetTimeOutState             0x0800382d   Thumb Code    12  tasks.o(i.vTaskInternalSetTimeOutState)
    vTaskMissedYield                         0x0800383d   Thumb Code     8  tasks.o(i.vTaskMissedYield)
    vTaskPlaceOnEventList                    0x08003849   Thumb Code    44  tasks.o(i.vTaskPlaceOnEventList)
    vTaskPlaceOnEventListRestricted          0x08003879   Thumb Code    52  tasks.o(i.vTaskPlaceOnEventListRestricted)
    vTaskPriorityDisinheritAfterTimeout      0x080038b1   Thumb Code   134  tasks.o(i.vTaskPriorityDisinheritAfterTimeout)
    vTaskStartScheduler                      0x08003941   Thumb Code   118  tasks.o(i.vTaskStartScheduler)
    vTaskSuspendAll                          0x080039c9   Thumb Code    10  tasks.o(i.vTaskSuspendAll)
    vTaskSwitchContext                       0x080039d9   Thumb Code    90  tasks.o(i.vTaskSwitchContext)
    xEventGroupCreate                        0x08003a3d   Thumb Code    28  event_groups.o(i.xEventGroupCreate)
    xEventGroupCreateStatic                  0x08003a59   Thumb Code    44  event_groups.o(i.xEventGroupCreateStatic)
    xPortStartScheduler                      0x08003a85   Thumb Code   154  port.o(i.xPortStartScheduler)
    xPortSysTickHandler                      0x08003b2d   Thumb Code    38  port.o(i.xPortSysTickHandler)
    xQueueCreateCountingSemaphore            0x08003b59   Thumb Code    58  queue.o(i.xQueueCreateCountingSemaphore)
    xQueueCreateCountingSemaphoreStatic      0x08003b93   Thumb Code    64  queue.o(i.xQueueCreateCountingSemaphoreStatic)
    xQueueCreateMutex                        0x08003bd3   Thumb Code    22  queue.o(i.xQueueCreateMutex)
    xQueueCreateMutexStatic                  0x08003be9   Thumb Code    26  queue.o(i.xQueueCreateMutexStatic)
    xQueueGenericCreate                      0x08003c03   Thumb Code    66  queue.o(i.xQueueGenericCreate)
    xQueueGenericCreateStatic                0x08003c45   Thumb Code   102  queue.o(i.xQueueGenericCreateStatic)
    xQueueGenericReset                       0x08003cad   Thumb Code   132  queue.o(i.xQueueGenericReset)
    xQueueGenericSend                        0x08003d35   Thumb Code   346  queue.o(i.xQueueGenericSend)
    xQueueGenericSendFromISR                 0x08003e95   Thumb Code   190  queue.o(i.xQueueGenericSendFromISR)
    xQueueGiveMutexRecursive                 0x08003f53   Thumb Code    62  queue.o(i.xQueueGiveMutexRecursive)
    xQueueReceive                            0x08003f91   Thumb Code   308  queue.o(i.xQueueReceive)
    xQueueReceiveFromISR                     0x080040c9   Thumb Code   154  queue.o(i.xQueueReceiveFromISR)
    xQueueSemaphoreTake                      0x08004165   Thumb Code   372  queue.o(i.xQueueSemaphoreTake)
    xQueueTakeMutexRecursive                 0x080042dd   Thumb Code    64  queue.o(i.xQueueTakeMutexRecursive)
    xTaskCheckForTimeOut                     0x0800431d   Thumb Code   112  tasks.o(i.xTaskCheckForTimeOut)
    xTaskCreate                              0x08004391   Thumb Code    90  tasks.o(i.xTaskCreate)
    xTaskCreateStatic                        0x080043eb   Thumb Code    86  tasks.o(i.xTaskCreateStatic)
    xTaskGetCurrentTaskHandle                0x08004441   Thumb Code     6  tasks.o(i.xTaskGetCurrentTaskHandle)
    xTaskGetSchedulerState                   0x0800444d   Thumb Code    22  tasks.o(i.xTaskGetSchedulerState)
    xTaskGetTickCount                        0x08004469   Thumb Code     6  tasks.o(i.xTaskGetTickCount)
    xTaskIncrementTick                       0x08004475   Thumb Code   192  tasks.o(i.xTaskIncrementTick)
    xTaskPriorityDisinherit                  0x0800453d   Thumb Code   118  tasks.o(i.xTaskPriorityDisinherit)
    xTaskPriorityInherit                     0x080045bd   Thumb Code   112  tasks.o(i.xTaskPriorityInherit)
    xTaskRemoveFromEventList                 0x08004635   Thumb Code    98  tasks.o(i.xTaskRemoveFromEventList)
    xTaskResumeAll                           0x080046a5   Thumb Code   182  tasks.o(i.xTaskResumeAll)
    xTimerCreateTimerTask                    0x08004769   Thumb Code    78  timers.o(i.xTimerCreateTimerTask)
    xTimerGenericCommand                     0x080047c9   Thumb Code    98  timers.o(i.xTimerGenericCommand)
    __aeabi_fadd                             0x08004831   Thumb Code     0  faddsub_clz.o(x$fpl$fadd)
    _fadd                                    0x08004831   Thumb Code   196  faddsub_clz.o(x$fpl$fadd)
    __aeabi_fdiv                             0x080048f5   Thumb Code     0  fdiv.o(x$fpl$fdiv)
    _fdiv                                    0x080048f5   Thumb Code   384  fdiv.o(x$fpl$fdiv)
    __aeabi_f2iz                             0x08004a79   Thumb Code     0  ffix.o(x$fpl$ffix)
    _ffix                                    0x08004a79   Thumb Code    54  ffix.o(x$fpl$ffix)
    __aeabi_i2f                              0x08004ab1   Thumb Code     0  fflt_clz.o(x$fpl$fflt)
    _fflt                                    0x08004ab1   Thumb Code    48  fflt_clz.o(x$fpl$fflt)
    __aeabi_ui2f                             0x08004ae1   Thumb Code     0  fflt_clz.o(x$fpl$ffltu)
    _ffltu                                   0x08004ae1   Thumb Code    38  fflt_clz.o(x$fpl$ffltu)
    __aeabi_fmul                             0x08004b09   Thumb Code     0  fmul.o(x$fpl$fmul)
    _fmul                                    0x08004b09   Thumb Code   258  fmul.o(x$fpl$fmul)
    __fpl_fnaninf                            0x08004c0b   Thumb Code   140  fnaninf.o(x$fpl$fnaninf)
    __fpl_fretinf                            0x08004c97   Thumb Code    10  fretinf.o(x$fpl$fretinf)
    __aeabi_frsub                            0x08004ca1   Thumb Code     0  faddsub_clz.o(x$fpl$frsb)
    _frsb                                    0x08004ca1   Thumb Code    20  faddsub_clz.o(x$fpl$frsb)
    __aeabi_fsub                             0x08004cb5   Thumb Code     0  faddsub_clz.o(x$fpl$fsub)
    _fsub                                    0x08004cb5   Thumb Code   234  faddsub_clz.o(x$fpl$fsub)
    __I$use$fp                               0x08004d9e   Number         0  usenofp.o(x$fpl$usenofp)
    defaultTask_attributes                   0x08004da0   Data          36  freertos.o(.constdata)
    InputTask_attributes                     0x08004dc4   Data          36  freertos.o(.constdata)
    MotorTask_attributes                     0x08004de8   Data          36  freertos.o(.constdata)
    EncoderTask_attributes                   0x08004e0c   Data          36  freertos.o(.constdata)
    ESPTask_attributes                       0x08004e30   Data          36  freertos.o(.constdata)
    OTATask_attributes                       0x08004e54   Data          36  freertos.o(.constdata)
    motorCommandQueue_attributes             0x08004e78   Data          24  freertos.o(.constdata)
    systemStateMutex_attributes              0x08004e90   Data          16  freertos.o(.constdata)
    myBinarySem01_attributes                 0x08004ea0   Data          16  freertos.o(.constdata)
    myEvent01_attributes                     0x08004eb0   Data          16  freertos.o(.constdata)
    AHBPrescTable                            0x08004ee4   Data          16  system_stm32f1xx.o(.constdata)
    APBPrescTable                            0x08004ef4   Data           8  system_stm32f1xx.o(.constdata)
    Region$$Table$$Base                      0x08004f94   Number         0  anon$$obj.o(Region$$Table)
    Region$$Table$$Limit                     0x08004fb4   Number         0  anon$$obj.o(Region$$Table)
    prev_but1                                0x20000000   Data           1  freertos.o(.data)
    prev_but2                                0x20000001   Data           1  freertos.o(.data)
    prev_but3                                0x20000002   Data           1  freertos.o(.data)
    defaultTaskHandle                        0x20000004   Data           4  freertos.o(.data)
    InputTaskHandle                          0x20000008   Data           4  freertos.o(.data)
    MotorTaskHandle                          0x2000000c   Data           4  freertos.o(.data)
    EncoderTaskHandle                        0x20000010   Data           4  freertos.o(.data)
    ESPTaskHandle                            0x20000014   Data           4  freertos.o(.data)
    OTATaskHandle                            0x20000018   Data           4  freertos.o(.data)
    motorCommandQueueHandle                  0x2000001c   Data           4  freertos.o(.data)
    systemStateMutexHandle                   0x20000020   Data           4  freertos.o(.data)
    myBinarySem01Handle                      0x20000024   Data           4  freertos.o(.data)
    myEvent01Handle                          0x20000028   Data           4  freertos.o(.data)
    adcValue                                 0x2000002c   Data           4  adc.o(.data)
    esp_step                                 0x20000030   Data           1  usart.o(.data)
    uwTickFreq                               0x20000034   Data           1  stm32f1xx_hal.o(.data)
    uwTickPrio                               0x20000038   Data           4  stm32f1xx_hal.o(.data)
    uwTick                                   0x2000003c   Data           4  stm32f1xx_hal.o(.data)
    SystemCoreClock                          0x20000040   Data           4  system_stm32f1xx.o(.data)
    pxCurrentTCB                             0x20000044   Data           4  tasks.o(.data)
    inf                                      0x200000c4   Data          20  freertos.o(.bss)
    hadc1                                    0x200000d8   Data          48  adc.o(.bss)
    hdma_adc1                                0x20000108   Data          68  adc.o(.bss)
    huart1                                   0x2000014c   Data          72  usart.o(.bss)
    xQueueRegistry                           0x20000194   Data          64  queue.o(.bss)
    __libspace_start                         0x20002e68   Data          96  libspace.o(.bss)
    __temporary_stack_top$libspace           0x20002ec8   Data           0  libspace.o(.bss)



==============================================================================

Memory Map of the image

  Image Entry point : 0x080000ed

  Load Region LR_IROM1 (Base: 0x08000000, Size: 0x00005078, Max: 0x00010000, ABSOLUTE)

    Execution Region ER_IROM1 (Exec base: 0x08000000, Load base: 0x08000000, Size: 0x00004fb4, Max: 0x00010000, ABSOLUTE)

    Exec Addr    Load Addr    Size         Type   Attr      Idx    E Section Name        Object

    0x08000000   0x08000000   0x000000ec   Data   RO            3    RESET               startup_stm32f103xb.o
    0x080000ec   0x080000ec   0x00000008   Code   RO         4024  * !!!main             c_w.l(__main.o)
    0x080000f4   0x080000f4   0x00000034   Code   RO         4225    !!!scatter          c_w.l(__scatter.o)
    0x08000128   0x08000128   0x0000001a   Code   RO         4227    !!handler_copy      c_w.l(__scatter_copy.o)
    0x08000142   0x08000142   0x00000002   PAD
    0x08000144   0x08000144   0x0000001c   Code   RO         4229    !!handler_zi        c_w.l(__scatter_zi.o)
    0x08000160   0x08000160   0x00000000   Code   RO         4009    .ARM.Collect$$_printf_percent$$00000000  c_w.l(_printf_percent.o)
    0x08000160   0x08000160   0x00000006   Code   RO         4007    .ARM.Collect$$_printf_percent$$00000009  c_w.l(_printf_d.o)
    0x08000166   0x08000166   0x00000006   Code   RO         4008    .ARM.Collect$$_printf_percent$$0000000A  c_w.l(_printf_u.o)
    0x0800016c   0x0800016c   0x00000006   Code   RO         4006    .ARM.Collect$$_printf_percent$$00000014  c_w.l(_printf_s.o)
    0x08000172   0x08000172   0x00000004   Code   RO         4059    .ARM.Collect$$_printf_percent$$00000017  c_w.l(_printf_percent_end.o)
    0x08000176   0x08000176   0x00000002   Code   RO         4095    .ARM.Collect$$libinit$$00000000  c_w.l(libinit.o)
    0x08000178   0x08000178   0x00000000   Code   RO         4102    .ARM.Collect$$libinit$$00000002  c_w.l(libinit2.o)
    0x08000178   0x08000178   0x00000000   Code   RO         4104    .ARM.Collect$$libinit$$00000004  c_w.l(libinit2.o)
    0x08000178   0x08000178   0x00000000   Code   RO         4107    .ARM.Collect$$libinit$$0000000A  c_w.l(libinit2.o)
    0x08000178   0x08000178   0x00000000   Code   RO         4109    .ARM.Collect$$libinit$$0000000C  c_w.l(libinit2.o)
    0x08000178   0x08000178   0x00000000   Code   RO         4111    .ARM.Collect$$libinit$$0000000E  c_w.l(libinit2.o)
    0x08000178   0x08000178   0x00000000   Code   RO         4114    .ARM.Collect$$libinit$$00000011  c_w.l(libinit2.o)
    0x08000178   0x08000178   0x00000000   Code   RO         4116    .ARM.Collect$$libinit$$00000013  c_w.l(libinit2.o)
    0x08000178   0x08000178   0x00000000   Code   RO         4118    .ARM.Collect$$libinit$$00000015  c_w.l(libinit2.o)
    0x08000178   0x08000178   0x00000000   Code   RO         4120    .ARM.Collect$$libinit$$00000017  c_w.l(libinit2.o)
    0x08000178   0x08000178   0x00000000   Code   RO         4122    .ARM.Collect$$libinit$$00000019  c_w.l(libinit2.o)
    0x08000178   0x08000178   0x00000000   Code   RO         4124    .ARM.Collect$$libinit$$0000001B  c_w.l(libinit2.o)
    0x08000178   0x08000178   0x00000000   Code   RO         4126    .ARM.Collect$$libinit$$0000001D  c_w.l(libinit2.o)
    0x08000178   0x08000178   0x00000000   Code   RO         4128    .ARM.Collect$$libinit$$0000001F  c_w.l(libinit2.o)
    0x08000178   0x08000178   0x00000000   Code   RO         4130    .ARM.Collect$$libinit$$00000021  c_w.l(libinit2.o)
    0x08000178   0x08000178   0x00000000   Code   RO         4132    .ARM.Collect$$libinit$$00000023  c_w.l(libinit2.o)
    0x08000178   0x08000178   0x00000000   Code   RO         4134    .ARM.Collect$$libinit$$00000025  c_w.l(libinit2.o)
    0x08000178   0x08000178   0x00000000   Code   RO         4138    .ARM.Collect$$libinit$$0000002C  c_w.l(libinit2.o)
    0x08000178   0x08000178   0x00000000   Code   RO         4140    .ARM.Collect$$libinit$$0000002E  c_w.l(libinit2.o)
    0x08000178   0x08000178   0x00000000   Code   RO         4142    .ARM.Collect$$libinit$$00000030  c_w.l(libinit2.o)
    0x08000178   0x08000178   0x00000000   Code   RO         4144    .ARM.Collect$$libinit$$00000032  c_w.l(libinit2.o)
    0x08000178   0x08000178   0x00000002   Code   RO         4145    .ARM.Collect$$libinit$$00000033  c_w.l(libinit2.o)
    0x0800017a   0x0800017a   0x00000002   Code   RO         4165    .ARM.Collect$$libshutdown$$00000000  c_w.l(libshutdown.o)
    0x0800017c   0x0800017c   0x00000000   Code   RO         4178    .ARM.Collect$$libshutdown$$00000002  c_w.l(libshutdown2.o)
    0x0800017c   0x0800017c   0x00000000   Code   RO         4180    .ARM.Collect$$libshutdown$$00000004  c_w.l(libshutdown2.o)
    0x0800017c   0x0800017c   0x00000000   Code   RO         4183    .ARM.Collect$$libshutdown$$00000007  c_w.l(libshutdown2.o)
    0x0800017c   0x0800017c   0x00000000   Code   RO         4186    .ARM.Collect$$libshutdown$$0000000A  c_w.l(libshutdown2.o)
    0x0800017c   0x0800017c   0x00000000   Code   RO         4188    .ARM.Collect$$libshutdown$$0000000C  c_w.l(libshutdown2.o)
    0x0800017c   0x0800017c   0x00000000   Code   RO         4191    .ARM.Collect$$libshutdown$$0000000F  c_w.l(libshutdown2.o)
    0x0800017c   0x0800017c   0x00000002   Code   RO         4192    .ARM.Collect$$libshutdown$$00000010  c_w.l(libshutdown2.o)
    0x0800017e   0x0800017e   0x00000000   Code   RO         4048    .ARM.Collect$$rtentry$$00000000  c_w.l(__rtentry.o)
    0x0800017e   0x0800017e   0x00000000   Code   RO         4070    .ARM.Collect$$rtentry$$00000002  c_w.l(__rtentry2.o)
    0x0800017e   0x0800017e   0x00000006   Code   RO         4082    .ARM.Collect$$rtentry$$00000004  c_w.l(__rtentry4.o)
    0x08000184   0x08000184   0x00000000   Code   RO         4072    .ARM.Collect$$rtentry$$00000009  c_w.l(__rtentry2.o)
    0x08000184   0x08000184   0x00000004   Code   RO         4073    .ARM.Collect$$rtentry$$0000000A  c_w.l(__rtentry2.o)
    0x08000188   0x08000188   0x00000000   Code   RO         4075    .ARM.Collect$$rtentry$$0000000C  c_w.l(__rtentry2.o)
    0x08000188   0x08000188   0x00000008   Code   RO         4076    .ARM.Collect$$rtentry$$0000000D  c_w.l(__rtentry2.o)
    0x08000190   0x08000190   0x00000002   Code   RO         4099    .ARM.Collect$$rtexit$$00000000  c_w.l(rtexit.o)
    0x08000192   0x08000192   0x00000000   Code   RO         4147    .ARM.Collect$$rtexit$$00000002  c_w.l(rtexit2.o)
    0x08000192   0x08000192   0x00000004   Code   RO         4148    .ARM.Collect$$rtexit$$00000003  c_w.l(rtexit2.o)
    0x08000196   0x08000196   0x00000006   Code   RO         4149    .ARM.Collect$$rtexit$$00000004  c_w.l(rtexit2.o)
    0x0800019c   0x0800019c   0x00000096   Code   RO         3893    .emb_text           port.o
    0x08000232   0x08000232   0x00000002   PAD
    0x08000234   0x08000234   0x00000040   Code   RO            4    .text               startup_stm32f103xb.o
    0x08000274   0x08000274   0x00000034   Code   RO         3976    .text               c_w.l(noretval__2snprintf.o)
    0x080002a8   0x080002a8   0x0000004e   Code   RO         3980    .text               c_w.l(_printf_pad.o)
    0x080002f6   0x080002f6   0x00000052   Code   RO         3982    .text               c_w.l(_printf_str.o)
    0x08000348   0x08000348   0x00000078   Code   RO         3984    .text               c_w.l(_printf_dec.o)
    0x080003c0   0x080003c0   0x00000138   Code   RO         3998    .text               c_w.l(__printf_flags_wp.o)
    0x080004f8   0x080004f8   0x00000024   Code   RO         4010    .text               c_w.l(strstr.o)
    0x0800051c   0x0800051c   0x0000003e   Code   RO         4012    .text               c_w.l(strlen.o)
    0x0800055a   0x0800055a   0x0000008a   Code   RO         4014    .text               c_w.l(rt_memcpy_v6.o)
    0x080005e4   0x080005e4   0x00000010   Code   RO         4018    .text               c_w.l(aeabi_memset.o)
    0x080005f4   0x080005f4   0x0000004e   Code   RO         4020    .text               c_w.l(rt_memclr_w.o)
    0x08000642   0x08000642   0x00000006   Code   RO         4022    .text               c_w.l(heapauxi.o)
    0x08000648   0x08000648   0x000000b2   Code   RO         4049    .text               c_w.l(_printf_intcommon.o)
    0x080006fa   0x080006fa   0x00000002   PAD
    0x080006fc   0x080006fc   0x00000030   Code   RO         4051    .text               c_w.l(_printf_char_common.o)
    0x0800072c   0x0800072c   0x0000000a   Code   RO         4053    .text               c_w.l(_sputc.o)
    0x08000736   0x08000736   0x00000010   Code   RO         4055    .text               c_w.l(_snputc.o)
    0x08000746   0x08000746   0x0000002c   Code   RO         4057    .text               c_w.l(_printf_char.o)
    0x08000772   0x08000772   0x00000064   Code   RO         4060    .text               c_w.l(rt_memcpy_w.o)
    0x080007d6   0x080007d6   0x00000044   Code   RO         4062    .text               c_w.l(rt_memclr.o)
    0x0800081a   0x0800081a   0x0000004a   Code   RO         4086    .text               c_w.l(sys_stackheap_outer.o)
    0x08000864   0x08000864   0x00000012   Code   RO         4088    .text               c_w.l(exit.o)
    0x08000876   0x08000876   0x00000002   PAD
    0x08000878   0x08000878   0x00000008   Code   RO         4096    .text               c_w.l(libspace.o)
    0x08000880   0x08000880   0x0000000c   Code   RO         4157    .text               c_w.l(sys_exit.o)
    0x0800088c   0x0800088c   0x00000002   Code   RO         4168    .text               c_w.l(use_no_semi.o)
    0x0800088e   0x0800088e   0x00000000   Code   RO         4170    .text               c_w.l(indicate_semi.o)
    0x0800088e   0x0800088e   0x00000002   PAD
    0x08000890   0x08000890   0x00000056   Code   RO          567    i.ADC_ConversionStop_Disable  stm32f1xx_hal_adc.o
    0x080008e6   0x080008e6   0x00000002   PAD
    0x080008e8   0x080008e8   0x0000007c   Code   RO          571    i.ADC_Enable        stm32f1xx_hal_adc.o
    0x08000964   0x08000964   0x0000000c   Code   RO          288    i.ADC_Start         adc.o
    0x08000970   0x08000970   0x00000002   Code   RO          437    i.BusFault_Handler  stm32f1xx_it.o
    0x08000972   0x08000972   0x00000002   PAD
    0x08000974   0x08000974   0x0000000c   Code   RO          438    i.DMA1_Channel1_IRQHandler  stm32f1xx_it.o
    0x08000980   0x08000980   0x00000002   Code   RO          439    i.DebugMon_Handler  stm32f1xx_it.o
    0x08000982   0x08000982   0x00000002   PAD
    0x08000984   0x08000984   0x000001e0   Code   RO          208    i.ESPTask_function  freertos.o
    0x08000b64   0x08000b64   0x00000024   Code   RO          367    i.ESP_FlushUART     usart.o
    0x08000b88   0x08000b88   0x0000017c   Code   RO          368    i.ESP_Init          usart.o
    0x08000d04   0x08000d04   0x00000088   Code   RO          369    i.ESP_SendCommand   usart.o
    0x08000d8c   0x08000d8c   0x00000150   Code   RO          370    i.ESP_SendData      usart.o
    0x08000edc   0x08000edc   0x00000008   Code   RO          209    i.EncoderTask_function  freertos.o
    0x08000ee4   0x08000ee4   0x00000004   Code   RO           13    i.Error_Handler     main.o
    0x08000ee8   0x08000ee8   0x000000d8   Code   RO          747    i.HAL_ADCEx_Calibration_Start  stm32f1xx_hal_adc_ex.o
    0x08000fc0   0x08000fc0   0x000000fc   Code   RO          573    i.HAL_ADC_ConfigChannel  stm32f1xx_hal_adc.o
    0x080010bc   0x080010bc   0x00000006   Code   RO          580    i.HAL_ADC_GetValue  stm32f1xx_hal_adc.o
    0x080010c2   0x080010c2   0x00000002   PAD
    0x080010c4   0x080010c4   0x0000011c   Code   RO          582    i.HAL_ADC_Init      stm32f1xx_hal_adc.o
    0x080011e0   0x080011e0   0x0000008c   Code   RO          290    i.HAL_ADC_MspInit   adc.o
    0x0800126c   0x0800126c   0x0000013c   Code   RO          586    i.HAL_ADC_PollForConversion  stm32f1xx_hal_adc.o
    0x080013a8   0x080013a8   0x000000c0   Code   RO          588    i.HAL_ADC_Start     stm32f1xx_hal_adc.o
    0x08001468   0x08001468   0x00000034   Code   RO          591    i.HAL_ADC_Stop      stm32f1xx_hal_adc.o
    0x0800149c   0x0800149c   0x00000154   Code   RO         1229    i.HAL_DMA_IRQHandler  stm32f1xx_hal_dma.o
    0x080015f0   0x080015f0   0x0000005c   Code   RO         1230    i.HAL_DMA_Init      stm32f1xx_hal_dma.o
    0x0800164c   0x0800164c   0x000001e0   Code   RO         1160    i.HAL_GPIO_Init     stm32f1xx_hal_gpio.o
    0x0800182c   0x0800182c   0x0000000a   Code   RO         1162    i.HAL_GPIO_ReadPin  stm32f1xx_hal_gpio.o
    0x08001836   0x08001836   0x0000000a   Code   RO         1164    i.HAL_GPIO_WritePin  stm32f1xx_hal_gpio.o
    0x08001840   0x08001840   0x0000000c   Code   RO          854    i.HAL_GetTick       stm32f1xx_hal.o
    0x0800184c   0x0800184c   0x00000010   Code   RO          860    i.HAL_IncTick       stm32f1xx_hal.o
    0x0800185c   0x0800185c   0x00000024   Code   RO          861    i.HAL_Init          stm32f1xx_hal.o
    0x08001880   0x08001880   0x00000040   Code   RO          862    i.HAL_InitTick      stm32f1xx_hal.o
    0x080018c0   0x080018c0   0x00000048   Code   RO          507    i.HAL_MspInit       stm32f1xx_hal_msp.o
    0x08001908   0x08001908   0x0000001a   Code   RO         1320    i.HAL_NVIC_EnableIRQ  stm32f1xx_hal_cortex.o
    0x08001922   0x08001922   0x00000002   PAD
    0x08001924   0x08001924   0x00000040   Code   RO         1326    i.HAL_NVIC_SetPriority  stm32f1xx_hal_cortex.o
    0x08001964   0x08001964   0x00000024   Code   RO         1327    i.HAL_NVIC_SetPriorityGrouping  stm32f1xx_hal_cortex.o
    0x08001988   0x08001988   0x000000a4   Code   RO         1121    i.HAL_RCCEx_GetPeriphCLKFreq  stm32f1xx_hal_rcc_ex.o
    0x08001a2c   0x08001a2c   0x000000ec   Code   RO         1122    i.HAL_RCCEx_PeriphCLKConfig  stm32f1xx_hal_rcc_ex.o
    0x08001b18   0x08001b18   0x0000012c   Code   RO         1018    i.HAL_RCC_ClockConfig  stm32f1xx_hal_rcc.o
    0x08001c44   0x08001c44   0x00000020   Code   RO         1025    i.HAL_RCC_GetPCLK1Freq  stm32f1xx_hal_rcc.o
    0x08001c64   0x08001c64   0x00000020   Code   RO         1026    i.HAL_RCC_GetPCLK2Freq  stm32f1xx_hal_rcc.o
    0x08001c84   0x08001c84   0x0000004c   Code   RO         1027    i.HAL_RCC_GetSysClockFreq  stm32f1xx_hal_rcc.o
    0x08001cd0   0x08001cd0   0x00000320   Code   RO         1030    i.HAL_RCC_OscConfig  stm32f1xx_hal_rcc.o
    0x08001ff0   0x08001ff0   0x00000028   Code   RO         1331    i.HAL_SYSTICK_Config  stm32f1xx_hal_cortex.o
    0x08002018   0x08002018   0x00000064   Code   RO         1850    i.HAL_UART_Init     stm32f1xx_hal_uart.o
    0x0800207c   0x0800207c   0x00000070   Code   RO          372    i.HAL_UART_MspInit  usart.o
    0x080020ec   0x080020ec   0x000000b0   Code   RO         1853    i.HAL_UART_Receive  stm32f1xx_hal_uart.o
    0x0800219c   0x0800219c   0x000000a0   Code   RO         1858    i.HAL_UART_Transmit  stm32f1xx_hal_uart.o
    0x0800223c   0x0800223c   0x00000002   Code   RO          440    i.HardFault_Handler  stm32f1xx_it.o
    0x0800223e   0x0800223e   0x00000002   PAD
    0x08002240   0x08002240   0x000000dc   Code   RO          210    i.InputTask_function  freertos.o
    0x0800231c   0x0800231c   0x00000050   Code   RO          291    i.MX_ADC1_Init      adc.o
    0x0800236c   0x0800236c   0x0000002c   Code   RO          343    i.MX_DMA_Init       dma.o
    0x08002398   0x08002398   0x000000a8   Code   RO          211    i.MX_FREERTOS_Init  freertos.o
    0x08002440   0x08002440   0x000000e8   Code   RO          184    i.MX_GPIO_Init      gpio.o
    0x08002528   0x08002528   0x00000038   Code   RO          373    i.MX_USART1_UART_Init  usart.o
    0x08002560   0x08002560   0x00000002   Code   RO          441    i.MemManage_Handler  stm32f1xx_it.o
    0x08002562   0x08002562   0x00000002   PAD
    0x08002564   0x08002564   0x00000078   Code   RO          212    i.MotorTask_function  freertos.o
    0x080025dc   0x080025dc   0x00000002   Code   RO          442    i.NMI_Handler       stm32f1xx_it.o
    0x080025de   0x080025de   0x00000008   Code   RO          213    i.OTATask_function  freertos.o
    0x080025e6   0x080025e6   0x00000002   PAD
    0x080025e8   0x080025e8   0x00000030   Code   RO          292    i.Read_ADC          adc.o
    0x08002618   0x08002618   0x00000008   Code   RO          214    i.StartDefaultTask  freertos.o
    0x08002620   0x08002620   0x00000018   Code   RO          443    i.SysTick_Handler   stm32f1xx_it.o
    0x08002638   0x08002638   0x00000068   Code   RO           14    i.SystemClock_Config  main.o
    0x080026a0   0x080026a0   0x00000002   Code   RO         2184    i.SystemInit        system_stm32f1xx.o
    0x080026a2   0x080026a2   0x0000004e   Code   RO         1873    i.UART_EndRxTransfer  stm32f1xx_hal_uart.o
    0x080026f0   0x080026f0   0x000000b8   Code   RO         1876    i.UART_SetConfig    stm32f1xx_hal_uart.o
    0x080027a8   0x080027a8   0x00000072   Code   RO         1879    i.UART_WaitOnFlagUntilTimeout  stm32f1xx_hal_uart.o
    0x0800281a   0x0800281a   0x00000002   Code   RO          444    i.UsageFault_Handler  stm32f1xx_it.o
    0x0800281c   0x0800281c   0x00000020   Code   RO         1333    i.__NVIC_SetPriority  stm32f1xx_hal_cortex.o
    0x0800283c   0x0800283c   0x0000000e   Code   RO         3996    i._is_digit         c_w.l(__printf_wp.o)
    0x0800284a   0x0800284a   0x0000002a   Code   RO           15    i.main              main.o
    0x08002874   0x08002874   0x0000001a   Code   RO         3332    i.osDelay           cmsis_os2.o
    0x0800288e   0x0800288e   0x0000002c   Code   RO         3337    i.osEventFlagsNew   cmsis_os2.o
    0x080028ba   0x080028ba   0x00000002   PAD
    0x080028bc   0x080028bc   0x00000024   Code   RO         3346    i.osKernelInitialize  cmsis_os2.o
    0x080028e0   0x080028e0   0x00000038   Code   RO         3349    i.osKernelStart     cmsis_os2.o
    0x08002918   0x08002918   0x00000064   Code   RO         3361    i.osMessageQueueGet  cmsis_os2.o
    0x0800297c   0x0800297c   0x00000058   Code   RO         3366    i.osMessageQueueNew  cmsis_os2.o
    0x080029d4   0x080029d4   0x00000068   Code   RO         3367    i.osMessageQueuePut  cmsis_os2.o
    0x08002a3c   0x08002a3c   0x00000052   Code   RO         3369    i.osMutexAcquire    cmsis_os2.o
    0x08002a8e   0x08002a8e   0x00000068   Code   RO         3372    i.osMutexNew        cmsis_os2.o
    0x08002af6   0x08002af6   0x00000042   Code   RO         3373    i.osMutexRelease    cmsis_os2.o
    0x08002b38   0x08002b38   0x00000098   Code   RO         3377    i.osSemaphoreNew    cmsis_os2.o
    0x08002bd0   0x08002bd0   0x0000008a   Code   RO         3391    i.osThreadNew       cmsis_os2.o
    0x08002c5a   0x08002c5a   0x00000002   PAD
    0x08002c5c   0x08002c5c   0x0000005c   Code   RO         2792    i.prvAddCurrentTaskToDelayedList  tasks.o
    0x08002cb8   0x08002cb8   0x000000d0   Code   RO         2793    i.prvAddNewTaskToReadyList  tasks.o
    0x08002d88   0x08002d88   0x00000058   Code   RO         3157    i.prvCheckForValidListAndQueue  timers.o
    0x08002de0   0x08002de0   0x00000026   Code   RO         2389    i.prvCopyDataFromQueue  queue.o
    0x08002e06   0x08002e06   0x0000006c   Code   RO         2390    i.prvCopyDataToQueue  queue.o
    0x08002e72   0x08002e72   0x00000034   Code   RO         2794    i.prvDeleteTCB      tasks.o
    0x08002ea6   0x08002ea6   0x00000002   PAD
    0x08002ea8   0x08002ea8   0x0000004c   Code   RO         3838    i.prvHeapInit       heap_4.o
    0x08002ef4   0x08002ef4   0x00000060   Code   RO         2795    i.prvIdleTask       tasks.o
    0x08002f54   0x08002f54   0x00000016   Code   RO         2391    i.prvInitialiseMutex  queue.o
    0x08002f6a   0x08002f6a   0x00000002   PAD
    0x08002f6c   0x08002f6c   0x00000022   Code   RO         2392    i.prvInitialiseNewQueue  queue.o
    0x08002f8e   0x08002f8e   0x00000002   PAD
    0x08002f90   0x08002f90   0x000000b0   Code   RO         2796    i.prvInitialiseNewTask  tasks.o
    0x08003040   0x08003040   0x0000004c   Code   RO         3839    i.prvInsertBlockIntoFreeList  heap_4.o
    0x0800308c   0x0800308c   0x00000038   Code   RO         3159    i.prvInsertTimerInActiveList  timers.o
    0x080030c4   0x080030c4   0x0000001c   Code   RO         2393    i.prvIsQueueEmpty   queue.o
    0x080030e0   0x080030e0   0x000000fc   Code   RO         3160    i.prvProcessReceivedCommands  timers.o
    0x080031dc   0x080031dc   0x000000c0   Code   RO         3161    i.prvProcessTimerOrBlockTask  timers.o
    0x0800329c   0x0800329c   0x00000020   Code   RO         2798    i.prvResetNextTaskUnblockTime  tasks.o
    0x080032bc   0x080032bc   0x00000028   Code   RO         3162    i.prvSampleTimeNow  timers.o
    0x080032e4   0x080032e4   0x0000006c   Code   RO         3163    i.prvSwitchTimerLists  timers.o
    0x08003350   0x08003350   0x00000028   Code   RO         3894    i.prvTaskExitError  port.o
    0x08003378   0x08003378   0x00000024   Code   RO         3164    i.prvTimerTask      timers.o
    0x0800339c   0x0800339c   0x0000006a   Code   RO         2394    i.prvUnlockQueue    queue.o
    0x08003406   0x08003406   0x00000002   PAD
    0x08003408   0x08003408   0x000000dc   Code   RO         3840    i.pvPortMalloc      heap_4.o
    0x080034e4   0x080034e4   0x00000018   Code   RO         2801    i.pvTaskIncrementMutexHeldCount  tasks.o
    0x080034fc   0x080034fc   0x00000024   Code   RO         3895    i.pxPortInitialiseStack  port.o
    0x08003520   0x08003520   0x00000026   Code   RO         2349    i.uxListRemove      list.o
    0x08003546   0x08003546   0x00000002   PAD
    0x08003548   0x08003548   0x00000014   Code   RO         3403    i.vApplicationGetIdleTaskMemory  cmsis_os2.o
    0x0800355c   0x0800355c   0x00000018   Code   RO         3404    i.vApplicationGetTimerTaskMemory  cmsis_os2.o
    0x08003574   0x08003574   0x00000016   Code   RO         2350    i.vListInitialise   list.o
    0x0800358a   0x0800358a   0x00000006   Code   RO         2351    i.vListInitialiseItem  list.o
    0x08003590   0x08003590   0x00000030   Code   RO         2352    i.vListInsert       list.o
    0x080035c0   0x080035c0   0x00000018   Code   RO         2353    i.vListInsertEnd    list.o
    0x080035d8   0x080035d8   0x00000040   Code   RO         3897    i.vPortEnterCritical  port.o
    0x08003618   0x08003618   0x00000028   Code   RO         3898    i.vPortExitCritical  port.o
    0x08003640   0x08003640   0x00000064   Code   RO         3841    i.vPortFree         heap_4.o
    0x080036a4   0x080036a4   0x00000024   Code   RO         3899    i.vPortSetupTimerInterrupt  port.o
    0x080036c8   0x080036c8   0x00000054   Code   RO         3900    i.vPortValidateInterruptPriority  port.o
    0x0800371c   0x0800371c   0x00000028   Code   RO         2400    i.vQueueAddToRegistry  queue.o
    0x08003744   0x08003744   0x0000002e   Code   RO         2401    i.vQueueDelete      queue.o
    0x08003772   0x08003772   0x00000002   PAD
    0x08003774   0x08003774   0x00000028   Code   RO         2403    i.vQueueUnregisterQueue  queue.o
    0x0800379c   0x0800379c   0x00000044   Code   RO         2404    i.vQueueWaitForMessageRestricted  queue.o
    0x080037e0   0x080037e0   0x0000004c   Code   RO         2811    i.vTaskDelay        tasks.o
    0x0800382c   0x0800382c   0x00000010   Code   RO         2816    i.vTaskInternalSetTimeOutState  tasks.o
    0x0800383c   0x0800383c   0x0000000c   Code   RO         2817    i.vTaskMissedYield  tasks.o
    0x08003848   0x08003848   0x00000030   Code   RO         2819    i.vTaskPlaceOnEventList  tasks.o
    0x08003878   0x08003878   0x00000038   Code   RO         2820    i.vTaskPlaceOnEventListRestricted  tasks.o
    0x080038b0   0x080038b0   0x00000090   Code   RO         2822    i.vTaskPriorityDisinheritAfterTimeout  tasks.o
    0x08003940   0x08003940   0x00000088   Code   RO         2828    i.vTaskStartScheduler  tasks.o
    0x080039c8   0x080039c8   0x00000010   Code   RO         2830    i.vTaskSuspendAll   tasks.o
    0x080039d8   0x080039d8   0x00000064   Code   RO         2831    i.vTaskSwitchContext  tasks.o
    0x08003a3c   0x08003a3c   0x0000001c   Code   RO         2235    i.xEventGroupCreate  event_groups.o
    0x08003a58   0x08003a58   0x0000002c   Code   RO         2236    i.xEventGroupCreateStatic  event_groups.o
    0x08003a84   0x08003a84   0x000000a8   Code   RO         3901    i.xPortStartScheduler  port.o
    0x08003b2c   0x08003b2c   0x0000002c   Code   RO         3902    i.xPortSysTickHandler  port.o
    0x08003b58   0x08003b58   0x0000003a   Code   RO         2405    i.xQueueCreateCountingSemaphore  queue.o
    0x08003b92   0x08003b92   0x00000040   Code   RO         2406    i.xQueueCreateCountingSemaphoreStatic  queue.o
    0x08003bd2   0x08003bd2   0x00000016   Code   RO         2407    i.xQueueCreateMutex  queue.o
    0x08003be8   0x08003be8   0x0000001a   Code   RO         2408    i.xQueueCreateMutexStatic  queue.o
    0x08003c02   0x08003c02   0x00000042   Code   RO         2409    i.xQueueGenericCreate  queue.o
    0x08003c44   0x08003c44   0x00000066   Code   RO         2410    i.xQueueGenericCreateStatic  queue.o
    0x08003caa   0x08003caa   0x00000002   PAD
    0x08003cac   0x08003cac   0x00000088   Code   RO         2411    i.xQueueGenericReset  queue.o
    0x08003d34   0x08003d34   0x00000160   Code   RO         2412    i.xQueueGenericSend  queue.o
    0x08003e94   0x08003e94   0x000000be   Code   RO         2413    i.xQueueGenericSendFromISR  queue.o
    0x08003f52   0x08003f52   0x0000003e   Code   RO         2417    i.xQueueGiveMutexRecursive  queue.o
    0x08003f90   0x08003f90   0x00000138   Code   RO         2422    i.xQueueReceive     queue.o
    0x080040c8   0x080040c8   0x0000009a   Code   RO         2423    i.xQueueReceiveFromISR  queue.o
    0x08004162   0x08004162   0x00000002   PAD
    0x08004164   0x08004164   0x00000178   Code   RO         2424    i.xQueueSemaphoreTake  queue.o
    0x080042dc   0x080042dc   0x00000040   Code   RO         2425    i.xQueueTakeMutexRecursive  queue.o
    0x0800431c   0x0800431c   0x00000074   Code   RO         2833    i.xTaskCheckForTimeOut  tasks.o
    0x08004390   0x08004390   0x0000005a   Code   RO         2834    i.xTaskCreate       tasks.o
    0x080043ea   0x080043ea   0x00000056   Code   RO         2835    i.xTaskCreateStatic  tasks.o
    0x08004440   0x08004440   0x0000000c   Code   RO         2838    i.xTaskGetCurrentTaskHandle  tasks.o
    0x0800444c   0x0800444c   0x0000001c   Code   RO         2839    i.xTaskGetSchedulerState  tasks.o
    0x08004468   0x08004468   0x0000000c   Code   RO         2840    i.xTaskGetTickCount  tasks.o
    0x08004474   0x08004474   0x000000c8   Code   RO         2842    i.xTaskIncrementTick  tasks.o
    0x0800453c   0x0800453c   0x00000080   Code   RO         2845    i.xTaskPriorityDisinherit  tasks.o
    0x080045bc   0x080045bc   0x00000078   Code   RO         2846    i.xTaskPriorityInherit  tasks.o
    0x08004634   0x08004634   0x00000070   Code   RO         2847    i.xTaskRemoveFromEventList  tasks.o
    0x080046a4   0x080046a4   0x000000c4   Code   RO         2848    i.xTaskResumeAll    tasks.o
    0x08004768   0x08004768   0x00000060   Code   RO         3173    i.xTimerCreateTimerTask  timers.o
    0x080047c8   0x080047c8   0x00000068   Code   RO         3174    i.xTimerGenericCommand  timers.o
    0x08004830   0x08004830   0x000000c4   Code   RO         4026    x$fpl$fadd          fz_ws.l(faddsub_clz.o)
    0x080048f4   0x080048f4   0x00000184   Code   RO         4033    x$fpl$fdiv          fz_ws.l(fdiv.o)
    0x08004a78   0x08004a78   0x00000036   Code   RO         4036    x$fpl$ffix          fz_ws.l(ffix.o)
    0x08004aae   0x08004aae   0x00000002   PAD
    0x08004ab0   0x08004ab0   0x00000030   Code   RO         4041    x$fpl$fflt          fz_ws.l(fflt_clz.o)
    0x08004ae0   0x08004ae0   0x00000026   Code   RO         4040    x$fpl$ffltu         fz_ws.l(fflt_clz.o)
    0x08004b06   0x08004b06   0x00000002   PAD
    0x08004b08   0x08004b08   0x00000102   Code   RO         4046    x$fpl$fmul          fz_ws.l(fmul.o)
    0x08004c0a   0x08004c0a   0x0000008c   Code   RO         4064    x$fpl$fnaninf       fz_ws.l(fnaninf.o)
    0x08004c96   0x08004c96   0x0000000a   Code   RO         4066    x$fpl$fretinf       fz_ws.l(fretinf.o)
    0x08004ca0   0x08004ca0   0x00000014   Code   RO         4027    x$fpl$frsb          fz_ws.l(faddsub_clz.o)
    0x08004cb4   0x08004cb4   0x000000ea   Code   RO         4028    x$fpl$fsub          fz_ws.l(faddsub_clz.o)
    0x08004d9e   0x08004d9e   0x00000000   Code   RO         4068    x$fpl$usenofp       fz_ws.l(usenofp.o)
    0x08004d9e   0x08004d9e   0x00000002   PAD
    0x08004da0   0x08004da0   0x00000120   Data   RO          216    .constdata          freertos.o
    0x08004ec0   0x08004ec0   0x00000012   Data   RO         1031    .constdata          stm32f1xx_hal_rcc.o
    0x08004ed2   0x08004ed2   0x00000012   Data   RO         1123    .constdata          stm32f1xx_hal_rcc_ex.o
    0x08004ee4   0x08004ee4   0x00000010   Data   RO         2185    .constdata          system_stm32f1xx.o
    0x08004ef4   0x08004ef4   0x00000008   Data   RO         2186    .constdata          system_stm32f1xx.o
    0x08004efc   0x08004efc   0x00000011   Data   RO         3999    .constdata          c_w.l(__printf_flags_wp.o)
    0x08004f0d   0x08004f0d   0x00000003   PAD
    0x08004f10   0x08004f10   0x00000081   Data   RO          217    .conststring        freertos.o
    0x08004f91   0x08004f91   0x00000003   PAD
    0x08004f94   0x08004f94   0x00000020   Data   RO         4223    Region$$Table       anon$$obj.o


    Execution Region RW_IRAM1 (Exec base: 0x20000000, Load base: 0x08004fb4, Size: 0x000034c8, Max: 0x00005000, ABSOLUTE)

    Exec Addr    Load Addr    Size         Type   Attr      Idx    E Section Name        Object

    0x20000000   0x08004fb4   0x0000002c   Data   RW          219    .data               freertos.o
    0x2000002c   0x08004fe0   0x00000004   Data   RW          294    .data               adc.o
    0x20000030   0x08004fe4   0x00000001   Data   RW          375    .data               usart.o
    0x20000031   0x08004fe5   0x00000003   PAD
    0x20000034   0x08004fe8   0x0000000c   Data   RW          868    .data               stm32f1xx_hal.o
    0x20000040   0x08004ff4   0x00000004   Data   RW         2187    .data               system_stm32f1xx.o
    0x20000044   0x08004ff8   0x0000003c   Data   RW         2851    .data               tasks.o
    0x20000080   0x08005034   0x00000014   Data   RW         3182    .data               timers.o
    0x20000094   0x08005048   0x00000004   Data   RW         3406    .data               cmsis_os2.o
    0x20000098   0x0800504c   0x00000020   Data   RW         3847    .data               heap_4.o
    0x200000b8   0x0800506c   0x0000000c   Data   RW         3903    .data               port.o
    0x200000c4        -       0x00000014   Zero   RW          215    .bss                freertos.o
    0x200000d8        -       0x00000074   Zero   RW          293    .bss                adc.o
    0x2000014c        -       0x00000048   Zero   RW          374    .bss                usart.o
    0x20000194        -       0x00000040   Zero   RW         2426    .bss                queue.o
    0x200001d4        -       0x000004c4   Zero   RW         2850    .bss                tasks.o
    0x20000698        -       0x00000118   Zero   RW         3181    .bss                timers.o
    0x200007b0        -       0x000006b8   Zero   RW         3405    .bss                cmsis_os2.o
    0x20000e68        -       0x00002000   Zero   RW         3846    .bss                heap_4.o
    0x20002e68        -       0x00000060   Zero   RW         4097    .bss                c_w.l(libspace.o)
    0x20002ec8        -       0x00000200   Zero   RW            2    HEAP                startup_stm32f103xb.o
    0x200030c8        -       0x00000400   Zero   RW            1    STACK               startup_stm32f103xb.o


==============================================================================

Image component sizes


      Code (inc. data)   RO Data    RW Data    ZI Data      Debug   Object Name

       280         46          0          4        116       2635   adc.o
      1040         30          0          4       1720      66319   cmsis_os2.o
        44          4          0          0          0        754   dma.o
        72          0          0          0          0      22642   event_groups.o
      1012        172        417         44         20       6686   freertos.o
       232         18          0          0          0        967   gpio.o
       472         24          0         32       8192       4751   heap_4.o
       138          0          0          0          0       3382   list.o
       150          0          0          0          0     427392   main.o
       662         70          0         12          0      10717   port.o
      2514         28          0          0         64      27988   queue.o
        64         26        236          0       1536        808   startup_stm32f103xb.o
       128         24          0         12          0       5285   stm32f1xx_hal.o
      1312         54          0          0          0       7211   stm32f1xx_hal_adc.o
       216          6          0          0          0       1430   stm32f1xx_hal_adc_ex.o
       198         14          0          0          0      28923   stm32f1xx_hal_cortex.o
       432         32          0          0          0       1992   stm32f1xx_hal_dma.o
       500         34          0          0          0       3503   stm32f1xx_hal_gpio.o
        72         10          0          0          0        866   stm32f1xx_hal_msp.o
      1240         84         18          0          0       5100   stm32f1xx_hal_rcc.o
       400         28         18          0          0       2465   stm32f1xx_hal_rcc_ex.o
       812          6          0          0          0       5731   stm32f1xx_hal_uart.o
        48          6          0          0          0       3526   stm32f1xx_it.o
         0          0          0          0          0        392   stream_buffer.o
         2          0         24          4          0       1107   system_stm32f1xx.o
      2384        198          0         60       1220      29141   tasks.o
       972         80          0         20        280      32003   timers.o
      1056        236          0          1         72       4891   usart.o

    ----------------------------------------------------------------------
     16490       1230        748        196      13220     708607   Object Totals
         0          0         32          0          0          0   (incl. Generated)
        38          0          3          3          0          0   (incl. Padding)

    ----------------------------------------------------------------------

      Code (inc. data)   RO Data    RW Data    ZI Data      Debug   Library Member Name

         8          0          0          0          0         68   __main.o
       312          4         17          0          0         92   __printf_flags_wp.o
        14          0          0          0          0         68   __printf_wp.o
         0          0          0          0          0          0   __rtentry.o
        12          0          0          0          0          0   __rtentry2.o
         6          0          0          0          0          0   __rtentry4.o
        52          8          0          0          0          0   __scatter.o
        26          0          0          0          0          0   __scatter_copy.o
        28          0          0          0          0          0   __scatter_zi.o
        44          0          0          0          0        108   _printf_char.o
        48          6          0          0          0         96   _printf_char_common.o
         6          0          0          0          0          0   _printf_d.o
       120         16          0          0          0         92   _printf_dec.o
       178          0          0          0          0         88   _printf_intcommon.o
        78          0          0          0          0        108   _printf_pad.o
         0          0          0          0          0          0   _printf_percent.o
         4          0          0          0          0          0   _printf_percent_end.o
         6          0          0          0          0          0   _printf_s.o
        82          0          0          0          0         80   _printf_str.o
         6          0          0          0          0          0   _printf_u.o
        16          0          0          0          0         68   _snputc.o
        10          0          0          0          0         68   _sputc.o
        16          0          0          0          0         68   aeabi_memset.o
        18          0          0          0          0         80   exit.o
         6          0          0          0          0        152   heapauxi.o
         0          0          0          0          0          0   indicate_semi.o
         2          0          0          0          0          0   libinit.o
         2          0          0          0          0          0   libinit2.o
         2          0          0          0          0          0   libshutdown.o
         2          0          0          0          0          0   libshutdown2.o
         8          4          0          0         96         68   libspace.o
        52          4          0          0          0         84   noretval__2snprintf.o
        68          0          0          0          0         68   rt_memclr.o
        78          0          0          0          0         80   rt_memclr_w.o
       138          0          0          0          0         68   rt_memcpy_v6.o
       100          0          0          0          0         80   rt_memcpy_w.o
         2          0          0          0          0          0   rtexit.o
        10          0          0          0          0          0   rtexit2.o
        62          0          0          0          0         76   strlen.o
        36          0          0          0          0         80   strstr.o
        12          4          0          0          0         68   sys_exit.o
        74          0          0          0          0         80   sys_stackheap_outer.o
         2          0          0          0          0         68   use_no_semi.o
       450          8          0          0          0        236   faddsub_clz.o
       388         76          0          0          0         96   fdiv.o
        54          4          0          0          0         84   ffix.o
        86          0          0          0          0        136   fflt_clz.o
       258          4          0          0          0         84   fmul.o
       140          4          0          0          0         84   fnaninf.o
        10          0          0          0          0         68   fretinf.o
         0          0          0          0          0          0   usenofp.o

    ----------------------------------------------------------------------
      3146        142         20          0         96       2844   Library Totals
        14          0          3          0          0          0   (incl. Padding)

    ----------------------------------------------------------------------

      Code (inc. data)   RO Data    RW Data    ZI Data      Debug   Library Name

      1746         46         17          0         96       2056   c_w.l
      1386         96          0          0          0        788   fz_ws.l

    ----------------------------------------------------------------------
      3146        142         20          0         96       2844   Library Totals

    ----------------------------------------------------------------------

==============================================================================


      Code (inc. data)   RO Data    RW Data    ZI Data      Debug   

     19636       1372        768        196      13316     701671   Grand Totals
     19636       1372        768        196      13316     701671   ELF Image Totals
     19636       1372        768        196          0          0   ROM Totals

==============================================================================

    Total RO  Size (Code + RO Data)                20404 (  19.93kB)
    Total RW  Size (RW Data + ZI Data)             13512 (  13.20kB)
    Total ROM Size (Code + RO Data + RW Data)      20600 (  20.12kB)

==============================================================================

