Component: ARM Compiler 5.06 update 6 (build 750) Tool: armlink [4d35ed]

==============================================================================

Section Cross References

    startup_stm32f103xb.o(STACK) refers (Special) to heapauxi.o(.text) for __use_two_region_memory
    startup_stm32f103xb.o(HEAP) refers (Special) to heapauxi.o(.text) for __use_two_region_memory
    startup_stm32f103xb.o(RESET) refers (Special) to heapauxi.o(.text) for __use_two_region_memory
    startup_stm32f103xb.o(RESET) refers to startup_stm32f103xb.o(STACK) for __initial_sp
    startup_stm32f103xb.o(RESET) refers to startup_stm32f103xb.o(.text) for Reset_Handler
    startup_stm32f103xb.o(RESET) refers to stm32f1xx_it.o(i.NMI_Handler) for NMI_Handler
    startup_stm32f103xb.o(RESET) refers to stm32f1xx_it.o(i.HardFault_Handler) for HardFault_Handler
    startup_stm32f103xb.o(RESET) refers to stm32f1xx_it.o(i.MemManage_Handler) for MemManage_Handler
    startup_stm32f103xb.o(RESET) refers to stm32f1xx_it.o(i.BusFault_Handler) for BusFault_Handler
    startup_stm32f103xb.o(RESET) refers to stm32f1xx_it.o(i.UsageFault_Handler) for UsageFault_Handler
    startup_stm32f103xb.o(RESET) refers to port.o(.emb_text) for SVC_Handler
    startup_stm32f103xb.o(RESET) refers to stm32f1xx_it.o(i.DebugMon_Handler) for DebugMon_Handler
    startup_stm32f103xb.o(RESET) refers to stm32f1xx_it.o(i.SysTick_Handler) for SysTick_Handler
    startup_stm32f103xb.o(.text) refers (Special) to heapauxi.o(.text) for __use_two_region_memory
    startup_stm32f103xb.o(.text) refers to system_stm32f1xx.o(i.SystemInit) for SystemInit
    startup_stm32f103xb.o(.text) refers to __main.o(!!!main) for __main
    startup_stm32f103xb.o(.text) refers to startup_stm32f103xb.o(HEAP) for Heap_Mem
    startup_stm32f103xb.o(.text) refers to startup_stm32f103xb.o(STACK) for Stack_Mem
    main.o(i.SystemClock_Config) refers to rt_memclr_w.o(.text) for __aeabi_memclr4
    main.o(i.SystemClock_Config) refers to stm32f1xx_hal_rcc.o(i.HAL_RCC_OscConfig) for HAL_RCC_OscConfig
    main.o(i.SystemClock_Config) refers to stm32f1xx_hal_rcc.o(i.HAL_RCC_ClockConfig) for HAL_RCC_ClockConfig
    main.o(i.SystemClock_Config) refers to stm32f1xx_hal_rcc_ex.o(i.HAL_RCCEx_PeriphCLKConfig) for HAL_RCCEx_PeriphCLKConfig
    main.o(i.main) refers to stm32f1xx_hal.o(i.HAL_Init) for HAL_Init
    main.o(i.main) refers to main.o(i.SystemClock_Config) for SystemClock_Config
    main.o(i.main) refers to gpio.o(i.MX_GPIO_Init) for MX_GPIO_Init
    main.o(i.main) refers to adc.o(i.MX_ADC1_Init) for MX_ADC1_Init
    main.o(i.main) refers to usart.o(i.MX_USART1_UART_Init) for MX_USART1_UART_Init
    main.o(i.main) refers to tim.o(i.MX_TIM1_Init) for MX_TIM1_Init
    main.o(i.main) refers to tim.o(i.MX_TIM2_Init) for MX_TIM2_Init
    main.o(i.main) refers to adc.o(i.ADC_Start) for ADC_Start
    main.o(i.main) refers to cmsis_os2.o(i.osKernelInitialize) for osKernelInitialize
    main.o(i.main) refers to freertos.o(i.MX_FREERTOS_Init) for MX_FREERTOS_Init
    main.o(i.main) refers to cmsis_os2.o(i.osKernelStart) for osKernelStart
    gpio.o(i.MX_GPIO_Init) refers to stm32f1xx_hal_gpio.o(i.HAL_GPIO_WritePin) for HAL_GPIO_WritePin
    gpio.o(i.MX_GPIO_Init) refers to stm32f1xx_hal_gpio.o(i.HAL_GPIO_Init) for HAL_GPIO_Init
    gpio.o(i.Off_Led) refers to stm32f1xx_hal_gpio.o(i.HAL_GPIO_WritePin) for HAL_GPIO_WritePin
    freertos.o(i.ESPTask_function) refers to _printf_pad.o(.text) for _printf_pre_padding
    freertos.o(i.ESPTask_function) refers to _printf_percent.o(.ARM.Collect$$_printf_percent$$00000000) for _printf_percent
    freertos.o(i.ESPTask_function) refers to _printf_d.o(.ARM.Collect$$_printf_percent$$00000009) for _printf_d
    freertos.o(i.ESPTask_function) refers to _printf_u.o(.ARM.Collect$$_printf_percent$$0000000A) for _printf_u
    freertos.o(i.ESPTask_function) refers to _printf_s.o(.ARM.Collect$$_printf_percent$$00000014) for _printf_s
    freertos.o(i.ESPTask_function) refers to _printf_dec.o(.text) for _printf_int_dec
    freertos.o(i.ESPTask_function) refers to _printf_str.o(.text) for _printf_str
    freertos.o(i.ESPTask_function) refers to cmsis_os2.o(i.osDelay) for osDelay
    freertos.o(i.ESPTask_function) refers to usart.o(i.ESP_Init) for ESP_Init
    freertos.o(i.ESPTask_function) refers to stm32f1xx_hal_gpio.o(i.HAL_GPIO_WritePin) for HAL_GPIO_WritePin
    freertos.o(i.ESPTask_function) refers to usart.o(i.ESP_SendCommand) for ESP_SendCommand
    freertos.o(i.ESPTask_function) refers to cmsis_os2.o(i.osMutexAcquire) for osMutexAcquire
    freertos.o(i.ESPTask_function) refers to ffix.o(x$fpl$ffix) for __aeabi_f2iz
    freertos.o(i.ESPTask_function) refers to fflt_clz.o(x$fpl$fflt) for __aeabi_i2f
    freertos.o(i.ESPTask_function) refers to faddsub_clz.o(x$fpl$frsb) for __aeabi_frsub
    freertos.o(i.ESPTask_function) refers to fmul.o(x$fpl$fmul) for __aeabi_fmul
    freertos.o(i.ESPTask_function) refers to cmsis_os2.o(i.osMutexRelease) for osMutexRelease
[...]
    i.xTaskCreate                            0x080073cc   Section        0  tasks.o(i.xTaskCreate)
    i.xTaskCreateStatic                      0x08007426   Section        0  tasks.o(i.xTaskCreateStatic)
    i.xTaskGetCurrentTaskHandle              0x0800747c   Section        0  tasks.o(i.xTaskGetCurrentTaskHandle)
    i.xTaskGetSchedulerState                 0x08007488   Section        0  tasks.o(i.xTaskGetSchedulerState)
    i.xTaskGetTickCount                      0x080074a4   Section        0  tasks.o(i.xTaskGetTickCount)
    i.xTaskIncrementTick                     0x080074b0   Section        0  tasks.o(i.xTaskIncrementTick)
    i.xTaskPriorityDisinherit                0x08007578   Section        0  tasks.o(i.xTaskPriorityDisinherit)
    i.xTaskPriorityInherit                   0x080075f8   Section        0  tasks.o(i.xTaskPriorityInherit)
    i.xTaskRemoveFromEventList               0x08007670   Section        0  tasks.o(i.xTaskRemoveFromEventList)
    i.xTaskResumeAll                         0x080076e0   Section        0  tasks.o(i.xTaskResumeAll)
    i.xTimerCreateTimerTask                  0x080077a4   Section        0  timers.o(i.xTimerCreateTimerTask)
    i.xTimerGenericCommand                   0x08007804   Section        0  timers.o(i.xTimerGenericCommand)
    x$fpl$fadd                               0x0800786c   Section      196  faddsub_clz.o(x$fpl$fadd)
    _fadd1                                   0x0800787b   Thumb Code     0  faddsub_clz.o(x$fpl$fadd)
    x$fpl$fdiv                               0x08007930   Section      388  fdiv.o(x$fpl$fdiv)
    _fdiv1                                   0x08007931   Thumb Code     0  fdiv.o(x$fpl$fdiv)
    x$fpl$ffix                               0x08007ab4   Section       54  ffix.o(x$fpl$ffix)
    x$fpl$ffixu                              0x08007aec   Section       62  ffixu.o(x$fpl$ffixu)
    x$fpl$fflt                               0x08007b2c   Section       48  fflt_clz.o(x$fpl$fflt)
    x$fpl$ffltu                              0x08007b5c   Section       38  fflt_clz.o(x$fpl$ffltu)
    x$fpl$fmul                               0x08007b84   Section      258  fmul.o(x$fpl$fmul)
    x$fpl$fnaninf                            0x08007c86   Section      140  fnaninf.o(x$fpl$fnaninf)
    x$fpl$fretinf                            0x08007d12   Section       10  fretinf.o(x$fpl$fretinf)
    x$fpl$frsb                               0x08007d1c   Section       20  faddsub_clz.o(x$fpl$frsb)
    x$fpl$fsub                               0x08007d30   Section      234  faddsub_clz.o(x$fpl$fsub)
    _fsub1                                   0x08007d3f   Thumb Code     0  faddsub_clz.o(x$fpl$fsub)
    x$fpl$usenofp                            0x08007e1a   Section        0  usenofp.o(x$fpl$usenofp)
    .constdata                               0x08007e1c   Section      288  freertos.o(.constdata)
    .constdata                               0x08007f3c   Section       18  stm32f1xx_hal_rcc.o(.constdata)
    aPredivFactorTable                       0x08007f3c   Data           2  stm32f1xx_hal_rcc.o(.constdata)
    aPLLMULFactorTable                       0x08007f3e   Data          16  stm32f1xx_hal_rcc.o(.constdata)
    .constdata                               0x08007f4e   Section       18  stm32f1xx_hal_rcc_ex.o(.constdata)
    aPredivFactorTable                       0x08007f4e   Data           2  stm32f1xx_hal_rcc_ex.o(.constdata)
    aPLLMULFactorTable                       0x08007f50   Data          16  stm32f1xx_hal_rcc_ex.o(.constdata)
    .constdata                               0x08007f60   Section       16  system_stm32f1xx.o(.constdata)
    .constdata                               0x08007f70   Section        8  system_stm32f1xx.o(.constdata)
    .constdata                               0x08007f78   Section       17  __printf_flags_wp.o(.constdata)
    maptable                                 0x08007f78   Data          17  __printf_flags_wp.o(.constdata)
    .conststring                             0x08007f8c   Section      129  freertos.o(.conststring)
    .data                                    0x20000000   Section       52  freertos.o(.data)
    .data                                    0x20000034   Section        4  adc.o(.data)
    .data                                    0x20000038   Section        1  usart.o(.data)
    .data                                    0x2000003c   Section       12  stm32f1xx_hal.o(.data)
    .data                                    0x20000048   Section        4  system_stm32f1xx.o(.data)
    .data                                    0x2000004c   Section       60  tasks.o(.data)
    uxDeletedTasksWaitingCleanUp             0x20000050   Data           4  tasks.o(.data)
    uxCurrentNumberOfTasks                   0x20000054   Data           4  tasks.o(.data)
    xTickCount                               0x20000058   Data           4  tasks.o(.data)
    uxTopReadyPriority                       0x2000005c   Data           4  tasks.o(.data)
    xSchedulerRunning                        0x20000060   Data           4  tasks.o(.data)
    xPendedTicks                             0x20000064   Data           4  tasks.o(.data)
    xYieldPending                            0x20000068   Data           4  tasks.o(.data)
    xNumOfOverflows                          0x2000006c   Data           4  tasks.o(.data)
    uxTaskNumber                             0x20000070   Data           4  tasks.o(.data)
    xNextTaskUnblockTime                     0x20000074   Data           4  tasks.o(.data)
    xIdleTaskHandle                          0x20000078   Data           4  tasks.o(.data)
    uxSchedulerSuspended                     0x2000007c   Data           4  tasks.o(.data)
    pxDelayedTaskList                        0x20000080   Data           4  tasks.o(.data)
    pxOverflowDelayedTaskList                0x20000084   Data           4  tasks.o(.data)
    .data                                    0x20000088   Section       20  timers.o(.data)
    xTimerQueue                              0x20000088   Data           4  timers.o(.data)
    xTimerTaskHandle                         0x2000008c   Data           4  timers.o(.data)
    xLastTime                                0x20000090   Data           4  timers.o(.data)
    pxCurrentTimerList                       0x20000094   Data           4  timers.o(.data)
    pxOverflowTimerList                      0x20000098   Data           4  timers.o(.data)
    .data                                    0x2000009c   Section        4  cmsis_os2.o(.data)
    KernelState                              0x2000009c   Data           4  cmsis_os2.o(.data)
    .data                                    0x200000a0   Section       32  heap_4.o(.data)
    pxEnd                                    0x200000a0   Data           4  heap_4.o(.data)
    xFreeBytesRemaining                      0x200000a4   Data           4  heap_4.o(.data)
    xMinimumEverFreeBytesRemaining           0x200000a8   Data           4  heap_4.o(.data)
    xNumberOfSuccessfulAllocations           0x200000ac   Data           4  heap_4.o(.data)
    xNumberOfSuccessfulFrees                 0x200000b0   Data           4  heap_4.o(.data)
    xBlockAllocatedBit                       0x200000b4   Data           4  heap_4.o(.data)
    xStart                                   0x200000b8   Data           8  heap_4.o(.data)
    .data                                    0x200000c0   Section       12  port.o(.data)
    ucMaxSysCallPriority                     0x200000c0   Data           1  port.o(.data)
    uxCriticalNesting                        0x200000c4   Data           4  port.o(.data)
    ulMaxPRIGROUPValue                       0x200000c8   Data           4  port.o(.data)
    .bss                                     0x200000cc   Section       20  freertos.o(.bss)
    .bss                                     0x200000e0   Section       48  adc.o(.bss)
    .bss                                     0x20000110   Section      144  tim.o(.bss)
    .bss                                     0x200001a0   Section       72  usart.o(.bss)
    .bss                                     0x200001e8   Section       64  queue.o(.bss)
    .bss                                     0x20000228   Section     1220  tasks.o(.bss)
    pxReadyTasksLists                        0x20000228   Data        1120  tasks.o(.bss)
    xDelayedTaskList1                        0x20000688   Data          20  tasks.o(.bss)
    xDelayedTaskList2                        0x2000069c   Data          20  tasks.o(.bss)
    xPendingReadyList                        0x200006b0   Data          20  tasks.o(.bss)
    xTasksWaitingTermination                 0x200006c4   Data          20  tasks.o(.bss)
    xSuspendedTaskList                       0x200006d8   Data          20  tasks.o(.bss)
    .bss                                     0x200006ec   Section      280  timers.o(.bss)
    xStaticTimerQueue                        0x200006ec   Data          80  timers.o(.bss)
    ucStaticTimerQueueStorage                0x2000073c   Data         160  timers.o(.bss)
    xActiveTimerList1                        0x200007dc   Data          20  timers.o(.bss)
    xActiveTimerList2                        0x200007f0   Data          20  timers.o(.bss)
    .bss                                     0x20000804   Section     1720  cmsis_os2.o(.bss)
    Idle_TCB                                 0x20000804   Data          92  cmsis_os2.o(.bss)
    Idle_Stack                               0x20000860   Data         512  cmsis_os2.o(.bss)
    Timer_TCB                                0x20000a60   Data          92  cmsis_os2.o(.bss)
    Timer_Stack                              0x20000abc   Data        1024  cmsis_os2.o(.bss)
    .bss                                     0x20000ebc   Section     8192  heap_4.o(.bss)
    ucHeap                                   0x20000ebc   Data        8192  heap_4.o(.bss)
    .bss                                     0x20002ebc   Section       96  libspace.o(.bss)
    HEAP                                     0x20002f20   Section      512  startup_stm32f103xb.o(HEAP)
    Heap_Mem                                 0x20002f20   Data         512  startup_stm32f103xb.o(HEAP)
    STACK                                    0x20003120   Section     1024  startup_stm32f103xb.o(STACK)
    Stack_Mem                                0x20003120   Data        1024  startup_stm32f103xb.o(STACK)
    __initial_sp                             0x20003520   Data           0  startup_stm32f103xb.o(STACK)

    Global Symbols

    Symbol Name                              Value     Ov Type        Size  Object(Section)

    BuildAttributes$$THM_ISAv4$P$D$K$B$S$PE$A:L22UL41UL21$X:L11$S22US41US21$IEEE1$IW$USESV6$~STKCKD$USESV7$~SHL$OSPACE$ROPI$EBA8$UX$STANDARDLIB$REQ8$PRES8$EABIv2 0x00000000   Number         0  anon$$obj.o ABSOLUTE
    __ARM_use_no_argv                        0x00000000   Number         0  main.o ABSOLUTE
    _printf_flags                            0x00000000   Number         0  printf_stubs.o ABSOLUTE
    _printf_return_value                     0x00000000   Number         0  printf_stubs.o ABSOLUTE
    _printf_sizespec                         0x00000000   Number         0  printf_stubs.o ABSOLUTE
    _printf_widthprec                        0x00000000   Number         0  printf_stubs.o ABSOLUTE
    __ARM_exceptions_init                     - Undefined Weak Reference
    __alloca_initialize                       - Undefined Weak Reference
    __arm_preinit_                            - Undefined Weak Reference
    __cpp_initialize__aeabi_                  - Undefined Weak Reference
    __cxa_finalize                            - Undefined Weak Reference
    __rt_locale                               - Undefined Weak Reference
    __sigvec_lookup                           - Undefined Weak Reference
    _atexit_init                              - Undefined Weak Reference
    _call_atexit_fns                          - Undefined Weak Reference
    _clock_init                               - Undefined Weak Reference
    _fp_trap_init                             - Undefined Weak Reference
    _fp_trap_shutdown                         - Undefined Weak Reference
    _get_lc_collate                           - Undefined Weak Reference
    _get_lc_ctype                             - Undefined Weak Reference
    _get_lc_monetary                          - Undefined Weak Reference
    _get_lc_numeric                           - Undefined Weak Reference
    _get_lc_time                              - Undefined Weak Reference
    _getenv_init                              - Undefined Weak Reference
    _handle_redirection                       - Undefined Weak Reference
    _init_alloc                               - Undefined Weak Reference
    _init_user_alloc                          - Undefined Weak Reference
    _initio                                   - Undefined Weak Reference
    _printf_mbtowc                            - Undefined Weak Reference
    _printf_truncate_signed                   - Undefined Weak Reference
    _printf_truncate_unsigned                 - Undefined Weak Reference
    _rand_init                                - Undefined Weak Reference
    _signal_finish                            - Undefined Weak Reference
    _signal_init                              - Undefined Weak Reference
    _terminate_alloc                          - Undefined Weak Reference
    _terminate_user_alloc                     - Undefined Weak Reference
    _terminateio                              - Undefined Weak Reference
    __Vectors_Size                           0x000000ec   Number         0  startup_stm32f103xb.o ABSOLUTE
    __Vectors                                0x08002800   Data           4  startup_stm32f103xb.o(RESET)
    __Vectors_End                            0x080028ec   Data           0  startup_stm32f103xb.o(RESET)
    __main                                   0x080028ed   Thumb Code     8  __main.o(!!!main)
    __scatterload                            0x080028f5   Thumb Code     0  __scatter.o(!!!scatter)
    __scatterload_rt2                        0x080028f5   Thumb Code    44  __scatter.o(!!!scatter)
    __scatterload_rt2_thumb_only             0x080028f5   Thumb Code     0  __scatter.o(!!!scatter)
    __scatterload_null                       0x08002903   Thumb Code     0  __scatter.o(!!!scatter)
    __scatterload_copy                       0x08002929   Thumb Code    26  __scatter_copy.o(!!handler_copy)
    __scatterload_zeroinit                   0x08002945   Thumb Code    28  __scatter_zi.o(!!handler_zi)
    _printf_d                                0x08002961   Thumb Code     0  _printf_d.o(.ARM.Collect$$_printf_percent$$00000009)
    _printf_percent                          0x08002961   Thumb Code     0  _printf_percent.o(.ARM.Collect$$_printf_percent$$00000000)
    _printf_u                                0x08002967   Thumb Code     0  _printf_u.o(.ARM.Collect$$_printf_percent$$0000000A)
    _printf_s                                0x0800296d   Thumb Code     0  _printf_s.o(.ARM.Collect$$_printf_percent$$00000014)
    _printf_percent_end                      0x08002973   Thumb Code     0  _printf_percent_end.o(.ARM.Collect$$_printf_percent$$00000017)
    __rt_lib_init                            0x08002977   Thumb Code     0  libinit.o(.ARM.Collect$$libinit$$00000000)
    __rt_lib_init_alloca_1                   0x08002979   Thumb Code     0  libinit2.o(.ARM.Collect$$libinit$$0000002E)
    __rt_lib_init_argv_1                     0x08002979   Thumb Code     0  libinit2.o(.ARM.Collect$$libinit$$0000002C)
    __rt_lib_init_atexit_1                   0x08002979   Thumb Code     0  libinit2.o(.ARM.Collect$$libinit$$0000001B)
    __rt_lib_init_clock_1                    0x08002979   Thumb Code     0  libinit2.o(.ARM.Collect$$libinit$$00000021)
    __rt_lib_init_cpp_1                      0x08002979   Thumb Code     0  libinit2.o(.ARM.Collect$$libinit$$00000032)
    __rt_lib_init_exceptions_1               0x08002979   Thumb Code     0  libinit2.o(.ARM.Collect$$libinit$$00000030)
    __rt_lib_init_fp_1                       0x08002979   Thumb Code     0  libinit2.o(.ARM.Collect$$libinit$$00000002)
    __rt_lib_init_fp_trap_1                  0x08002979   Thumb Code     0  libinit2.o(.ARM.Collect$$libinit$$0000001F)
    __rt_lib_init_getenv_1                   0x08002979   Thumb Code     0  libinit2.o(.ARM.Collect$$libinit$$00000023)
    __rt_lib_init_heap_1                     0x08002979   Thumb Code     0  libinit2.o(.ARM.Collect$$libinit$$0000000A)
    __rt_lib_init_lc_collate_1               0x08002979   Thumb Code     0  libinit2.o(.ARM.Collect$$libinit$$00000011)
    __rt_lib_init_lc_ctype_1                 0x08002979   Thumb Code     0  libinit2.o(.ARM.Collect$$libinit$$00000013)
    __rt_lib_init_lc_monetary_1              0x08002979   Thumb Code     0  libinit2.o(.ARM.Collect$$libinit$$00000015)
    __rt_lib_init_lc_numeric_1               0x08002979   Thumb Code     0  libinit2.o(.ARM.Collect$$libinit$$00000017)
    __rt_lib_init_lc_time_1                  0x08002979   Thumb Code     0  libinit2.o(.ARM.Collect$$libinit$$00000019)
    __rt_lib_init_preinit_1                  0x08002979   Thumb Code     0  libinit2.o(.ARM.Collect$$libinit$$00000004)
    __rt_lib_init_rand_1                     0x08002979   Thumb Code     0  libinit2.o(.ARM.Collect$$libinit$$0000000E)
    __rt_lib_init_return                     0x08002979   Thumb Code     0  libinit2.o(.ARM.Collect$$libinit$$00000033)
    __rt_lib_init_signal_1                   0x08002979   Thumb Code     0  libinit2.o(.ARM.Collect$$libinit$$0000001D)
    __rt_lib_init_stdio_1                    0x08002979   Thumb Code     0  libinit2.o(.ARM.Collect$$libinit$$00000025)
    __rt_lib_init_user_alloc_1               0x08002979   Thumb Code     0  libinit2.o(.ARM.Collect$$libinit$$0000000C)
    __rt_lib_shutdown                        0x0800297b   Thumb Code     0  libshutdown.o(.ARM.Collect$$libshutdown$$00000000)
    __rt_lib_shutdown_cpp_1                  0x0800297d   Thumb Code     0  libshutdown2.o(.ARM.Collect$$libshutdown$$00000002)
    __rt_lib_shutdown_fp_trap_1              0x0800297d   Thumb Code     0  libshutdown2.o(.ARM.Collect$$libshutdown$$00000007)
    __rt_lib_shutdown_heap_1                 0x0800297d   Thumb Code     0  libshutdown2.o(.ARM.Collect$$libshutdown$$0000000F)
    __rt_lib_shutdown_return                 0x0800297d   Thumb Code     0  libshutdown2.o(.ARM.Collect$$libshutdown$$00000010)
    __rt_lib_shutdown_signal_1               0x0800297d   Thumb Code     0  libshutdown2.o(.ARM.Collect$$libshutdown$$0000000A)
    __rt_lib_shutdown_stdio_1                0x0800297d   Thumb Code     0  libshutdown2.o(.ARM.Collect$$libshutdown$$00000004)
    __rt_lib_shutdown_user_alloc_1           0x0800297d   Thumb Code     0  libshutdown2.o(.ARM.Collect$$libshutdown$$0000000C)
    __rt_entry                               0x0800297f   Thumb Code     0  __rtentry.o(.ARM.Collect$$rtentry$$00000000)
    __rt_entry_presh_1                       0x0800297f   Thumb Code     0  __rtentry2.o(.ARM.Collect$$rtentry$$00000002)
    __rt_entry_sh                            0x0800297f   Thumb Code     0  __rtentry4.o(.ARM.Collect$$rtentry$$00000004)
    __rt_entry_li                            0x08002985   Thumb Code     0  __rtentry2.o(.ARM.Collect$$rtentry$$0000000A)
    __rt_entry_postsh_1                      0x08002985   Thumb Code     0  __rtentry2.o(.ARM.Collect$$rtentry$$00000009)
    __rt_entry_main                          0x08002989   Thumb Code     0  __rtentry2.o(.ARM.Collect$$rtentry$$0000000D)
    __rt_entry_postli_1                      0x08002989   Thumb Code     0  __rtentry2.o(.ARM.Collect$$rtentry$$0000000C)
    __rt_exit                                0x08002991   Thumb Code     0  rtexit.o(.ARM.Collect$$rtexit$$00000000)
    __rt_exit_ls                             0x08002993   Thumb Code     0  rtexit2.o(.ARM.Collect$$rtexit$$00000003)
    __rt_exit_prels_1                        0x08002993   Thumb Code     0  rtexit2.o(.ARM.Collect$$rtexit$$00000002)
    __rt_exit_exit                           0x08002997   Thumb Code     0  rtexit2.o(.ARM.Collect$$rtexit$$00000004)
    SVC_Handler                              0x0800299d   Thumb Code    32  port.o(.emb_text)
    __asm___6_port_c_39a90d8d__prvStartFirstTask 0x080029c1   Thumb Code    28  port.o(.emb_text)
    PendSV_Handler                           0x080029e1   Thumb Code    72  port.o(.emb_text)
    vPortGetIPSR                             0x08002a2d   Thumb Code     6  port.o(.emb_text)
    Reset_Handler                            0x08002a35   Thumb Code     8  startup_stm32f103xb.o(.text)
    ADC1_2_IRQHandler                        0x08002a4f   Thumb Code     0  startup_stm32f103xb.o(.text)
    CAN1_RX1_IRQHandler                      0x08002a4f   Thumb Code     0  startup_stm32f103xb.o(.text)
    CAN1_SCE_IRQHandler                      0x08002a4f   Thumb Code     0  startup_stm32f103xb.o(.text)
    DMA1_Channel1_IRQHandler                 0x08002a4f   Thumb Code     0  startup_stm32f103xb.o(.text)
    DMA1_Channel2_IRQHandler                 0x08002a4f   Thumb Code     0  startup_stm32f103xb.o(.text)
    DMA1_Channel3_IRQHandler                 0x08002a4f   Thumb Code     0  startup_stm32f103xb.o(.text)
    DMA1_Channel4_IRQHandler                 0x08002a4f   Thumb Code     0  startup_stm32f103xb.o(.text)
    DMA1_Channel5_IRQHandler                 0x08002a4f   Thumb Code     0  startup_stm32f103xb.o(.text)
    DMA1_Channel6_IRQHandler                 0x08002a4f   Thumb Code     0  startup_stm32f103xb.o(.text)
    DMA1_Channel7_IRQHandler                 0x08002a4f   Thumb Code     0  startup_stm32f103xb.o(.text)
    EXTI0_IRQHandler                         0x08002a4f   Thumb Code     0  startup_stm32f103xb.o(.text)
    EXTI15_10_IRQHandler                     0x08002a4f   Thumb Code     0  startup_stm32f103xb.o(.text)
    EXTI1_IRQHandler                         0x08002a4f   Thumb Code     0  startup_stm32f103xb.o(.text)
    EXTI2_IRQHandler                         0x08002a4f   Thumb Code     0  startup_stm32f103xb.o(.text)
    EXTI3_IRQHandler                         0x08002a4f   Thumb Code     0  startup_stm32f103xb.o(.text)
    EXTI4_IRQHandler                         0x08002a4f   Thumb Code     0  startup_stm32f103xb.o(.text)
    EXTI9_5_IRQHandler                       0x08002a4f   Thumb Code     0  startup_stm32f103xb.o(.text)
    FLASH_IRQHandler                         0x08002a4f   Thumb Code     0  startup_stm32f103xb.o(.text)
    I2C1_ER_IRQHandler                       0x08002a4f   Thumb Code     0  startup_stm32f103xb.o(.text)
    I2C1_EV_IRQHandler                       0x08002a4f   Thumb Code     0  startup_stm32f103xb.o(.text)
    I2C2_ER_IRQHandler                       0x08002a4f   Thumb Code     0  startup_stm32f103xb.o(.text)
    I2C2_EV_IRQHandler                       0x08002a4f   Thumb Code     0  startup_stm32f103xb.o(.text)
    PVD_IRQHandler                           0x08002a4f   Thumb Code     0  startup_stm32f103xb.o(.text)
    RCC_IRQHandler                           0x08002a4f   Thumb Code     0  startup_stm32f103xb.o(.text)
    RTC_Alarm_IRQHandler                     0x08002a4f   Thumb Code     0  startup_stm32f103xb.o(.text)
    RTC_IRQHandler                           0x08002a4f   Thumb Code     0  startup_stm32f103xb.o(.text)
    SPI1_IRQHandler                          0x08002a4f   Thumb Code     0  startup_stm32f103xb.o(.text)
    SPI2_IRQHandler                          0x08002a4f   Thumb Code     0  startup_stm32f103xb.o(.text)
    TAMPER_IRQHandler                        0x08002a4f   Thumb Code     0  startup_stm32f103xb.o(.text)
    TIM1_BRK_IRQHandler                      0x08002a4f   Thumb Code     0  startup_stm32f103xb.o(.text)
    TIM1_CC_IRQHandler                       0x08002a4f   Thumb Code     0  startup_stm32f103xb.o(.text)
    TIM1_TRG_COM_IRQHandler                  0x08002a4f   Thumb Code     0  startup_stm32f103xb.o(.text)
    TIM1_UP_IRQHandler                       0x08002a4f   Thumb Code     0  startup_stm32f103xb.o(.text)
    TIM2_IRQHandler                          0x08002a4f   Thumb Code     0  startup_stm32f103xb.o(.text)
    TIM3_IRQHandler                          0x08002a4f   Thumb Code     0  startup_stm32f103xb.o(.text)
    TIM4_IRQHandler                          0x08002a4f   Thumb Code     0  startup_stm32f103xb.o(.text)
    USART1_IRQHandler                        0x08002a4f   Thumb Code     0  startup_stm32f103xb.o(.text)
    USART2_IRQHandler                        0x08002a4f   Thumb Code     0  startup_stm32f103xb.o(.text)
    USART3_IRQHandler                        0x08002a4f   Thumb Code     0  startup_stm32f103xb.o(.text)
    USBWakeUp_IRQHandler                     0x08002a4f   Thumb Code     0  startup_stm32f103xb.o(.text)
    USB_HP_CAN1_TX_IRQHandler                0x08002a4f   Thumb Code     0  startup_stm32f103xb.o(.text)
    USB_LP_CAN1_RX0_IRQHandler               0x08002a4f   Thumb Code     0  startup_stm32f103xb.o(.text)
    WWDG_IRQHandler                          0x08002a4f   Thumb Code     0  startup_stm32f103xb.o(.text)
    __user_initial_stackheap                 0x08002a51   Thumb Code     0  startup_stm32f103xb.o(.text)
    __2snprintf                              0x08002a75   Thumb Code    48  noretval__2snprintf.o(.text)
    _printf_pre_padding                      0x08002aa9   Thumb Code    44  _printf_pad.o(.text)
    _printf_post_padding                     0x08002ad5   Thumb Code    34  _printf_pad.o(.text)
    _printf_str                              0x08002af7   Thumb Code    82  _printf_str.o(.text)
    _printf_int_dec                          0x08002b49   Thumb Code   104  _printf_dec.o(.text)
    __printf                                 0x08002bc1   Thumb Code   308  __printf_flags_wp.o(.text)
    strstr                                   0x08002cf9   Thumb Code    36  strstr.o(.text)
    strlen                                   0x08002d1d   Thumb Code    62  strlen.o(.text)
    __aeabi_memcpy                           0x08002d5b   Thumb Code     0  rt_memcpy_v6.o(.text)
    __rt_memcpy                              0x08002d5b   Thumb Code   138  rt_memcpy_v6.o(.text)
    _memcpy_lastbytes                        0x08002dc1   Thumb Code     0  rt_memcpy_v6.o(.text)
    __aeabi_memset                           0x08002de5   Thumb Code    16  aeabi_memset.o(.text)
    __aeabi_memclr4                          0x08002df5   Thumb Code     0  rt_memclr_w.o(.text)
    __aeabi_memclr8                          0x08002df5   Thumb Code     0  rt_memclr_w.o(.text)
    __rt_memclr_w                            0x08002df5   Thumb Code    78  rt_memclr_w.o(.text)
    _memset_w                                0x08002df9   Thumb Code     0  rt_memclr_w.o(.text)
    __use_two_region_memory                  0x08002e43   Thumb Code     2  heapauxi.o(.text)
    __rt_heap_escrow$2region                 0x08002e45   Thumb Code     2  heapauxi.o(.text)
    __rt_heap_expand$2region                 0x08002e47   Thumb Code     2  heapauxi.o(.text)
    _printf_int_common                       0x08002e49   Thumb Code   178  _printf_intcommon.o(.text)
    _printf_char_common                      0x08002f07   Thumb Code    32  _printf_char_common.o(.text)
    _sputc                                   0x08002f2d   Thumb Code    10  _sputc.o(.text)
    _snputc                                  0x08002f37   Thumb Code    16  _snputc.o(.text)
    _printf_cs_common                        0x08002f47   Thumb Code    20  _printf_char.o(.text)
    _printf_char                             0x08002f5b   Thumb Code    16  _printf_char.o(.text)
    _printf_string                           0x08002f6b   Thumb Code     8  _printf_char.o(.text)
    __aeabi_memcpy4                          0x08002f73   Thumb Code     0  rt_memcpy_w.o(.text)
    __aeabi_memcpy8                          0x08002f73   Thumb Code     0  rt_memcpy_w.o(.text)
    __rt_memcpy_w                            0x08002f73   Thumb Code   100  rt_memcpy_w.o(.text)
    _memcpy_lastbytes_aligned                0x08002fbb   Thumb Code     0  rt_memcpy_w.o(.text)
    __aeabi_memclr                           0x08002fd7   Thumb Code     0  rt_memclr.o(.text)
    __rt_memclr                              0x08002fd7   Thumb Code    68  rt_memclr.o(.text)
    _memset                                  0x08002fdb   Thumb Code     0  rt_memclr.o(.text)
    __user_setup_stackheap                   0x0800301b   Thumb Code    74  sys_stackheap_outer.o(.text)
    exit                                     0x08003065   Thumb Code    18  exit.o(.text)
    __user_libspace                          0x08003079   Thumb Code     8  libspace.o(.text)
    __user_perproc_libspace                  0x08003079   Thumb Code     0  libspace.o(.text)
    __user_perthread_libspace                0x08003079   Thumb Code     0  libspace.o(.text)
    _sys_exit                                0x08003081   Thumb Code     8  sys_exit.o(.text)
    __I$use$semihosting                      0x0800308d   Thumb Code     0  use_no_semi.o(.text)
    __use_no_semihosting_swi                 0x0800308d   Thumb Code     2  use_no_semi.o(.text)
    __semihosting_library_function           0x0800308f   Thumb Code     0  indicate_semi.o(.text)
    ADC_ConversionStop_Disable               0x08003091   Thumb Code    86  stm32f1xx_hal_adc.o(i.ADC_ConversionStop_Disable)
    ADC_Enable                               0x080030e9   Thumb Code   114  stm32f1xx_hal_adc.o(i.ADC_Enable)
    ADC_Start                                0x08003165   Thumb Code     6  adc.o(i.ADC_Start)
    BusFault_Handler                         0x08003171   Thumb Code     2  stm32f1xx_it.o(i.BusFault_Handler)
    DebugMon_Handler                         0x08003173   Thumb Code     2  stm32f1xx_it.o(i.DebugMon_Handler)
    ESPTask_function                         0x08003175   Thumb Code   442  freertos.o(i.ESPTask_function)
    ESP_FlushUART                            0x080033b5   Thumb Code    30  usart.o(i.ESP_FlushUART)
    ESP_Init                                 0x080033d9   Thumb Code   222  usart.o(i.ESP_Init)
    ESP_SendCommand                          0x08003555   Thumb Code   132  usart.o(i.ESP_SendCommand)
    ESP_SendData                             0x080035dd   Thumb Code   374  usart.o(i.ESP_SendData)
    EncoderTask_function                     0x0800378d   Thumb Code   112  freertos.o(i.EncoderTask_function)
    Error_Handler                            0x08003811   Thumb Code     4  main.o(i.Error_Handler)
    HAL_ADCEx_Calibration_Start              0x08003815   Thumb Code   210  stm32f1xx_hal_adc_ex.o(i.HAL_ADCEx_Calibration_Start)
    HAL_ADC_ConfigChannel                    0x080038ed   Thumb Code   240  stm32f1xx_hal_adc.o(i.HAL_ADC_ConfigChannel)
    HAL_ADC_GetValue                         0x080039e9   Thumb Code     6  stm32f1xx_hal_adc.o(i.HAL_ADC_GetValue)
    HAL_ADC_Init                             0x080039f1   Thumb Code   272  stm32f1xx_hal_adc.o(i.HAL_ADC_Init)
    HAL_ADC_MspInit                          0x08003b0d   Thumb Code    76  adc.o(i.HAL_ADC_MspInit)
    HAL_ADC_PollForConversion                0x08003b65   Thumb Code   304  stm32f1xx_hal_adc.o(i.HAL_ADC_PollForConversion)
    HAL_ADC_Start                            0x08003ca1   Thumb Code   184  stm32f1xx_hal_adc.o(i.HAL_ADC_Start)
    HAL_ADC_Stop                             0x08003d61   Thumb Code    52  stm32f1xx_hal_adc.o(i.HAL_ADC_Stop)
    HAL_GPIO_Init                            0x08003d95   Thumb Code   446  stm32f1xx_hal_gpio.o(i.HAL_GPIO_Init)
    HAL_GPIO_ReadPin                         0x08003f75   Thumb Code    10  stm32f1xx_hal_gpio.o(i.HAL_GPIO_ReadPin)
    HAL_GPIO_WritePin                        0x08003f7f   Thumb Code    10  stm32f1xx_hal_gpio.o(i.HAL_GPIO_WritePin)
    HAL_GetTick                              0x08003f89   Thumb Code     6  stm32f1xx_hal.o(i.HAL_GetTick)
    HAL_IncTick                              0x08003f95   Thumb Code    12  stm32f1xx_hal.o(i.HAL_IncTick)
    HAL_Init                                 0x08003fa5   Thumb Code    32  stm32f1xx_hal.o(i.HAL_Init)
    HAL_InitTick                             0x08003fc9   Thumb Code    54  stm32f1xx_hal.o(i.HAL_InitTick)
    HAL_MspInit                              0x08004009   Thumb Code    62  stm32f1xx_hal_msp.o(i.HAL_MspInit)
    HAL_NVIC_SetPriority                     0x08004051   Thumb Code    60  stm32f1xx_hal_cortex.o(i.HAL_NVIC_SetPriority)
    HAL_NVIC_SetPriorityGrouping             0x08004091   Thumb Code    26  stm32f1xx_hal_cortex.o(i.HAL_NVIC_SetPriorityGrouping)
    HAL_RCCEx_GetPeriphCLKFreq               0x080040b5   Thumb Code   148  stm32f1xx_hal_rcc_ex.o(i.HAL_RCCEx_GetPeriphCLKFreq)
    HAL_RCCEx_PeriphCLKConfig                0x08004159   Thumb Code   224  stm32f1xx_hal_rcc_ex.o(i.HAL_RCCEx_PeriphCLKConfig)
    HAL_RCC_ClockConfig                      0x08004245   Thumb Code   280  stm32f1xx_hal_rcc.o(i.HAL_RCC_ClockConfig)
    HAL_RCC_GetPCLK1Freq                     0x08004371   Thumb Code    20  stm32f1xx_hal_rcc.o(i.HAL_RCC_GetPCLK1Freq)
    HAL_RCC_GetPCLK2Freq                     0x08004391   Thumb Code    20  stm32f1xx_hal_rcc.o(i.HAL_RCC_GetPCLK2Freq)
    HAL_RCC_GetSysClockFreq                  0x080043b1   Thumb Code    58  stm32f1xx_hal_rcc.o(i.HAL_RCC_GetSysClockFreq)
    HAL_RCC_OscConfig                        0x080043fd   Thumb Code   778  stm32f1xx_hal_rcc.o(i.HAL_RCC_OscConfig)
    HAL_SYSTICK_Config                       0x0800471d   Thumb Code    40  stm32f1xx_hal_cortex.o(i.HAL_SYSTICK_Config)
    HAL_TIMEx_ConfigBreakDeadTime            0x08004745   Thumb Code    84  stm32f1xx_hal_tim_ex.o(i.HAL_TIMEx_ConfigBreakDeadTime)
    HAL_TIMEx_MasterConfigSynchronization    0x08004799   Thumb Code    92  stm32f1xx_hal_tim_ex.o(i.HAL_TIMEx_MasterConfigSynchronization)
    HAL_TIM_Encoder_Init                     0x08004801   Thumb Code   164  stm32f1xx_hal_tim.o(i.HAL_TIM_Encoder_Init)
    HAL_TIM_Encoder_MspInit                  0x080048a5   Thumb Code    72  tim.o(i.HAL_TIM_Encoder_MspInit)
    HAL_TIM_Encoder_Start                    0x080048f5   Thumb Code   142  stm32f1xx_hal_tim.o(i.HAL_TIM_Encoder_Start)
    HAL_TIM_MspPostInit                      0x08004985   Thumb Code    64  tim.o(i.HAL_TIM_MspPostInit)
    HAL_TIM_PWM_ConfigChannel                0x080049d1   Thumb Code   204  stm32f1xx_hal_tim.o(i.HAL_TIM_PWM_ConfigChannel)
    HAL_TIM_PWM_Init                         0x08004a9d   Thumb Code    90  stm32f1xx_hal_tim.o(i.HAL_TIM_PWM_Init)
    HAL_TIM_PWM_MspInit                      0x08004af9   Thumb Code    30  tim.o(i.HAL_TIM_PWM_MspInit)
    HAL_TIM_PWM_Start                        0x08004b21   Thumb Code   144  stm32f1xx_hal_tim.o(i.HAL_TIM_PWM_Start)
    HAL_UART_Init                            0x08004bbd   Thumb Code   100  stm32f1xx_hal_uart.o(i.HAL_UART_Init)
    HAL_UART_MspInit                         0x08004c21   Thumb Code   100  usart.o(i.HAL_UART_MspInit)
    HAL_UART_Receive                         0x08004c91   Thumb Code   176  stm32f1xx_hal_uart.o(i.HAL_UART_Receive)
    HAL_UART_Transmit                        0x08004d41   Thumb Code   160  stm32f1xx_hal_uart.o(i.HAL_UART_Transmit)
    HardFault_Handler                        0x08004de1   Thumb Code     2  stm32f1xx_it.o(i.HardFault_Handler)
    InputTask_function                       0x08004de5   Thumb Code   198  freertos.o(i.InputTask_function)
    MX_ADC1_Init                             0x08004ec1   Thumb Code    70  adc.o(i.MX_ADC1_Init)
    MX_FREERTOS_Init                         0x08004f11   Thumb Code   136  freertos.o(i.MX_FREERTOS_Init)
    MX_GPIO_Init                             0x08004fb9   Thumb Code   138  gpio.o(i.MX_GPIO_Init)
    MX_TIM1_Init                             0x08005051   Thumb Code   150  tim.o(i.MX_TIM1_Init)
    MX_TIM2_Init                             0x080050f1   Thumb Code   100  tim.o(i.MX_TIM2_Init)
    MX_USART1_UART_Init                      0x08005159   Thumb Code    48  usart.o(i.MX_USART1_UART_Init)
    MemManage_Handler                        0x08005191   Thumb Code     2  stm32f1xx_it.o(i.MemManage_Handler)
    MotorTask_function                       0x08005195   Thumb Code   378  freertos.o(i.MotorTask_function)
    NMI_Handler                              0x08005331   Thumb Code     2  stm32f1xx_it.o(i.NMI_Handler)
    OTATask_function                         0x08005335   Thumb Code   188  freertos.o(i.OTATask_function)
    OTA_TriggerUpdate                        0x080053f9   Thumb Code    32  usart.o(i.OTA_TriggerUpdate)
    Off_Led                                  0x08005429   Thumb Code    10  gpio.o(i.Off_Led)
    Read_ADC                                 0x08005439   Thumb Code    38  adc.o(i.Read_ADC)
    StartDefaultTask                         0x08005469   Thumb Code     8  freertos.o(i.StartDefaultTask)
    SysTick_Handler                          0x08005471   Thumb Code    24  stm32f1xx_it.o(i.SysTick_Handler)
    SystemClock_Config                       0x08005489   Thumb Code   104  main.o(i.SystemClock_Config)
    SystemInit                               0x080054f1   Thumb Code     8  system_stm32f1xx.o(i.SystemInit)
    TIM_Base_SetConfig                       0x08005501   Thumb Code   108  stm32f1xx_hal_tim.o(i.TIM_Base_SetConfig)
    TIM_CCxChannelCmd                        0x08005579   Thumb Code    26  stm32f1xx_hal_tim.o(i.TIM_CCxChannelCmd)
    TIM_OC2_SetConfig                        0x080055e5   Thumb Code    84  stm32f1xx_hal_tim.o(i.TIM_OC2_SetConfig)
    UsageFault_Handler                       0x08005853   Thumb Code     2  stm32f1xx_it.o(i.UsageFault_Handler)
    _is_digit                                0x08005875   Thumb Code    14  __printf_wp.o(i._is_digit)
    main                                     0x08005883   Thumb Code    46  main.o(i.main)
    osDelay                                  0x080058b1   Thumb Code    26  cmsis_os2.o(i.osDelay)
    osEventFlagsNew                          0x080058cb   Thumb Code    44  cmsis_os2.o(i.osEventFlagsNew)
    osKernelInitialize                       0x080058f9   Thumb Code    32  cmsis_os2.o(i.osKernelInitialize)
    osKernelStart                            0x0800591d   Thumb Code    48  cmsis_os2.o(i.osKernelStart)
    osMessageQueueGet                        0x08005955   Thumb Code    96  cmsis_os2.o(i.osMessageQueueGet)
    osMessageQueueNew                        0x080059b9   Thumb Code    88  cmsis_os2.o(i.osMessageQueueNew)
    osMessageQueuePut                        0x08005a11   Thumb Code   100  cmsis_os2.o(i.osMessageQueuePut)
    osMutexAcquire                           0x08005a79   Thumb Code    82  cmsis_os2.o(i.osMutexAcquire)
    osMutexNew                               0x08005acb   Thumb Code   104  cmsis_os2.o(i.osMutexNew)
    osMutexRelease                           0x08005b33   Thumb Code    66  cmsis_os2.o(i.osMutexRelease)
    osSemaphoreNew                           0x08005b75   Thumb Code   152  cmsis_os2.o(i.osSemaphoreNew)
    osThreadNew                              0x08005c0d   Thumb Code   138  cmsis_os2.o(i.osThreadNew)
    pvPortMalloc                             0x08006445   Thumb Code   216  heap_4.o(i.pvPortMalloc)
    pvTaskIncrementMutexHeldCount            0x08006521   Thumb Code    18  tasks.o(i.pvTaskIncrementMutexHeldCount)
    pxPortInitialiseStack                    0x08006539   Thumb Code    32  port.o(i.pxPortInitialiseStack)
    uxListRemove                             0x0800655d   Thumb Code    38  list.o(i.uxListRemove)
    vApplicationGetIdleTaskMemory            0x08006585   Thumb Code    16  cmsis_os2.o(i.vApplicationGetIdleTaskMemory)
    vApplicationGetTimerTaskMemory           0x08006599   Thumb Code    18  cmsis_os2.o(i.vApplicationGetTimerTaskMemory)
    vListInitialise                          0x080065b1   Thumb Code    22  list.o(i.vListInitialise)
    vListInitialiseItem                      0x080065c7   Thumb Code     6  list.o(i.vListInitialiseItem)
    vListInsert                              0x080065cd   Thumb Code    48  list.o(i.vListInsert)
    vListInsertEnd                           0x080065fd   Thumb Code    24  list.o(i.vListInsertEnd)
    vPortEnterCritical                       0x08006615   Thumb Code    54  port.o(i.vPortEnterCritical)
    vPortExitCritical                        0x08006655   Thumb Code    34  port.o(i.vPortExitCritical)
    vPortFree                                0x0800667d   Thumb Code    94  heap_4.o(i.vPortFree)
    vPortSetupTimerInterrupt                 0x080066e1   Thumb Code    32  port.o(i.vPortSetupTimerInterrupt)
    vPortValidateInterruptPriority           0x08006705   Thumb Code    74  port.o(i.vPortValidateInterruptPriority)
    vQueueAddToRegistry                      0x08006759   Thumb Code    34  queue.o(i.vQueueAddToRegistry)
    vQueueDelete                             0x08006781   Thumb Code    46  queue.o(i.vQueueDelete)
    vQueueUnregisterQueue                    0x080067b1   Thumb Code    36  queue.o(i.vQueueUnregisterQueue)
    vQueueWaitForMessageRestricted           0x080067d9   Thumb Code    68  queue.o(i.vQueueWaitForMessageRestricted)
    vTaskDelay                               0x0800681d   Thumb Code    66  tasks.o(i.vTaskDelay)
    vTaskInternalSetTimeOutState             0x08006869   Thumb Code    12  tasks.o(i.vTaskInternalSetTimeOutState)
    vTaskMissedYield                         0x08006879   Thumb Code     8  tasks.o(i.vTaskMissedYield)
    vTaskPlaceOnEventList                    0x08006885   Thumb Code    44  tasks.o(i.vTaskPlaceOnEventList)
    vTaskPlaceOnEventListRestricted          0x080068b5   Thumb Code    52  tasks.o(i.vTaskPlaceOnEventListRestricted)
    vTaskPriorityDisinheritAfterTimeout      0x080068ed   Thumb Code   134  tasks.o(i.vTaskPriorityDisinheritAfterTimeout)
    vTaskStartScheduler                      0x0800697d   Thumb Code   118  tasks.o(i.vTaskStartScheduler)
    vTaskSuspendAll                          0x08006a05   Thumb Code    10  tasks.o(i.vTaskSuspendAll)
    vTaskSwitchContext                       0x08006a15   Thumb Code    90  tasks.o(i.vTaskSwitchContext)
    xEventGroupCreate                        0x08006a79   Thumb Code    28  event_groups.o(i.xEventGroupCreate)
    xEventGroupCreateStatic                  0x08006a95   Thumb Code    44  event_groups.o(i.xEventGroupCreateStatic)
    xPortStartScheduler                      0x08006ac1   Thumb Code   154  port.o(i.xPortStartScheduler)
    xPortSysTickHandler                      0x08006b69   Thumb Code    38  port.o(i.xPortSysTickHandler)
    xQueueCreateCountingSemaphore            0x08006b95   Thumb Code    58  queue.o(i.xQueueCreateCountingSemaphore)
    xQueueCreateCountingSemaphoreStatic      0x08006bcf   Thumb Code    64  queue.o(i.xQueueCreateCountingSemaphoreStatic)
    xQueueCreateMutex                        0x08006c0f   Thumb Code    22  queue.o(i.xQueueCreateMutex)
    xQueueCreateMutexStatic                  0x08006c25   Thumb Code    26  queue.o(i.xQueueCreateMutexStatic)
    xQueueGenericCreate                      0x08006c3f   Thumb Code    66  queue.o(i.xQueueGenericCreate)
    xQueueGenericCreateStatic                0x08006c81   Thumb Code   102  queue.o(i.xQueueGenericCreateStatic)
    xQueueGenericReset                       0x08006ce9   Thumb Code   132  queue.o(i.xQueueGenericReset)
    xQueueGenericSend                        0x08006d71   Thumb Code   346  queue.o(i.xQueueGenericSend)
    xQueueGenericSendFromISR                 0x08006ed1   Thumb Code   190  queue.o(i.xQueueGenericSendFromISR)
    xQueueGiveMutexRecursive                 0x08006f8f   Thumb Code    62  queue.o(i.xQueueGiveMutexRecursive)
    xQueueReceive                            0x08006fcd   Thumb Code   308  queue.o(i.xQueueReceive)
    xQueueReceiveFromISR                     0x08007105   Thumb Code   154  queue.o(i.xQueueReceiveFromISR)
    xQueueSemaphoreTake                      0x080071a1   Thumb Code   372  queue.o(i.xQueueSemaphoreTake)
    xQueueTakeMutexRecursive                 0x08007319   Thumb Code    64  queue.o(i.xQueueTakeMutexRecursive)
    xTaskCheckForTimeOut                     0x08007359   Thumb Code   112  tasks.o(i.xTaskCheckForTimeOut)
    xTaskCreate                              0x080073cd   Thumb Code    90  tasks.o(i.xTaskCreate)
    xTaskCreateStatic                        0x08007427   Thumb Code    86  tasks.o(i.xTaskCreateStatic)
    xTaskGetCurrentTaskHandle                0x0800747d   Thumb Code     6  tasks.o(i.xTaskGetCurrentTaskHandle)
    xTaskGetSchedulerState                   0x08007489   Thumb Code    22  tasks.o(i.xTaskGetSchedulerState)
    xTaskGetTickCount                        0x080074a5   Thumb Code     6  tasks.o(i.xTaskGetTickCount)
    xTaskIncrementTick                       0x080074b1   Thumb Code   192  tasks.o(i.xTaskIncrementTick)
    xTaskPriorityDisinherit                  0x08007579   Thumb Code   118  tasks.o(i.xTaskPriorityDisinherit)
    xTaskPriorityInherit                     0x080075f9   Thumb Code   112  tasks.o(i.xTaskPriorityInherit)
    xTaskRemoveFromEventList                 0x08007671   Thumb Code    98  tasks.o(i.xTaskRemoveFromEventList)
    xTaskResumeAll                           0x080076e1   Thumb Code   182  tasks.o(i.xTaskResumeAll)
    xTimerCreateTimerTask                    0x080077a5   Thumb Code    78  timers.o(i.xTimerCreateTimerTask)
    xTimerGenericCommand                     0x08007805   Thumb Code    98  timers.o(i.xTimerGenericCommand)
    __aeabi_fadd                             0x0800786d   Thumb Code     0  faddsub_clz.o(x$fpl$fadd)
    _fadd                                    0x0800786d   Thumb Code   196  faddsub_clz.o(x$fpl$fadd)
    __aeabi_fdiv                             0x08007931   Thumb Code     0  fdiv.o(x$fpl$fdiv)
    _fdiv                                    0x08007931   Thumb Code   384  fdiv.o(x$fpl$fdiv)
    __aeabi_f2iz                             0x08007ab5   Thumb Code     0  ffix.o(x$fpl$ffix)
    _ffix                                    0x08007ab5   Thumb Code    54  ffix.o(x$fpl$ffix)
    __aeabi_f2uiz                            0x08007aed   Thumb Code     0  ffixu.o(x$fpl$ffixu)
    _ffixu                                   0x08007aed   Thumb Code    62  ffixu.o(x$fpl$ffixu)
    __aeabi_i2f                              0x08007b2d   Thumb Code     0  fflt_clz.o(x$fpl$fflt)
    _fflt                                    0x08007b2d   Thumb Code    48  fflt_clz.o(x$fpl$fflt)
    __aeabi_ui2f                             0x08007b5d   Thumb Code     0  fflt_clz.o(x$fpl$ffltu)
    _ffltu                                   0x08007b5d   Thumb Code    38  fflt_clz.o(x$fpl$ffltu)
    __aeabi_fmul                             0x08007b85   Thumb Code     0  fmul.o(x$fpl$fmul)
    _fmul                                    0x08007b85   Thumb Code   258  fmul.o(x$fpl$fmul)
    __fpl_fnaninf                            0x08007c87   Thumb Code   140  fnaninf.o(x$fpl$fnaninf)
    __fpl_fretinf                            0x08007d13   Thumb Code    10  fretinf.o(x$fpl$fretinf)
    __aeabi_frsub                            0x08007d1d   Thumb Code     0  faddsub_clz.o(x$fpl$frsb)
    _frsb                                    0x08007d1d   Thumb Code    20  faddsub_clz.o(x$fpl$frsb)
    __aeabi_fsub                             0x08007d31   Thumb Code     0  faddsub_clz.o(x$fpl$fsub)
    _fsub                                    0x08007d31   Thumb Code   234  faddsub_clz.o(x$fpl$fsub)
    __I$use$fp                               0x08007e1a   Number         0  usenofp.o(x$fpl$usenofp)
    defaultTask_attributes                   0x08007e1c   Data          36  freertos.o(.constdata)
    InputTask_attributes                     0x08007e40   Data          36  freertos.o(.constdata)
    MotorTask_attributes                     0x08007e64   Data          36  freertos.o(.constdata)
    EncoderTask_attributes                   0x08007e88   Data          36  freertos.o(.constdata)
    ESPTask_attributes                       0x08007eac   Data          36  freertos.o(.constdata)
    OTATask_attributes                       0x08007ed0   Data          36  freertos.o(.constdata)
    motorCommandQueue_attributes             0x08007ef4   Data          24  freertos.o(.constdata)
    systemStateMutex_attributes              0x08007f0c   Data          16  freertos.o(.constdata)
    myBinarySem01_attributes                 0x08007f1c   Data          16  freertos.o(.constdata)
    myEvent01_attributes                     0x08007f2c   Data          16  freertos.o(.constdata)
    AHBPrescTable                            0x08007f60   Data          16  system_stm32f1xx.o(.constdata)
    APBPrescTable                            0x08007f70   Data           8  system_stm32f1xx.o(.constdata)
    Region$$Table$$Base                      0x08008010   Number         0  anon$$obj.o(Region$$Table)
    Region$$Table$$Limit                     0x08008030   Number         0  anon$$obj.o(Region$$Table)
    prev_but1                                0x20000000   Data           1  freertos.o(.data)
    prev_but2                                0x20000001   Data           1  freertos.o(.data)
    prev_but3                                0x20000002   Data           1  freertos.o(.data)
    prev_cnt                                 0x20000004   Data           2  freertos.o(.data)
    cpr                                      0x20000008   Data           4  freertos.o(.data)
    defaultTaskHandle                        0x2000000c   Data           4  freertos.o(.data)
    InputTaskHandle                          0x20000010   Data           4  freertos.o(.data)
    MotorTaskHandle                          0x20000014   Data           4  freertos.o(.data)
    EncoderTaskHandle                        0x20000018   Data           4  freertos.o(.data)
    ESPTaskHandle                            0x2000001c   Data           4  freertos.o(.data)
    OTATaskHandle                            0x20000020   Data           4  freertos.o(.data)
    motorCommandQueueHandle                  0x20000024   Data           4  freertos.o(.data)
    systemStateMutexHandle                   0x20000028   Data           4  freertos.o(.data)
    myBinarySem01Handle                      0x2000002c   Data           4  freertos.o(.data)
    myEvent01Handle                          0x20000030   Data           4  freertos.o(.data)
    adcValue                                 0x20000034   Data           4  adc.o(.data)
    esp_step                                 0x20000038   Data           1  usart.o(.data)
    uwTickFreq                               0x2000003c   Data           1  stm32f1xx_hal.o(.data)
    uwTickPrio                               0x20000040   Data           4  stm32f1xx_hal.o(.data)
    uwTick                                   0x20000044   Data           4  stm32f1xx_hal.o(.data)
    SystemCoreClock                          0x20000048   Data           4  system_stm32f1xx.o(.data)
    pxCurrentTCB                             0x2000004c   Data           4  tasks.o(.data)
    inf                                      0x200000cc   Data          20  freertos.o(.bss)
    hadc1                                    0x200000e0   Data          48  adc.o(.bss)
    htim1                                    0x20000110   Data          72  tim.o(.bss)
    htim2                                    0x20000158   Data          72  tim.o(.bss)
    huart1                                   0x200001a0   Data          72  usart.o(.bss)
    xQueueRegistry                           0x200001e8   Data          64  queue.o(.bss)
    __libspace_start                         0x20002ebc   Data          96  libspace.o(.bss)
    __temporary_stack_top$libspace           0x20002f1c   Data           0  libspace.o(.bss)



==============================================================================

Memory Map of the image

  Image Entry point : 0x080028ed

  Load Region LR_IROM1 (Base: 0x08002800, Size: 0x000058fc, Max: 0x0000d800, ABSOLUTE)

    Execution Region ER_IROM1 (Exec base: 0x08002800, Load base: 0x08002800, Size: 0x00005830, Max: 0x0000d800, ABSOLUTE)

    Exec Addr    Load Addr    Size         Type   Attr      Idx    E Section Name        Object

    0x08002800   0x08002800   0x000000ec   Data   RO            3    RESET               startup_stm32f103xb.o
    0x080028ec   0x080028ec   0x00000008   Code   RO         5055  * !!!main             c_w.l(__main.o)
    0x080028f4   0x080028f4   0x00000034   Code   RO         5260    !!!scatter          c_w.l(__scatter.o)
    0x08002928   0x08002928   0x0000001a   Code   RO         5262    !!handler_copy      c_w.l(__scatter_copy.o)
    0x08002942   0x08002942   0x00000002   PAD
    0x08002944   0x08002944   0x0000001c   Code   RO         5264    !!handler_zi        c_w.l(__scatter_zi.o)
    0x08002960   0x08002960   0x00000000   Code   RO         5040    .ARM.Collect$$_printf_percent$$00000000  c_w.l(_printf_percent.o)
    0x08002960   0x08002960   0x00000006   Code   RO         5038    .ARM.Collect$$_printf_percent$$00000009  c_w.l(_printf_d.o)
    0x08002966   0x08002966   0x00000006   Code   RO         5039    .ARM.Collect$$_printf_percent$$0000000A  c_w.l(_printf_u.o)
    0x0800296c   0x0800296c   0x00000006   Code   RO         5037    .ARM.Collect$$_printf_percent$$00000014  c_w.l(_printf_s.o)
    0x08002972   0x08002972   0x00000004   Code   RO         5094    .ARM.Collect$$_printf_percent$$00000017  c_w.l(_printf_percent_end.o)
    0x08002976   0x08002976   0x00000002   Code   RO         5130    .ARM.Collect$$libinit$$00000000  c_w.l(libinit.o)
    0x08002978   0x08002978   0x00000000   Code   RO         5137    .ARM.Collect$$libinit$$00000002  c_w.l(libinit2.o)
    0x08002978   0x08002978   0x00000000   Code   RO         5139    .ARM.Collect$$libinit$$00000004  c_w.l(libinit2.o)
    0x08002978   0x08002978   0x00000000   Code   RO         5142    .ARM.Collect$$libinit$$0000000A  c_w.l(libinit2.o)
    0x08002978   0x08002978   0x00000000   Code   RO         5144    .ARM.Collect$$libinit$$0000000C  c_w.l(libinit2.o)
    0x08002978   0x08002978   0x00000000   Code   RO         5146    .ARM.Collect$$libinit$$0000000E  c_w.l(libinit2.o)
    0x08002978   0x08002978   0x00000000   Code   RO         5149    .ARM.Collect$$libinit$$00000011  c_w.l(libinit2.o)
    0x08002978   0x08002978   0x00000000   Code   RO         5151    .ARM.Collect$$libinit$$00000013  c_w.l(libinit2.o)
    0x08002978   0x08002978   0x00000000   Code   RO         5153    .ARM.Collect$$libinit$$00000015  c_w.l(libinit2.o)
    0x08002978   0x08002978   0x00000000   Code   RO         5155    .ARM.Collect$$libinit$$00000017  c_w.l(libinit2.o)
    0x08002978   0x08002978   0x00000000   Code   RO         5157    .ARM.Collect$$libinit$$00000019  c_w.l(libinit2.o)
    0x08002978   0x08002978   0x00000000   Code   RO         5159    .ARM.Collect$$libinit$$0000001B  c_w.l(libinit2.o)
    0x08002978   0x08002978   0x00000000   Code   RO         5161    .ARM.Collect$$libinit$$0000001D  c_w.l(libinit2.o)
    0x08002978   0x08002978   0x00000000   Code   RO         5163    .ARM.Collect$$libinit$$0000001F  c_w.l(libinit2.o)
    0x08002978   0x08002978   0x00000000   Code   RO         5165    .ARM.Collect$$libinit$$00000021  c_w.l(libinit2.o)
    0x08002978   0x08002978   0x00000000   Code   RO         5167    .ARM.Collect$$libinit$$00000023  c_w.l(libinit2.o)
    0x08002978   0x08002978   0x00000000   Code   RO         5169    .ARM.Collect$$libinit$$00000025  c_w.l(libinit2.o)
    0x08002978   0x08002978   0x00000000   Code   RO         5173    .ARM.Collect$$libinit$$0000002C  c_w.l(libinit2.o)
    0x08002978   0x08002978   0x00000000   Code   RO         5175    .ARM.Collect$$libinit$$0000002E  c_w.l(libinit2.o)
    0x08002978   0x08002978   0x00000000   Code   RO         5177    .ARM.Collect$$libinit$$00000030  c_w.l(libinit2.o)
    0x08002978   0x08002978   0x00000000   Code   RO         5179    .ARM.Collect$$libinit$$00000032  c_w.l(libinit2.o)
    0x08002978   0x08002978   0x00000002   Code   RO         5180    .ARM.Collect$$libinit$$00000033  c_w.l(libinit2.o)
    0x0800297a   0x0800297a   0x00000002   Code   RO         5200    .ARM.Collect$$libshutdown$$00000000  c_w.l(libshutdown.o)
    0x0800297c   0x0800297c   0x00000000   Code   RO         5213    .ARM.Collect$$libshutdown$$00000002  c_w.l(libshutdown2.o)
    0x0800297c   0x0800297c   0x00000000   Code   RO         5215    .ARM.Collect$$libshutdown$$00000004  c_w.l(libshutdown2.o)
    0x0800297c   0x0800297c   0x00000000   Code   RO         5218    .ARM.Collect$$libshutdown$$00000007  c_w.l(libshutdown2.o)
    0x0800297c   0x0800297c   0x00000000   Code   RO         5221    .ARM.Collect$$libshutdown$$0000000A  c_w.l(libshutdown2.o)
    0x0800297c   0x0800297c   0x00000000   Code   RO         5223    .ARM.Collect$$libshutdown$$0000000C  c_w.l(libshutdown2.o)
    0x0800297c   0x0800297c   0x00000000   Code   RO         5226    .ARM.Collect$$libshutdown$$0000000F  c_w.l(libshutdown2.o)
    0x0800297c   0x0800297c   0x00000002   Code   RO         5227    .ARM.Collect$$libshutdown$$00000010  c_w.l(libshutdown2.o)
    0x0800297e   0x0800297e   0x00000000   Code   RO         5083    .ARM.Collect$$rtentry$$00000000  c_w.l(__rtentry.o)
    0x0800297e   0x0800297e   0x00000000   Code   RO         5105    .ARM.Collect$$rtentry$$00000002  c_w.l(__rtentry2.o)
    0x0800297e   0x0800297e   0x00000006   Code   RO         5117    .ARM.Collect$$rtentry$$00000004  c_w.l(__rtentry4.o)
    0x08002984   0x08002984   0x00000000   Code   RO         5107    .ARM.Collect$$rtentry$$00000009  c_w.l(__rtentry2.o)
    0x08002984   0x08002984   0x00000004   Code   RO         5108    .ARM.Collect$$rtentry$$0000000A  c_w.l(__rtentry2.o)
    0x08002988   0x08002988   0x00000000   Code   RO         5110    .ARM.Collect$$rtentry$$0000000C  c_w.l(__rtentry2.o)
    0x08002988   0x08002988   0x00000008   Code   RO         5111    .ARM.Collect$$rtentry$$0000000D  c_w.l(__rtentry2.o)
    0x08002990   0x08002990   0x00000002   Code   RO         5134    .ARM.Collect$$rtexit$$00000000  c_w.l(rtexit.o)
    0x08002992   0x08002992   0x00000000   Code   RO         5182    .ARM.Collect$$rtexit$$00000002  c_w.l(rtexit2.o)
    0x08002992   0x08002992   0x00000004   Code   RO         5183    .ARM.Collect$$rtexit$$00000003  c_w.l(rtexit2.o)
    0x08002996   0x08002996   0x00000006   Code   RO         5184    .ARM.Collect$$rtexit$$00000004  c_w.l(rtexit2.o)
    0x0800299c   0x0800299c   0x00000096   Code   RO         4924    .emb_text           port.o
    0x08002a32   0x08002a32   0x00000002   PAD
    0x08002a34   0x08002a34   0x00000040   Code   RO            4    .text               startup_stm32f103xb.o
    0x08002a74   0x08002a74   0x00000034   Code   RO         5007    .text               c_w.l(noretval__2snprintf.o)
    0x08002aa8   0x08002aa8   0x0000004e   Code   RO         5011    .text               c_w.l(_printf_pad.o)
    0x08002af6   0x08002af6   0x00000052   Code   RO         5013    .text               c_w.l(_printf_str.o)
    0x08002b48   0x08002b48   0x00000078   Code   RO         5015    .text               c_w.l(_printf_dec.o)
    0x08002bc0   0x08002bc0   0x00000138   Code   RO         5029    .text               c_w.l(__printf_flags_wp.o)
    0x08002cf8   0x08002cf8   0x00000024   Code   RO         5041    .text               c_w.l(strstr.o)
    0x08002d1c   0x08002d1c   0x0000003e   Code   RO         5043    .text               c_w.l(strlen.o)
    0x08002d5a   0x08002d5a   0x0000008a   Code   RO         5045    .text               c_w.l(rt_memcpy_v6.o)
    0x08002de4   0x08002de4   0x00000010   Code   RO         5049    .text               c_w.l(aeabi_memset.o)
    0x08002df4   0x08002df4   0x0000004e   Code   RO         5051    .text               c_w.l(rt_memclr_w.o)
    0x08002e42   0x08002e42   0x00000006   Code   RO         5053    .text               c_w.l(heapauxi.o)
    0x08002e48   0x08002e48   0x000000b2   Code   RO         5084    .text               c_w.l(_printf_intcommon.o)
    0x08002efa   0x08002efa   0x00000002   PAD
    0x08002efc   0x08002efc   0x00000030   Code   RO         5086    .text               c_w.l(_printf_char_common.o)
    0x08002f2c   0x08002f2c   0x0000000a   Code   RO         5088    .text               c_w.l(_sputc.o)
    0x08002f36   0x08002f36   0x00000010   Code   RO         5090    .text               c_w.l(_snputc.o)
    0x08002f46   0x08002f46   0x0000002c   Code   RO         5092    .text               c_w.l(_printf_char.o)
    0x08002f72   0x08002f72   0x00000064   Code   RO         5095    .text               c_w.l(rt_memcpy_w.o)
    0x08002fd6   0x08002fd6   0x00000044   Code   RO         5097    .text               c_w.l(rt_memclr.o)
    0x0800301a   0x0800301a   0x0000004a   Code   RO         5121    .text               c_w.l(sys_stackheap_outer.o)
    0x08003064   0x08003064   0x00000012   Code   RO         5123    .text               c_w.l(exit.o)
    0x08003076   0x08003076   0x00000002   PAD
    0x08003078   0x08003078   0x00000008   Code   RO         5131    .text               c_w.l(libspace.o)
    0x08003080   0x08003080   0x0000000c   Code   RO         5192    .text               c_w.l(sys_exit.o)
    0x0800308c   0x0800308c   0x00000002   Code   RO         5203    .text               c_w.l(use_no_semi.o)
    0x0800308e   0x0800308e   0x00000000   Code   RO         5205    .text               c_w.l(indicate_semi.o)
    0x0800308e   0x0800308e   0x00000002   PAD
    0x08003090   0x08003090   0x00000056   Code   RO          625    i.ADC_ConversionStop_Disable  stm32f1xx_hal_adc.o
    0x080030e6   0x080030e6   0x00000002   PAD
    0x080030e8   0x080030e8   0x0000007c   Code   RO          629    i.ADC_Enable        stm32f1xx_hal_adc.o
    0x08003164   0x08003164   0x0000000c   Code   RO          301    i.ADC_Start         adc.o
    0x08003170   0x08003170   0x00000002   Code   RO          502    i.BusFault_Handler  stm32f1xx_it.o
    0x08003172   0x08003172   0x00000002   Code   RO          503    i.DebugMon_Handler  stm32f1xx_it.o
    0x08003174   0x08003174   0x00000240   Code   RO          221    i.ESPTask_function  freertos.o
    0x080033b4   0x080033b4   0x00000024   Code   RO          422    i.ESP_FlushUART     usart.o
    0x080033d8   0x080033d8   0x0000017c   Code   RO          423    i.ESP_Init          usart.o
    0x08003554   0x08003554   0x00000088   Code   RO          424    i.ESP_SendCommand   usart.o
    0x080035dc   0x080035dc   0x000001b0   Code   RO          425    i.ESP_SendData      usart.o
    0x0800378c   0x0800378c   0x00000084   Code   RO          222    i.EncoderTask_function  freertos.o
    0x08003810   0x08003810   0x00000004   Code   RO           13    i.Error_Handler     main.o
    0x08003814   0x08003814   0x000000d8   Code   RO          805    i.HAL_ADCEx_Calibration_Start  stm32f1xx_hal_adc_ex.o
    0x080038ec   0x080038ec   0x000000fc   Code   RO          631    i.HAL_ADC_ConfigChannel  stm32f1xx_hal_adc.o
    0x080039e8   0x080039e8   0x00000006   Code   RO          638    i.HAL_ADC_GetValue  stm32f1xx_hal_adc.o
    0x080039ee   0x080039ee   0x00000002   PAD
    0x080039f0   0x080039f0   0x0000011c   Code   RO          640    i.HAL_ADC_Init      stm32f1xx_hal_adc.o
    0x08003b0c   0x08003b0c   0x00000058   Code   RO          303    i.HAL_ADC_MspInit   adc.o
    0x08003b64   0x08003b64   0x0000013c   Code   RO          644    i.HAL_ADC_PollForConversion  stm32f1xx_hal_adc.o
    0x08003ca0   0x08003ca0   0x000000c0   Code   RO          646    i.HAL_ADC_Start     stm32f1xx_hal_adc.o
    0x08003d60   0x08003d60   0x00000034   Code   RO          649    i.HAL_ADC_Stop      stm32f1xx_hal_adc.o
    0x08003d94   0x08003d94   0x000001e0   Code   RO         1218    i.HAL_GPIO_Init     stm32f1xx_hal_gpio.o
    0x08003f74   0x08003f74   0x0000000a   Code   RO         1220    i.HAL_GPIO_ReadPin  stm32f1xx_hal_gpio.o
    0x08003f7e   0x08003f7e   0x0000000a   Code   RO         1222    i.HAL_GPIO_WritePin  stm32f1xx_hal_gpio.o
    0x08003f88   0x08003f88   0x0000000c   Code   RO          912    i.HAL_GetTick       stm32f1xx_hal.o
    0x08003f94   0x08003f94   0x00000010   Code   RO          918    i.HAL_IncTick       stm32f1xx_hal.o
    0x08003fa4   0x08003fa4   0x00000024   Code   RO          919    i.HAL_Init          stm32f1xx_hal.o
    0x08003fc8   0x08003fc8   0x00000040   Code   RO          920    i.HAL_InitTick      stm32f1xx_hal.o
    0x08004008   0x08004008   0x00000048   Code   RO          565    i.HAL_MspInit       stm32f1xx_hal_msp.o
    0x08004050   0x08004050   0x00000040   Code   RO         1384    i.HAL_NVIC_SetPriority  stm32f1xx_hal_cortex.o
    0x08004090   0x08004090   0x00000024   Code   RO         1385    i.HAL_NVIC_SetPriorityGrouping  stm32f1xx_hal_cortex.o
    0x080040b4   0x080040b4   0x000000a4   Code   RO         1179    i.HAL_RCCEx_GetPeriphCLKFreq  stm32f1xx_hal_rcc_ex.o
    0x08004158   0x08004158   0x000000ec   Code   RO         1180    i.HAL_RCCEx_PeriphCLKConfig  stm32f1xx_hal_rcc_ex.o
    0x08004244   0x08004244   0x0000012c   Code   RO         1076    i.HAL_RCC_ClockConfig  stm32f1xx_hal_rcc.o
    0x08004370   0x08004370   0x00000020   Code   RO         1083    i.HAL_RCC_GetPCLK1Freq  stm32f1xx_hal_rcc.o
    0x08004390   0x08004390   0x00000020   Code   RO         1084    i.HAL_RCC_GetPCLK2Freq  stm32f1xx_hal_rcc.o
    0x080043b0   0x080043b0   0x0000004c   Code   RO         1085    i.HAL_RCC_GetSysClockFreq  stm32f1xx_hal_rcc.o
    0x080043fc   0x080043fc   0x00000320   Code   RO         1088    i.HAL_RCC_OscConfig  stm32f1xx_hal_rcc.o
    0x0800471c   0x0800471c   0x00000028   Code   RO         1389    i.HAL_SYSTICK_Config  stm32f1xx_hal_cortex.o
    0x08004744   0x08004744   0x00000054   Code   RO         2587    i.HAL_TIMEx_ConfigBreakDeadTime  stm32f1xx_hal_tim_ex.o
    0x08004798   0x08004798   0x00000068   Code   RO         2603    i.HAL_TIMEx_MasterConfigSynchronization  stm32f1xx_hal_tim_ex.o
    0x08004800   0x08004800   0x000000a4   Code   RO         1901    i.HAL_TIM_Encoder_Init  stm32f1xx_hal_tim.o
    0x080048a4   0x080048a4   0x00000050   Code   RO          357    i.HAL_TIM_Encoder_MspInit  tim.o
    0x080048f4   0x080048f4   0x0000008e   Code   RO         1904    i.HAL_TIM_Encoder_Start  stm32f1xx_hal_tim.o
    0x08004982   0x08004982   0x00000002   PAD
    0x08004984   0x08004984   0x0000004c   Code   RO          358    i.HAL_TIM_MspPostInit  tim.o
    0x080049d0   0x080049d0   0x000000cc   Code   RO         1952    i.HAL_TIM_PWM_ConfigChannel  stm32f1xx_hal_tim.o
    0x08004a9c   0x08004a9c   0x0000005a   Code   RO         1955    i.HAL_TIM_PWM_Init  stm32f1xx_hal_tim.o
    0x08004af6   0x08004af6   0x00000002   PAD
    0x08004af8   0x08004af8   0x00000028   Code   RO          360    i.HAL_TIM_PWM_MspInit  tim.o
    0x08004b20   0x08004b20   0x0000009c   Code   RO         1960    i.HAL_TIM_PWM_Start  stm32f1xx_hal_tim.o
    0x08004bbc   0x08004bbc   0x00000064   Code   RO         2881    i.HAL_UART_Init     stm32f1xx_hal_uart.o
    0x08004c20   0x08004c20   0x00000070   Code   RO          427    i.HAL_UART_MspInit  usart.o
    0x08004c90   0x08004c90   0x000000b0   Code   RO         2884    i.HAL_UART_Receive  stm32f1xx_hal_uart.o
    0x08004d40   0x08004d40   0x000000a0   Code   RO         2889    i.HAL_UART_Transmit  stm32f1xx_hal_uart.o
    0x08004de0   0x08004de0   0x00000002   Code   RO          504    i.HardFault_Handler  stm32f1xx_it.o
    0x08004de2   0x08004de2   0x00000002   PAD
    0x08004de4   0x08004de4   0x000000dc   Code   RO          223    i.InputTask_function  freertos.o
    0x08004ec0   0x08004ec0   0x00000050   Code   RO          304    i.MX_ADC1_Init      adc.o
    0x08004f10   0x08004f10   0x000000a8   Code   RO          224    i.MX_FREERTOS_Init  freertos.o
    0x08004fb8   0x08004fb8   0x00000098   Code   RO          191    i.MX_GPIO_Init      gpio.o
    0x08005050   0x08005050   0x000000a0   Code   RO          361    i.MX_TIM1_Init      tim.o
    0x080050f0   0x080050f0   0x00000068   Code   RO          362    i.MX_TIM2_Init      tim.o
    0x08005158   0x08005158   0x00000038   Code   RO          428    i.MX_USART1_UART_Init  usart.o
    0x08005190   0x08005190   0x00000002   Code   RO          505    i.MemManage_Handler  stm32f1xx_it.o
    0x08005192   0x08005192   0x00000002   PAD
    0x08005194   0x08005194   0x0000019c   Code   RO          225    i.MotorTask_function  freertos.o
    0x08005330   0x08005330   0x00000002   Code   RO          506    i.NMI_Handler       stm32f1xx_it.o
    0x08005332   0x08005332   0x00000002   PAD
    0x08005334   0x08005334   0x000000c4   Code   RO          226    i.OTATask_function  freertos.o
    0x080053f8   0x080053f8   0x00000030   Code   RO          429    i.OTA_TriggerUpdate  usart.o
    0x08005428   0x08005428   0x00000010   Code   RO          192    i.Off_Led           gpio.o
    0x08005438   0x08005438   0x00000030   Code   RO          305    i.Read_ADC          adc.o
    0x08005468   0x08005468   0x00000008   Code   RO          227    i.StartDefaultTask  freertos.o
    0x08005470   0x08005470   0x00000018   Code   RO          507    i.SysTick_Handler   stm32f1xx_it.o
    0x08005488   0x08005488   0x00000068   Code   RO           14    i.SystemClock_Config  main.o
    0x080054f0   0x080054f0   0x00000010   Code   RO         3215    i.SystemInit        system_stm32f1xx.o
    0x08005500   0x08005500   0x00000078   Code   RO         1973    i.TIM_Base_SetConfig  stm32f1xx_hal_tim.o
    0x08005578   0x08005578   0x0000001a   Code   RO         1974    i.TIM_CCxChannelCmd  stm32f1xx_hal_tim.o
    0x08005592   0x08005592   0x00000002   PAD
    0x08005594   0x08005594   0x00000050   Code   RO         1986    i.TIM_OC1_SetConfig  stm32f1xx_hal_tim.o
    0x080055e4   0x080055e4   0x00000058   Code   RO         1987    i.TIM_OC2_SetConfig  stm32f1xx_hal_tim.o
    0x0800563c   0x0800563c   0x00000058   Code   RO         1988    i.TIM_OC3_SetConfig  stm32f1xx_hal_tim.o
    0x08005694   0x08005694   0x00000044   Code   RO         1989    i.TIM_OC4_SetConfig  stm32f1xx_hal_tim.o
    0x080056d8   0x080056d8   0x0000004e   Code   RO         2904    i.UART_EndRxTransfer  stm32f1xx_hal_uart.o
    0x08005726   0x08005726   0x00000002   PAD
    0x08005728   0x08005728   0x000000b8   Code   RO         2907    i.UART_SetConfig    stm32f1xx_hal_uart.o
    0x080057e0   0x080057e0   0x00000072   Code   RO         2910    i.UART_WaitOnFlagUntilTimeout  stm32f1xx_hal_uart.o
    0x08005852   0x08005852   0x00000002   Code   RO          508    i.UsageFault_Handler  stm32f1xx_it.o
    0x08005854   0x08005854   0x00000020   Code   RO         1391    i.__NVIC_SetPriority  stm32f1xx_hal_cortex.o
    0x08005874   0x08005874   0x0000000e   Code   RO         5027    i._is_digit         c_w.l(__printf_wp.o)
    0x08005882   0x08005882   0x0000002e   Code   RO           15    i.main              main.o
    0x080058b0   0x080058b0   0x0000001a   Code   RO         4363    i.osDelay           cmsis_os2.o
    0x080058ca   0x080058ca   0x0000002c   Code   RO         4368    i.osEventFlagsNew   cmsis_os2.o
    0x080058f6   0x080058f6   0x00000002   PAD
    0x080058f8   0x080058f8   0x00000024   Code   RO         4377    i.osKernelInitialize  cmsis_os2.o
    0x0800591c   0x0800591c   0x00000038   Code   RO         4380    i.osKernelStart     cmsis_os2.o
    0x08005954   0x08005954   0x00000064   Code   RO         4392    i.osMessageQueueGet  cmsis_os2.o
    0x080059b8   0x080059b8   0x00000058   Code   RO         4397    i.osMessageQueueNew  cmsis_os2.o
    0x08005a10   0x08005a10   0x00000068   Code   RO         4398    i.osMessageQueuePut  cmsis_os2.o
    0x08005a78   0x08005a78   0x00000052   Code   RO         4400    i.osMutexAcquire    cmsis_os2.o
    0x08005aca   0x08005aca   0x00000068   Code   RO         4403    i.osMutexNew        cmsis_os2.o
    0x08005b32   0x08005b32   0x00000042   Code   RO         4404    i.osMutexRelease    cmsis_os2.o
    0x08005b74   0x08005b74   0x00000098   Code   RO         4408    i.osSemaphoreNew    cmsis_os2.o
    0x08005c0c   0x08005c0c   0x0000008a   Code   RO         4422    i.osThreadNew       cmsis_os2.o
    0x08005c96   0x08005c96   0x00000002   PAD
    0x08005c98   0x08005c98   0x0000005c   Code   RO         3823    i.prvAddCurrentTaskToDelayedList  tasks.o
    0x08005cf4   0x08005cf4   0x000000d0   Code   RO         3824    i.prvAddNewTaskToReadyList  tasks.o
    0x08005dc4   0x08005dc4   0x00000058   Code   RO         4188    i.prvCheckForValidListAndQueue  timers.o
    0x08005e1c   0x08005e1c   0x00000026   Code   RO         3420    i.prvCopyDataFromQueue  queue.o
    0x08005e42   0x08005e42   0x0000006c   Code   RO         3421    i.prvCopyDataToQueue  queue.o
    0x08005eae   0x08005eae   0x00000034   Code   RO         3825    i.prvDeleteTCB      tasks.o
    0x08005ee2   0x08005ee2   0x00000002   PAD
    0x08005ee4   0x08005ee4   0x0000004c   Code   RO         4869    i.prvHeapInit       heap_4.o
    0x08005f30   0x08005f30   0x00000060   Code   RO         3826    i.prvIdleTask       tasks.o
    0x08005f90   0x08005f90   0x00000016   Code   RO         3422    i.prvInitialiseMutex  queue.o
    0x08005fa6   0x08005fa6   0x00000002   PAD
    0x08005fa8   0x08005fa8   0x00000022   Code   RO         3423    i.prvInitialiseNewQueue  queue.o
    0x08005fca   0x08005fca   0x00000002   PAD
    0x08005fcc   0x08005fcc   0x000000b0   Code   RO         3827    i.prvInitialiseNewTask  tasks.o
    0x0800607c   0x0800607c   0x0000004c   Code   RO         4870    i.prvInsertBlockIntoFreeList  heap_4.o
    0x080060c8   0x080060c8   0x00000038   Code   RO         4190    i.prvInsertTimerInActiveList  timers.o
    0x08006100   0x08006100   0x0000001c   Code   RO         3424    i.prvIsQueueEmpty   queue.o
    0x0800611c   0x0800611c   0x000000fc   Code   RO         4191    i.prvProcessReceivedCommands  timers.o
    0x08006218   0x08006218   0x000000c0   Code   RO         4192    i.prvProcessTimerOrBlockTask  timers.o
    0x080062d8   0x080062d8   0x00000020   Code   RO         3829    i.prvResetNextTaskUnblockTime  tasks.o
    0x080062f8   0x080062f8   0x00000028   Code   RO         4193    i.prvSampleTimeNow  timers.o
    0x08006320   0x08006320   0x0000006c   Code   RO         4194    i.prvSwitchTimerLists  timers.o
    0x0800638c   0x0800638c   0x00000028   Code   RO         4925    i.prvTaskExitError  port.o
    0x080063b4   0x080063b4   0x00000024   Code   RO         4195    i.prvTimerTask      timers.o
    0x080063d8   0x080063d8   0x0000006a   Code   RO         3425    i.prvUnlockQueue    queue.o
    0x08006442   0x08006442   0x00000002   PAD
    0x08006444   0x08006444   0x000000dc   Code   RO         4871    i.pvPortMalloc      heap_4.o
    0x08006520   0x08006520   0x00000018   Code   RO         3832    i.pvTaskIncrementMutexHeldCount  tasks.o
    0x08006538   0x08006538   0x00000024   Code   RO         4926    i.pxPortInitialiseStack  port.o
    0x0800655c   0x0800655c   0x00000026   Code   RO         3380    i.uxListRemove      list.o
    0x08006582   0x08006582   0x00000002   PAD
    0x08006584   0x08006584   0x00000014   Code   RO         4434    i.vApplicationGetIdleTaskMemory  cmsis_os2.o
    0x08006598   0x08006598   0x00000018   Code   RO         4435    i.vApplicationGetTimerTaskMemory  cmsis_os2.o
    0x080065b0   0x080065b0   0x00000016   Code   RO         3381    i.vListInitialise   list.o
    0x080065c6   0x080065c6   0x00000006   Code   RO         3382    i.vListInitialiseItem  list.o
    0x080065cc   0x080065cc   0x00000030   Code   RO         3383    i.vListInsert       list.o
    0x080065fc   0x080065fc   0x00000018   Code   RO         3384    i.vListInsertEnd    list.o
    0x08006614   0x08006614   0x00000040   Code   RO         4928    i.vPortEnterCritical  port.o
    0x08006654   0x08006654   0x00000028   Code   RO         4929    i.vPortExitCritical  port.o
    0x0800667c   0x0800667c   0x00000064   Code   RO         4872    i.vPortFree         heap_4.o
    0x080066e0   0x080066e0   0x00000024   Code   RO         4930    i.vPortSetupTimerInterrupt  port.o
    0x08006704   0x08006704   0x00000054   Code   RO         4931    i.vPortValidateInterruptPriority  port.o
    0x08006758   0x08006758   0x00000028   Code   RO         3431    i.vQueueAddToRegistry  queue.o
    0x08006780   0x08006780   0x0000002e   Code   RO         3432    i.vQueueDelete      queue.o
    0x080067ae   0x080067ae   0x00000002   PAD
    0x080067b0   0x080067b0   0x00000028   Code   RO         3434    i.vQueueUnregisterQueue  queue.o
    0x080067d8   0x080067d8   0x00000044   Code   RO         3435    i.vQueueWaitForMessageRestricted  queue.o
    0x0800681c   0x0800681c   0x0000004c   Code   RO         3842    i.vTaskDelay        tasks.o
    0x08006868   0x08006868   0x00000010   Code   RO         3847    i.vTaskInternalSetTimeOutState  tasks.o
    0x08006878   0x08006878   0x0000000c   Code   RO         3848    i.vTaskMissedYield  tasks.o
    0x08006884   0x08006884   0x00000030   Code   RO         3850    i.vTaskPlaceOnEventList  tasks.o
    0x080068b4   0x080068b4   0x00000038   Code   RO         3851    i.vTaskPlaceOnEventListRestricted  tasks.o
    0x080068ec   0x080068ec   0x00000090   Code   RO         3853    i.vTaskPriorityDisinheritAfterTimeout  tasks.o
    0x0800697c   0x0800697c   0x00000088   Code   RO         3859    i.vTaskStartScheduler  tasks.o
    0x08006a04   0x08006a04   0x00000010   Code   RO         3861    i.vTaskSuspendAll   tasks.o
    0x08006a14   0x08006a14   0x00000064   Code   RO         3862    i.vTaskSwitchContext  tasks.o
    0x08006a78   0x08006a78   0x0000001c   Code   RO         3266    i.xEventGroupCreate  event_groups.o
    0x08006a94   0x08006a94   0x0000002c   Code   RO         3267    i.xEventGroupCreateStatic  event_groups.o
    0x08006ac0   0x08006ac0   0x000000a8   Code   RO         4932    i.xPortStartScheduler  port.o
    0x08006b68   0x08006b68   0x0000002c   Code   RO         4933    i.xPortSysTickHandler  port.o
    0x08006b94   0x08006b94   0x0000003a   Code   RO         3436    i.xQueueCreateCountingSemaphore  queue.o
    0x08006bce   0x08006bce   0x00000040   Code   RO         3437    i.xQueueCreateCountingSemaphoreStatic  queue.o
    0x08006c0e   0x08006c0e   0x00000016   Code   RO         3438    i.xQueueCreateMutex  queue.o
    0x08006c24   0x08006c24   0x0000001a   Code   RO         3439    i.xQueueCreateMutexStatic  queue.o
    0x08006c3e   0x08006c3e   0x00000042   Code   RO         3440    i.xQueueGenericCreate  queue.o
    0x08006c80   0x08006c80   0x00000066   Code   RO         3441    i.xQueueGenericCreateStatic  queue.o
    0x08006ce6   0x08006ce6   0x00000002   PAD
    0x08006ce8   0x08006ce8   0x00000088   Code   RO         3442    i.xQueueGenericReset  queue.o
    0x08006d70   0x08006d70   0x00000160   Code   RO         3443    i.xQueueGenericSend  queue.o
    0x08006ed0   0x08006ed0   0x000000be   Code   RO         3444    i.xQueueGenericSendFromISR  queue.o
    0x08006f8e   0x08006f8e   0x0000003e   Code   RO         3448    i.xQueueGiveMutexRecursive  queue.o
    0x08006fcc   0x08006fcc   0x00000138   Code   RO         3453    i.xQueueReceive     queue.o
    0x08007104   0x08007104   0x0000009a   Code   RO         3454    i.xQueueReceiveFromISR  queue.o
    0x0800719e   0x0800719e   0x00000002   PAD
    0x080071a0   0x080071a0   0x00000178   Code   RO         3455    i.xQueueSemaphoreTake  queue.o
    0x08007318   0x08007318   0x00000040   Code   RO         3456    i.xQueueTakeMutexRecursive  queue.o
    0x08007358   0x08007358   0x00000074   Code   RO         3864    i.xTaskCheckForTimeOut  tasks.o
    0x080073cc   0x080073cc   0x0000005a   Code   RO         3865    i.xTaskCreate       tasks.o
    0x08007426   0x08007426   0x00000056   Code   RO         3866    i.xTaskCreateStatic  tasks.o
    0x0800747c   0x0800747c   0x0000000c   Code   RO         3869    i.xTaskGetCurrentTaskHandle  tasks.o
    0x08007488   0x08007488   0x0000001c   Code   RO         3870    i.xTaskGetSchedulerState  tasks.o
    0x080074a4   0x080074a4   0x0000000c   Code   RO         3871    i.xTaskGetTickCount  tasks.o
    0x080074b0   0x080074b0   0x000000c8   Code   RO         3873    i.xTaskIncrementTick  tasks.o
    0x08007578   0x08007578   0x00000080   Code   RO         3876    i.xTaskPriorityDisinherit  tasks.o
    0x080075f8   0x080075f8   0x00000078   Code   RO         3877    i.xTaskPriorityInherit  tasks.o
    0x08007670   0x08007670   0x00000070   Code   RO         3878    i.xTaskRemoveFromEventList  tasks.o
    0x080076e0   0x080076e0   0x000000c4   Code   RO         3879    i.xTaskResumeAll    tasks.o
    0x080077a4   0x080077a4   0x00000060   Code   RO         4204    i.xTimerCreateTimerTask  timers.o
    0x08007804   0x08007804   0x00000068   Code   RO         4205    i.xTimerGenericCommand  timers.o
    0x0800786c   0x0800786c   0x000000c4   Code   RO         5057    x$fpl$fadd          fz_ws.l(faddsub_clz.o)
    0x08007930   0x08007930   0x00000184   Code   RO         5064    x$fpl$fdiv          fz_ws.l(fdiv.o)
    0x08007ab4   0x08007ab4   0x00000036   Code   RO         5067    x$fpl$ffix          fz_ws.l(ffix.o)
    0x08007aea   0x08007aea   0x00000002   PAD
    0x08007aec   0x08007aec   0x0000003e   Code   RO         5071    x$fpl$ffixu         fz_ws.l(ffixu.o)
    0x08007b2a   0x08007b2a   0x00000002   PAD
    0x08007b2c   0x08007b2c   0x00000030   Code   RO         5076    x$fpl$fflt          fz_ws.l(fflt_clz.o)
    0x08007b5c   0x08007b5c   0x00000026   Code   RO         5075    x$fpl$ffltu         fz_ws.l(fflt_clz.o)
    0x08007b82   0x08007b82   0x00000002   PAD
    0x08007b84   0x08007b84   0x00000102   Code   RO         5081    x$fpl$fmul          fz_ws.l(fmul.o)
    0x08007c86   0x08007c86   0x0000008c   Code   RO         5099    x$fpl$fnaninf       fz_ws.l(fnaninf.o)
    0x08007d12   0x08007d12   0x0000000a   Code   RO         5101    x$fpl$fretinf       fz_ws.l(fretinf.o)
    0x08007d1c   0x08007d1c   0x00000014   Code   RO         5058    x$fpl$frsb          fz_ws.l(faddsub_clz.o)
    0x08007d30   0x08007d30   0x000000ea   Code   RO         5059    x$fpl$fsub          fz_ws.l(faddsub_clz.o)
    0x08007e1a   0x08007e1a   0x00000000   Code   RO         5103    x$fpl$usenofp       fz_ws.l(usenofp.o)
    0x08007e1a   0x08007e1a   0x00000002   PAD
    0x08007e1c   0x08007e1c   0x00000120   Data   RO          229    .constdata          freertos.o
    0x08007f3c   0x08007f3c   0x00000012   Data   RO         1089    .constdata          stm32f1xx_hal_rcc.o
    0x08007f4e   0x08007f4e   0x00000012   Data   RO         1181    .constdata          stm32f1xx_hal_rcc_ex.o
    0x08007f60   0x08007f60   0x00000010   Data   RO         3216    .constdata          system_stm32f1xx.o
    0x08007f70   0x08007f70   0x00000008   Data   RO         3217    .constdata          system_stm32f1xx.o
    0x08007f78   0x08007f78   0x00000011   Data   RO         5030    .constdata          c_w.l(__printf_flags_wp.o)
    0x08007f89   0x08007f89   0x00000003   PAD
    0x08007f8c   0x08007f8c   0x00000081   Data   RO          230    .conststring        freertos.o
    0x0800800d   0x0800800d   0x00000003   PAD
    0x08008010   0x08008010   0x00000020   Data   RO         5258    Region$$Table       anon$$obj.o


    Execution Region RW_IRAM1 (Exec base: 0x20000000, Load base: 0x08008030, Size: 0x00003520, Max: 0x00005000, ABSOLUTE)

    Exec Addr    Load Addr    Size         Type   Attr      Idx    E Section Name        Object

    0x20000000   0x08008030   0x00000034   Data   RW          232    .data               freertos.o
    0x20000034   0x08008064   0x00000004   Data   RW          307    .data               adc.o
    0x20000038   0x08008068   0x00000001   Data   RW          431    .data               usart.o
    0x20000039   0x08008069   0x00000003   PAD
    0x2000003c   0x0800806c   0x0000000c   Data   RW          926    .data               stm32f1xx_hal.o
    0x20000048   0x08008078   0x00000004   Data   RW         3218    .data               system_stm32f1xx.o
    0x2000004c   0x0800807c   0x0000003c   Data   RW         3882    .data               tasks.o
    0x20000088   0x080080b8   0x00000014   Data   RW         4213    .data               timers.o
    0x2000009c   0x080080cc   0x00000004   Data   RW         4437    .data               cmsis_os2.o
    0x200000a0   0x080080d0   0x00000020   Data   RW         4878    .data               heap_4.o
    0x200000c0   0x080080f0   0x0000000c   Data   RW         4934    .data               port.o
    0x200000cc        -       0x00000014   Zero   RW          228    .bss                freertos.o
    0x200000e0        -       0x00000030   Zero   RW          306    .bss                adc.o
    0x20000110        -       0x00000090   Zero   RW          363    .bss                tim.o
    0x200001a0        -       0x00000048   Zero   RW          430    .bss                usart.o
    0x200001e8        -       0x00000040   Zero   RW         3457    .bss                queue.o
    0x20000228        -       0x000004c4   Zero   RW         3881    .bss                tasks.o
    0x200006ec        -       0x00000118   Zero   RW         4212    .bss                timers.o
    0x20000804        -       0x000006b8   Zero   RW         4436    .bss                cmsis_os2.o
    0x20000ebc        -       0x00002000   Zero   RW         4877    .bss                heap_4.o
    0x20002ebc        -       0x00000060   Zero   RW         5132    .bss                c_w.l(libspace.o)
    0x20002f1c   0x080080fc   0x00000004   PAD
    0x20002f20        -       0x00000200   Zero   RW            2    HEAP                startup_stm32f103xb.o
    0x20003120        -       0x00000400   Zero   RW            1    STACK               startup_stm32f103xb.o


==============================================================================

Image component sizes


      Code (inc. data)   RO Data    RW Data    ZI Data      Debug   Object Name

       228         38          0          4         48       2577   adc.o
      1040         30          0          4       1720      66467   cmsis_os2.o
        72          0          0          0          0      22698   event_groups.o
      1712        250        417         52         20       8107   freertos.o
       168         20          0          0          0       1309   gpio.o
       472         24          0         32       8192       4787   heap_4.o
       138          0          0          0          0       3414   list.o
       154          0          0          0          0     459764   main.o
       662         70          0         12          0      10781   port.o
      2514         28          0          0         64      28148   queue.o
        64         26        236          0       1536        816   startup_stm32f103xb.o
       128         24          0         12          0       5325   stm32f1xx_hal.o
      1312         54          0          0          0       7263   stm32f1xx_hal_adc.o
       216          6          0          0          0       1438   stm32f1xx_hal_adc_ex.o
       172         14          0          0          0      28298   stm32f1xx_hal_cortex.o
       500         34          0          0          0       3535   stm32f1xx_hal_gpio.o
        72         10          0          0          0        878   stm32f1xx_hal_msp.o
      1240         84         18          0          0       5136   stm32f1xx_hal_rcc.o
       400         28         18          0          0       2477   stm32f1xx_hal_rcc_ex.o
      1226         44          0          0          0       9893   stm32f1xx_hal_tim.o
       188         12          0          0          0       2156   stm32f1xx_hal_tim_ex.o
       812          6          0          0          0       5771   stm32f1xx_hal_uart.o
        36          0          0          0          0       3115   stm32f1xx_it.o
         0          0          0          0          0        392   stream_buffer.o
        16          8         24          4          0       1227   system_stm32f1xx.o
      2384        198          0         60       1220      29313   tasks.o
       460         44          0          0        144       3586   tim.o
       972         80          0         20        280      32103   timers.o
      1200        262          0          1         72      31026   usart.o

    ----------------------------------------------------------------------
     18598       1394        748        204      13296     781800   Object Totals
         0          0         32          0          0          0   (incl. Generated)
        40          0          3          3          0          0   (incl. Padding)

    ----------------------------------------------------------------------

      Code (inc. data)   RO Data    RW Data    ZI Data      Debug   Library Member Name

         8          0          0          0          0         68   __main.o
       312          4         17          0          0         92   __printf_flags_wp.o
        14          0          0          0          0         68   __printf_wp.o
         0          0          0          0          0          0   __rtentry.o
        12          0          0          0          0          0   __rtentry2.o
         6          0          0          0          0          0   __rtentry4.o
        52          8          0          0          0          0   __scatter.o
        26          0          0          0          0          0   __scatter_copy.o
        28          0          0          0          0          0   __scatter_zi.o
        44          0          0          0          0        108   _printf_char.o
        48          6          0          0          0         96   _printf_char_common.o
         6          0          0          0          0          0   _printf_d.o
       120         16          0          0          0         92   _printf_dec.o
       178          0          0          0          0         88   _printf_intcommon.o
        78          0          0          0          0        108   _printf_pad.o
         0          0          0          0          0          0   _printf_percent.o
         4          0          0          0          0          0   _printf_percent_end.o
         6          0          0          0          0          0   _printf_s.o
        82          0          0          0          0         80   _printf_str.o
         6          0          0          0          0          0   _printf_u.o
        16          0          0          0          0         68   _snputc.o
        10          0          0          0          0         68   _sputc.o
        16          0          0          0          0         68   aeabi_memset.o
        18          0          0          0          0         80   exit.o
         6          0          0          0          0        152   heapauxi.o
         0          0          0          0          0          0   indicate_semi.o
         2          0          0          0          0          0   libinit.o
         2          0          0          0          0          0   libinit2.o
         2          0          0          0          0          0   libshutdown.o
         2          0          0          0          0          0   libshutdown2.o
         8          4          0          0         96         68   libspace.o
        52          4          0          0          0         84   noretval__2snprintf.o
        68          0          0          0          0         68   rt_memclr.o
        78          0          0          0          0         80   rt_memclr_w.o
       138          0          0          0          0         68   rt_memcpy_v6.o
       100          0          0          0          0         80   rt_memcpy_w.o
         2          0          0          0          0          0   rtexit.o
        10          0          0          0          0          0   rtexit2.o
        62          0          0          0          0         76   strlen.o
        36          0          0          0          0         80   strstr.o
        12          4          0          0          0         68   sys_exit.o
        74          0          0          0          0         80   sys_stackheap_outer.o
         2          0          0          0          0         68   use_no_semi.o
       450          8          0          0          0        236   faddsub_clz.o
       388         76          0          0          0         96   fdiv.o
        54          4          0          0          0         84   ffix.o
        62          4          0          0          0         84   ffixu.o
        86          0          0          0          0        136   fflt_clz.o
       258          4          0          0          0         84   fmul.o
       140          4          0          0          0         84   fnaninf.o
        10          0          0          0          0         68   fretinf.o
         0          0          0          0          0          0   usenofp.o

    ----------------------------------------------------------------------
      3210        146         20          0        100       2928   Library Totals
        16          0          3          0          4          0   (incl. Padding)

    ----------------------------------------------------------------------

      Code (inc. data)   RO Data    RW Data    ZI Data      Debug   Library Name

      1746         46         17          0         96       2056   c_w.l
      1448        100          0          0          0        872   fz_ws.l

    ----------------------------------------------------------------------
      3210        146         20          0        100       2928   Library Totals

    ----------------------------------------------------------------------

==============================================================================


      Code (inc. data)   RO Data    RW Data    ZI Data      Debug   

     21808       1540        768        204      13396     774168   Grand Totals
     21808       1540        768        204      13396     774168   ELF Image Totals
     21808       1540        768        204          0          0   ROM Totals

==============================================================================

    Total RO  Size (Code + RO Data)                22576 (  22.05kB)
    Total RW  Size (RW Data + ZI Data)             13600 (  13.28kB)
    Total ROM Size (Code + RO Data + RW Data)      22780 (  22.25kB)

==============================================================================

